#
# There is insufficient memory for the Java Runtime Environment to continue.
# Native memory allocation (malloc) failed to allocate 136976 bytes. Error detail: Chunk::new
# Possible reasons:
#   The system is out of physical RAM or swap space
#   This process is running with CompressedOops enabled, and the Java Heap may be blocking the growth of the native heap
# Possible solutions:
#   Reduce memory load on the system
#   Increase physical memory or swap space
#   Check if swap backing store is full
#   Decrease Java heap size (-Xmx/-Xms)
#   Decrease number of Java threads
#   Decrease Java thread stack sizes (-Xss)
#   Set larger code cache with -XX:ReservedCodeCacheSize=
#   JVM is running with Unscaled Compressed Oops mode in which the Java heap is
#     placed in the first 4GB address space. The Java Heap base address is the
#     maximum limit for the native heap growth. Please use -XX:HeapBaseMinAddress
#     to set the Java Heap base and to place the Java Heap above 4GB virtual address.
# This output file may be truncated or incomplete.
#
#  Out of Memory Error (arena.cpp:168), pid=15976, tid=13024
#
# JRE version: OpenJDK Runtime Environment Temurin-21.0.8+9 (21.0.8+9) (build 21.0.8+9-LTS)
# Java VM: OpenJDK 64-Bit Server VM Temurin-21.0.8+9 (21.0.8+9-LTS, mixed mode, sharing, tiered, compressed oops, compressed class ptrs, g1 gc, windows-amd64)
# No core dump will be written. Minidumps are not enabled by default on client versions of Windows
#

---------------  S U M M A R Y ------------

Command Line: -ea -XX:+ShowCodeDetailsInExceptionMessages -Dfile.encoding=UTF-8 org.eclipse.jdt.internal.junit.runner.RemoteTestRunner -version 3 -port 62408 -testLoaderClass org.eclipse.jdt.internal.junit5.runner.JUnit5TestLoader -loaderpluginname org.eclipse.jdt.junit5.runtime -testNameFile C:\Users\ASUS\AppData\Local\Temp\testNames8963841336331507905.txt

Host: AMD Ryzen 3 3250U with Radeon Graphics         , 4 cores, 5G,  Windows 11 , 64 bit Build 22621 (10.0.22621.5415)
Time: Tue Sep 16 00:38:17 2025 Sri Lanka Standard Time elapsed time: 6.852367 seconds (0d 0h 0m 6s)

---------------  T H R E A D  ---------------

Current thread (0x0000026fbdc59210):  JavaThread "C2 CompilerThread0" daemon [_thread_in_native, id=13024, stack(0x000000dbdda00000,0x000000dbddb00000) (1024K)]


Current CompileTask:
C2:6852 1560 %     4       sun.security.provider.SHA::implCompress0 @ 27 (478 bytes)

Stack: [0x000000dbdda00000,0x000000dbddb00000]
Native frames: (J=compiled Java code, j=interpreted, Vv=VM code, C=native code)
V  [jvm.dll+0x6d2449]
V  [jvm.dll+0x8ae341]
V  [jvm.dll+0x8b08be]
V  [jvm.dll+0x8b0fa3]
V  [jvm.dll+0x280c96]
V  [jvm.dll+0xc581d]
V  [jvm.dll+0xc5d53]
V  [jvm.dll+0x2f539d]
V  [jvm.dll+0x5fa00a]
V  [jvm.dll+0x252092]
V  [jvm.dll+0x24ab3f]
V  [jvm.dll+0x2483a4]
V  [jvm.dll+0x1c89ee]
V  [jvm.dll+0x257d4d]
V  [jvm.dll+0x2562ea]
V  [jvm.dll+0x3f2d16]
V  [jvm.dll+0x857e6b]
V  [jvm.dll+0x6d0b0d]
C  [ucrtbase.dll+0x29333]
C  [KERNEL32.DLL+0x1259d]
C  [ntdll.dll+0x5af78]


---------------  P R O C E S S  ---------------

Threads class SMR info:
_java_thread_list=0x0000026fff6684d0, length=12, elements={
0x0000026fa001e650, 0x0000026fbdc4d200, 0x0000026fbdc4e2c0, 0x0000026fbdc52590,
0x0000026fbdc54430, 0x0000026fbdc57a40, 0x0000026fbdc58490, 0x0000026fbdc59210,
0x0000026fbdc5a8a0, 0x0000026fff0c3470, 0x0000026fff0ce2d0, 0x0000026fff65b790
}

Java Threads: ( => current thread )
  0x0000026fa001e650 JavaThread "main"                              [_thread_in_native, id=14592, stack(0x000000dbdcc00000,0x000000dbdcd00000) (1024K)]
  0x0000026fbdc4d200 JavaThread "Reference Handler"          daemon [_thread_blocked, id=4772, stack(0x000000dbdd400000,0x000000dbdd500000) (1024K)]
  0x0000026fbdc4e2c0 JavaThread "Finalizer"                  daemon [_thread_blocked, id=10740, stack(0x000000dbdd500000,0x000000dbdd600000) (1024K)]
  0x0000026fbdc52590 JavaThread "Signal Dispatcher"          daemon [_thread_blocked, id=232, stack(0x000000dbdd600000,0x000000dbdd700000) (1024K)]
  0x0000026fbdc54430 JavaThread "Attach Listener"            daemon [_thread_blocked, id=15344, stack(0x000000dbdd700000,0x000000dbdd800000) (1024K)]
  0x0000026fbdc57a40 JavaThread "Service Thread"             daemon [_thread_blocked, id=9552, stack(0x000000dbdd800000,0x000000dbdd900000) (1024K)]
  0x0000026fbdc58490 JavaThread "Monitor Deflation Thread"   daemon [_thread_blocked, id=17020, stack(0x000000dbdd900000,0x000000dbdda00000) (1024K)]
=>0x0000026fbdc59210 JavaThread "C2 CompilerThread0"         daemon [_thread_in_native, id=13024, stack(0x000000dbdda00000,0x000000dbddb00000) (1024K)]
  0x0000026fbdc5a8a0 JavaThread "C1 CompilerThread0"         daemon [_thread_blocked, id=17164, stack(0x000000dbddb00000,0x000000dbddc00000) (1024K)]
  0x0000026fff0c3470 JavaThread "Notification Thread"        daemon [_thread_blocked, id=8880, stack(0x000000dbddc00000,0x000000dbddd00000) (1024K)]
  0x0000026fff0ce2d0 JavaThread "Common-Cleaner"             daemon [_thread_blocked, id=11604, stack(0x000000dbddd00000,0x000000dbdde00000) (1024K)]
  0x0000026fff65b790 JavaThread "ReaderThread"                      [_thread_in_native, id=6676, stack(0x000000dbdde00000,0x000000dbddf00000) (1024K)]
Total: 12

Other Threads:
  0x0000026fbdc34930 VMThread "VM Thread"                           [id=6620, stack(0x000000dbdd300000,0x000000dbdd400000) (1024K)]
  0x0000026fbdc211b0 WatcherThread "VM Periodic Task Thread"        [id=15512, stack(0x000000dbdd200000,0x000000dbdd300000) (1024K)]
  0x0000026fa2331080 WorkerThread "GC Thread#0"                     [id=1612, stack(0x000000dbdcd00000,0x000000dbdce00000) (1024K)]
  0x0000026fff6e7f30 WorkerThread "GC Thread#1"                     [id=9408, stack(0x000000dbddf00000,0x000000dbde000000) (1024K)]
  0x0000026fff6fc3e0 WorkerThread "GC Thread#2"                     [id=13732, stack(0x000000dbde000000,0x000000dbde100000) (1024K)]
  0x0000026fff702350 WorkerThread "GC Thread#3"                     [id=17184, stack(0x000000dbde100000,0x000000dbde200000) (1024K)]
  0x0000026fa233dee0 ConcurrentGCThread "G1 Main Marker"            [id=4688, stack(0x000000dbdce00000,0x000000dbdcf00000) (1024K)]
  0x0000026fa233e9e0 WorkerThread "G1 Conc#0"                       [id=16196, stack(0x000000dbdcf00000,0x000000dbdd000000) (1024K)]
  0x0000026fa239dd30 ConcurrentGCThread "G1 Refine#0"               [id=8352, stack(0x000000dbdd000000,0x000000dbdd100000) (1024K)]
  0x0000026fa239e8a0 ConcurrentGCThread "G1 Service"                [id=17232, stack(0x000000dbdd100000,0x000000dbdd200000) (1024K)]
Total: 10

Threads with active compile tasks:
C2 CompilerThread0  7110 1560 %     4       sun.security.provider.SHA::implCompress0 @ 27 (478 bytes)
Total: 1

VM state: not at safepoint (normal execution)

VM Mutex/Monitor currently owned by a thread: None

Heap address: 0x00000000a0c00000, size: 1524 MB, Compressed Oops mode: 32-bit

CDS archive(s) mapped at: [0x0000026fbe000000-0x0000026fbec80000-0x0000026fbec80000), size 13107200, SharedBaseAddress: 0x0000026fbe000000, ArchiveRelocationMode: 1.
Compressed class space mapped at: 0x0000026fbf000000-0x0000026fff000000, reserved size: 1073741824
Narrow klass base: 0x0000026fbe000000, Narrow klass shift: 0, Narrow klass range: 0x100000000

GC Precious Log:
 CardTable entry size: 512
 Card Set container configuration: InlinePtr #cards 5 size 8 Array Of Cards #cards 12 size 40 Howl #buckets 4 coarsen threshold 1843 Howl Bitmap #cards 512 size 80 coarsen threshold 460 Card regions per heap region 1 cards per card region 2048
 CPUs: 4 total, 4 available
 Memory: 6094M
 Large Page Support: Disabled
 NUMA Support: Disabled
 Compressed Oops: Enabled (32-bit)
 Heap Region Size: 1M
 Heap Min Capacity: 8M
 Heap Initial Capacity: 96M
 Heap Max Capacity: 1524M
 Pre-touch: Disabled
 Parallel Workers: 4
 Concurrent Workers: 1
 Concurrent Refinement Workers: 4
 Periodic GC: Disabled

Heap:
 garbage-first heap   total 98304K, used 23326K [0x00000000a0c00000, 0x0000000100000000)
  region size 1024K, 16 young (16384K), 1 survivors (1024K)
 Metaspace       used 10639K, committed 10880K, reserved 1114112K
  class space    used 1279K, committed 1408K, reserved 1048576K

Heap Regions: E=young(eden), S=young(survivor), O=old, HS=humongous(starts), HC=humongous(continues), CS=collection set, F=free, TAMS=top-at-mark-start, PB=parsable bottom
|   0|0x00000000a0c00000, 0x00000000a0d00000, 0x00000000a0d00000|100%|HS|  |TAMS 0x00000000a0c00000| PB 0x00000000a0c00000| Complete 
|   1|0x00000000a0d00000, 0x00000000a0e00000, 0x00000000a0e00000|100%|HS|  |TAMS 0x00000000a0d00000| PB 0x00000000a0d00000| Complete 
|   2|0x00000000a0e00000, 0x00000000a0f00000, 0x00000000a0f00000|100%|HC|  |TAMS 0x00000000a0e00000| PB 0x00000000a0e00000| Complete 
|   3|0x00000000a0f00000, 0x00000000a1000000, 0x00000000a1000000|100%| O|  |TAMS 0x00000000a0f00000| PB 0x00000000a0f00000| Untracked 
|   4|0x00000000a1000000, 0x00000000a1100000, 0x00000000a1100000|100%| O|  |TAMS 0x00000000a1000000| PB 0x00000000a1000000| Untracked 
|   5|0x00000000a1100000, 0x00000000a1200000, 0x00000000a1200000|100%| O|  |TAMS 0x00000000a1100000| PB 0x00000000a1100000| Untracked 
|   6|0x00000000a1200000, 0x00000000a1300000, 0x00000000a1300000|100%| O|  |TAMS 0x00000000a1200000| PB 0x00000000a1200000| Untracked 
|   7|0x00000000a1300000, 0x00000000a1400000, 0x00000000a1400000|100%| O|  |TAMS 0x00000000a1300000| PB 0x00000000a1300000| Untracked 
|   8|0x00000000a1400000, 0x00000000a14f4d60, 0x00000000a1500000| 95%| O|  |TAMS 0x00000000a1400000| PB 0x00000000a1400000| Untracked 
|   9|0x00000000a1500000, 0x00000000a1500000, 0x00000000a1600000|  0%| F|  |TAMS 0x00000000a1500000| PB 0x00000000a1500000| Untracked 
|  10|0x00000000a1600000, 0x00000000a1600000, 0x00000000a1700000|  0%| F|  |TAMS 0x00000000a1600000| PB 0x00000000a1600000| Untracked 
|  11|0x00000000a1700000, 0x00000000a1700000, 0x00000000a1800000|  0%| F|  |TAMS 0x00000000a1700000| PB 0x00000000a1700000| Untracked 
|  12|0x00000000a1800000, 0x00000000a1800000, 0x00000000a1900000|  0%| F|  |TAMS 0x00000000a1800000| PB 0x00000000a1800000| Untracked 
|  13|0x00000000a1900000, 0x00000000a1900000, 0x00000000a1a00000|  0%| F|  |TAMS 0x00000000a1900000| PB 0x00000000a1900000| Untracked 
|  14|0x00000000a1a00000, 0x00000000a1a00000, 0x00000000a1b00000|  0%| F|  |TAMS 0x00000000a1a00000| PB 0x00000000a1a00000| Untracked 
|  15|0x00000000a1b00000, 0x00000000a1b00000, 0x00000000a1c00000|  0%| F|  |TAMS 0x00000000a1b00000| PB 0x00000000a1b00000| Untracked 
|  16|0x00000000a1c00000, 0x00000000a1c00000, 0x00000000a1d00000|  0%| F|  |TAMS 0x00000000a1c00000| PB 0x00000000a1c00000| Untracked 
|  17|0x00000000a1d00000, 0x00000000a1d00000, 0x00000000a1e00000|  0%| F|  |TAMS 0x00000000a1d00000| PB 0x00000000a1d00000| Untracked 
|  18|0x00000000a1e00000, 0x00000000a1e00000, 0x00000000a1f00000|  0%| F|  |TAMS 0x00000000a1e00000| PB 0x00000000a1e00000| Untracked 
|  19|0x00000000a1f00000, 0x00000000a1f00000, 0x00000000a2000000|  0%| F|  |TAMS 0x00000000a1f00000| PB 0x00000000a1f00000| Untracked 
|  20|0x00000000a2000000, 0x00000000a2000000, 0x00000000a2100000|  0%| F|  |TAMS 0x00000000a2000000| PB 0x00000000a2000000| Untracked 
|  21|0x00000000a2100000, 0x00000000a2100000, 0x00000000a2200000|  0%| F|  |TAMS 0x00000000a2100000| PB 0x00000000a2100000| Untracked 
|  22|0x00000000a2200000, 0x00000000a2200000, 0x00000000a2300000|  0%| F|  |TAMS 0x00000000a2200000| PB 0x00000000a2200000| Untracked 
|  23|0x00000000a2300000, 0x00000000a2300000, 0x00000000a2400000|  0%| F|  |TAMS 0x00000000a2300000| PB 0x00000000a2300000| Untracked 
|  24|0x00000000a2400000, 0x00000000a2400000, 0x00000000a2500000|  0%| F|  |TAMS 0x00000000a2400000| PB 0x00000000a2400000| Untracked 
|  25|0x00000000a2500000, 0x00000000a2500000, 0x00000000a2600000|  0%| F|  |TAMS 0x00000000a2500000| PB 0x00000000a2500000| Untracked 
|  26|0x00000000a2600000, 0x00000000a2600000, 0x00000000a2700000|  0%| F|  |TAMS 0x00000000a2600000| PB 0x00000000a2600000| Untracked 
|  27|0x00000000a2700000, 0x00000000a2700000, 0x00000000a2800000|  0%| F|  |TAMS 0x00000000a2700000| PB 0x00000000a2700000| Untracked 
|  28|0x00000000a2800000, 0x00000000a2800000, 0x00000000a2900000|  0%| F|  |TAMS 0x00000000a2800000| PB 0x00000000a2800000| Untracked 
|  29|0x00000000a2900000, 0x00000000a2900000, 0x00000000a2a00000|  0%| F|  |TAMS 0x00000000a2900000| PB 0x00000000a2900000| Untracked 
|  30|0x00000000a2a00000, 0x00000000a2a00000, 0x00000000a2b00000|  0%| F|  |TAMS 0x00000000a2a00000| PB 0x00000000a2a00000| Untracked 
|  31|0x00000000a2b00000, 0x00000000a2b00000, 0x00000000a2c00000|  0%| F|  |TAMS 0x00000000a2b00000| PB 0x00000000a2b00000| Untracked 
|  32|0x00000000a2c00000, 0x00000000a2c00000, 0x00000000a2d00000|  0%| F|  |TAMS 0x00000000a2c00000| PB 0x00000000a2c00000| Untracked 
|  33|0x00000000a2d00000, 0x00000000a2d00000, 0x00000000a2e00000|  0%| F|  |TAMS 0x00000000a2d00000| PB 0x00000000a2d00000| Untracked 
|  34|0x00000000a2e00000, 0x00000000a2e00000, 0x00000000a2f00000|  0%| F|  |TAMS 0x00000000a2e00000| PB 0x00000000a2e00000| Untracked 
|  35|0x00000000a2f00000, 0x00000000a2f00000, 0x00000000a3000000|  0%| F|  |TAMS 0x00000000a2f00000| PB 0x00000000a2f00000| Untracked 
|  36|0x00000000a3000000, 0x00000000a3000000, 0x00000000a3100000|  0%| F|  |TAMS 0x00000000a3000000| PB 0x00000000a3000000| Untracked 
|  37|0x00000000a3100000, 0x00000000a3100000, 0x00000000a3200000|  0%| F|  |TAMS 0x00000000a3100000| PB 0x00000000a3100000| Untracked 
|  38|0x00000000a3200000, 0x00000000a3200000, 0x00000000a3300000|  0%| F|  |TAMS 0x00000000a3200000| PB 0x00000000a3200000| Untracked 
|  39|0x00000000a3300000, 0x00000000a3300000, 0x00000000a3400000|  0%| F|  |TAMS 0x00000000a3300000| PB 0x00000000a3300000| Untracked 
|  40|0x00000000a3400000, 0x00000000a3400000, 0x00000000a3500000|  0%| F|  |TAMS 0x00000000a3400000| PB 0x00000000a3400000| Untracked 
|  41|0x00000000a3500000, 0x00000000a3500000, 0x00000000a3600000|  0%| F|  |TAMS 0x00000000a3500000| PB 0x00000000a3500000| Untracked 
|  42|0x00000000a3600000, 0x00000000a3600000, 0x00000000a3700000|  0%| F|  |TAMS 0x00000000a3600000| PB 0x00000000a3600000| Untracked 
|  43|0x00000000a3700000, 0x00000000a3700000, 0x00000000a3800000|  0%| F|  |TAMS 0x00000000a3700000| PB 0x00000000a3700000| Untracked 
|  44|0x00000000a3800000, 0x00000000a3800000, 0x00000000a3900000|  0%| F|  |TAMS 0x00000000a3800000| PB 0x00000000a3800000| Untracked 
|  45|0x00000000a3900000, 0x00000000a3900000, 0x00000000a3a00000|  0%| F|  |TAMS 0x00000000a3900000| PB 0x00000000a3900000| Untracked 
|  46|0x00000000a3a00000, 0x00000000a3a00000, 0x00000000a3b00000|  0%| F|  |TAMS 0x00000000a3a00000| PB 0x00000000a3a00000| Untracked 
|  47|0x00000000a3b00000, 0x00000000a3b00000, 0x00000000a3c00000|  0%| F|  |TAMS 0x00000000a3b00000| PB 0x00000000a3b00000| Untracked 
|  48|0x00000000a3c00000, 0x00000000a3c00000, 0x00000000a3d00000|  0%| F|  |TAMS 0x00000000a3c00000| PB 0x00000000a3c00000| Untracked 
|  49|0x00000000a3d00000, 0x00000000a3d00000, 0x00000000a3e00000|  0%| F|  |TAMS 0x00000000a3d00000| PB 0x00000000a3d00000| Untracked 
|  50|0x00000000a3e00000, 0x00000000a3e00000, 0x00000000a3f00000|  0%| F|  |TAMS 0x00000000a3e00000| PB 0x00000000a3e00000| Untracked 
|  51|0x00000000a3f00000, 0x00000000a3f00000, 0x00000000a4000000|  0%| F|  |TAMS 0x00000000a3f00000| PB 0x00000000a3f00000| Untracked 
|  52|0x00000000a4000000, 0x00000000a4000000, 0x00000000a4100000|  0%| F|  |TAMS 0x00000000a4000000| PB 0x00000000a4000000| Untracked 
|  53|0x00000000a4100000, 0x00000000a4100000, 0x00000000a4200000|  0%| F|  |TAMS 0x00000000a4100000| PB 0x00000000a4100000| Untracked 
|  54|0x00000000a4200000, 0x00000000a4200000, 0x00000000a4300000|  0%| F|  |TAMS 0x00000000a4200000| PB 0x00000000a4200000| Untracked 
|  55|0x00000000a4300000, 0x00000000a4300000, 0x00000000a4400000|  0%| F|  |TAMS 0x00000000a4300000| PB 0x00000000a4300000| Untracked 
|  56|0x00000000a4400000, 0x00000000a4400000, 0x00000000a4500000|  0%| F|  |TAMS 0x00000000a4400000| PB 0x00000000a4400000| Untracked 
|  57|0x00000000a4500000, 0x00000000a4500000, 0x00000000a4600000|  0%| F|  |TAMS 0x00000000a4500000| PB 0x00000000a4500000| Untracked 
|  58|0x00000000a4600000, 0x00000000a4600000, 0x00000000a4700000|  0%| F|  |TAMS 0x00000000a4600000| PB 0x00000000a4600000| Untracked 
|  59|0x00000000a4700000, 0x00000000a4700000, 0x00000000a4800000|  0%| F|  |TAMS 0x00000000a4700000| PB 0x00000000a4700000| Untracked 
|  60|0x00000000a4800000, 0x00000000a4800000, 0x00000000a4900000|  0%| F|  |TAMS 0x00000000a4800000| PB 0x00000000a4800000| Untracked 
|  61|0x00000000a4900000, 0x00000000a4900000, 0x00000000a4a00000|  0%| F|  |TAMS 0x00000000a4900000| PB 0x00000000a4900000| Untracked 
|  62|0x00000000a4a00000, 0x00000000a4a00000, 0x00000000a4b00000|  0%| F|  |TAMS 0x00000000a4a00000| PB 0x00000000a4a00000| Untracked 
|  63|0x00000000a4b00000, 0x00000000a4b00000, 0x00000000a4c00000|  0%| F|  |TAMS 0x00000000a4b00000| PB 0x00000000a4b00000| Untracked 
|  64|0x00000000a4c00000, 0x00000000a4c00000, 0x00000000a4d00000|  0%| F|  |TAMS 0x00000000a4c00000| PB 0x00000000a4c00000| Untracked 
|  65|0x00000000a4d00000, 0x00000000a4d00000, 0x00000000a4e00000|  0%| F|  |TAMS 0x00000000a4d00000| PB 0x00000000a4d00000| Untracked 
|  66|0x00000000a4e00000, 0x00000000a4e00000, 0x00000000a4f00000|  0%| F|  |TAMS 0x00000000a4e00000| PB 0x00000000a4e00000| Untracked 
|  67|0x00000000a4f00000, 0x00000000a4f00000, 0x00000000a5000000|  0%| F|  |TAMS 0x00000000a4f00000| PB 0x00000000a4f00000| Untracked 
|  68|0x00000000a5000000, 0x00000000a5000000, 0x00000000a5100000|  0%| F|  |TAMS 0x00000000a5000000| PB 0x00000000a5000000| Untracked 
|  69|0x00000000a5100000, 0x00000000a5100000, 0x00000000a5200000|  0%| F|  |TAMS 0x00000000a5100000| PB 0x00000000a5100000| Untracked 
|  70|0x00000000a5200000, 0x00000000a5200000, 0x00000000a5300000|  0%| F|  |TAMS 0x00000000a5200000| PB 0x00000000a5200000| Untracked 
|  71|0x00000000a5300000, 0x00000000a5300000, 0x00000000a5400000|  0%| F|  |TAMS 0x00000000a5300000| PB 0x00000000a5300000| Untracked 
|  72|0x00000000a5400000, 0x00000000a5400000, 0x00000000a5500000|  0%| F|  |TAMS 0x00000000a5400000| PB 0x00000000a5400000| Untracked 
|  73|0x00000000a5500000, 0x00000000a5500000, 0x00000000a5600000|  0%| F|  |TAMS 0x00000000a5500000| PB 0x00000000a5500000| Untracked 
|  74|0x00000000a5600000, 0x00000000a5600000, 0x00000000a5700000|  0%| F|  |TAMS 0x00000000a5600000| PB 0x00000000a5600000| Untracked 
|  75|0x00000000a5700000, 0x00000000a5700000, 0x00000000a5800000|  0%| F|  |TAMS 0x00000000a5700000| PB 0x00000000a5700000| Untracked 
|  76|0x00000000a5800000, 0x00000000a5800000, 0x00000000a5900000|  0%| F|  |TAMS 0x00000000a5800000| PB 0x00000000a5800000| Untracked 
|  77|0x00000000a5900000, 0x00000000a59c7368, 0x00000000a5a00000| 77%| E|  |TAMS 0x00000000a5900000| PB 0x00000000a5900000| Complete 
|  78|0x00000000a5a00000, 0x00000000a5b00000, 0x00000000a5b00000|100%| E|CS|TAMS 0x00000000a5a00000| PB 0x00000000a5a00000| Complete 
|  79|0x00000000a5b00000, 0x00000000a5c00000, 0x00000000a5c00000|100%| E|CS|TAMS 0x00000000a5b00000| PB 0x00000000a5b00000| Complete 
|  80|0x00000000a5c00000, 0x00000000a5d00000, 0x00000000a5d00000|100%| E|CS|TAMS 0x00000000a5c00000| PB 0x00000000a5c00000| Complete 
|  81|0x00000000a5d00000, 0x00000000a5e00000, 0x00000000a5e00000|100%| E|  |TAMS 0x00000000a5d00000| PB 0x00000000a5d00000| Complete 
|  82|0x00000000a5e00000, 0x00000000a5f00000, 0x00000000a5f00000|100%| E|CS|TAMS 0x00000000a5e00000| PB 0x00000000a5e00000| Complete 
|  83|0x00000000a5f00000, 0x00000000a5fd2d90, 0x00000000a6000000| 82%| S|CS|TAMS 0x00000000a5f00000| PB 0x00000000a5f00000| Complete 
|  84|0x00000000a6000000, 0x00000000a6100000, 0x00000000a6100000|100%| E|CS|TAMS 0x00000000a6000000| PB 0x00000000a6000000| Complete 
|  85|0x00000000a6100000, 0x00000000a6200000, 0x00000000a6200000|100%| E|CS|TAMS 0x00000000a6100000| PB 0x00000000a6100000| Complete 
|  86|0x00000000a6200000, 0x00000000a6300000, 0x00000000a6300000|100%| E|CS|TAMS 0x00000000a6200000| PB 0x00000000a6200000| Complete 
|  87|0x00000000a6300000, 0x00000000a6400000, 0x00000000a6400000|100%| E|CS|TAMS 0x00000000a6300000| PB 0x00000000a6300000| Complete 
|  88|0x00000000a6400000, 0x00000000a6500000, 0x00000000a6500000|100%| E|CS|TAMS 0x00000000a6400000| PB 0x00000000a6400000| Complete 
|  89|0x00000000a6500000, 0x00000000a6600000, 0x00000000a6600000|100%| E|CS|TAMS 0x00000000a6500000| PB 0x00000000a6500000| Complete 
|  90|0x00000000a6600000, 0x00000000a6700000, 0x00000000a6700000|100%| E|CS|TAMS 0x00000000a6600000| PB 0x00000000a6600000| Complete 
|  91|0x00000000a6700000, 0x00000000a6800000, 0x00000000a6800000|100%| E|CS|TAMS 0x00000000a6700000| PB 0x00000000a6700000| Complete 
|  92|0x00000000a6800000, 0x00000000a6900000, 0x00000000a6900000|100%| E|CS|TAMS 0x00000000a6800000| PB 0x00000000a6800000| Complete 
|  93|0x00000000a6900000, 0x00000000a6a00000, 0x00000000a6a00000|100%| E|CS|TAMS 0x00000000a6900000| PB 0x00000000a6900000| Complete 
|  94|0x00000000a6a00000, 0x00000000a6b00000, 0x00000000a6b00000|100%| E|CS|TAMS 0x00000000a6a00000| PB 0x00000000a6a00000| Complete 
|  95|0x00000000a6b00000, 0x00000000a6c00000, 0x00000000a6c00000|100%| E|CS|TAMS 0x00000000a6b00000| PB 0x00000000a6b00000| Complete 

Card table byte_map: [0x0000026fb9ce0000,0x0000026fb9fe0000] _byte_map_base: 0x0000026fb97da000

Marking Bits: (CMBitMap*) 0x0000026fa2331780
 Bits: [0x0000026fb9fe0000, 0x0000026fbb7b0000)

Polling page: 0x0000026fa1aa0000

Metaspace:

Usage:
  Non-class:      9.14 MB used.
      Class:      1.25 MB used.
       Both:     10.39 MB used.

Virtual space:
  Non-class space:       64.00 MB reserved,       9.25 MB ( 14%) committed,  1 nodes.
      Class space:        1.00 GB reserved,       1.38 MB ( <1%) committed,  1 nodes.
             Both:        1.06 GB reserved,      10.62 MB ( <1%) committed. 

Chunk freelists:
   Non-Class:  6.39 MB
       Class:  14.53 MB
        Both:  20.92 MB

MaxMetaspaceSize: unlimited
CompressedClassSpaceSize: 1.00 GB
Initial GC threshold: 21.00 MB
Current GC threshold: 21.00 MB
CDS: on
 - commit_granule_bytes: 65536.
 - commit_granule_words: 8192.
 - virtual_space_node_default_size: 8388608.
 - enlarge_chunks_in_place: 1.
 - use_allocation_guard: 0.


Internal statistics:

num_allocs_failed_limit: 0.
num_arena_births: 198.
num_arena_deaths: 0.
num_vsnodes_births: 2.
num_vsnodes_deaths: 0.
num_space_committed: 170.
num_space_uncommitted: 0.
num_chunks_returned_to_freelist: 0.
num_chunks_taken_from_freelist: 572.
num_chunk_merges: 0.
num_chunk_splits: 342.
num_chunks_enlarged: 219.
num_inconsistent_stats: 0.

CodeHeap 'non-profiled nmethods': size=120000Kb used=568Kb max_used=568Kb free=119431Kb
 bounds [0x0000026fb24b0000, 0x0000026fb2720000, 0x0000026fb99e0000]
CodeHeap 'profiled nmethods': size=120000Kb used=3264Kb max_used=3264Kb free=116735Kb
 bounds [0x0000026faa9e0000, 0x0000026faad20000, 0x0000026fb1f10000]
CodeHeap 'non-nmethods': size=5760Kb used=1399Kb max_used=1419Kb free=4360Kb
 bounds [0x0000026fb1f10000, 0x0000026fb2180000, 0x0000026fb24b0000]
CodeCache: size=245760Kb, used=5231Kb, max_used=5251Kb, free=240526Kb
 total_blobs=2173, nmethods=1675, adapters=402, full_count=0
Compilation: enabled, stopped_count=0, restarted_count=0

Compilation events (20 events):
Event: 5.606 Thread 0x0000026fbdc59210 1550       4       jdk.internal.misc.Unsafe::getIntUnaligned (12 bytes)
Event: 5.607 Thread 0x0000026fbdc59210 nmethod 1550 0x0000026fb253a490 code [0x0000026fb253a620, 0x0000026fb253a6f0]
Event: 5.608 Thread 0x0000026fbdc5a8a0 1551       3       java.lang.ref.WeakReference::<init> (6 bytes)
Event: 5.608 Thread 0x0000026fbdc5a8a0 nmethod 1551 0x0000026faacbe690 code [0x0000026faacbe860, 0x0000026faacbeb68]
Event: 5.610 Thread 0x0000026fbdc5a8a0 1552       3       sun.nio.fs.WindowsDirectoryStream$WindowsDirectoryIterator::isSelfOrParent (24 bytes)
Event: 5.610 Thread 0x0000026fbdc5a8a0 nmethod 1552 0x0000026faacbec90 code [0x0000026faacbee60, 0x0000026faacbf068]
Event: 5.610 Thread 0x0000026fbdc5a8a0 1553   !   3       sun.nio.fs.WindowsNativeDispatcher::FindNextFile (30 bytes)
Event: 5.611 Thread 0x0000026fbdc5a8a0 nmethod 1553 0x0000026faacbf190 code [0x0000026faacbf360, 0x0000026faacbf558]
Event: 5.611 Thread 0x0000026fbdc5a8a0 1554  s    3       sun.nio.fs.WindowsDirectoryStream$WindowsDirectoryIterator::hasNext (35 bytes)
Event: 5.611 Thread 0x0000026fbdc5a8a0 nmethod 1554 0x0000026faacbf690 code [0x0000026faacbf840, 0x0000026faacbfb60]
Event: 5.611 Thread 0x0000026fbdc5a8a0 1555   !   3       sun.nio.fs.WindowsDirectoryStream$WindowsDirectoryIterator::readNextEntry (192 bytes)
Event: 5.611 Thread 0x0000026fbdc59210 1560 %     4       sun.security.provider.SHA::implCompress0 @ 27 (478 bytes)
Event: 5.612 Thread 0x0000026fbdc5a8a0 nmethod 1555 0x0000026faacbfc10 code [0x0000026faacbfee0, 0x0000026faacc09f0]
Event: 5.612 Thread 0x0000026fbdc5a8a0 1556       3       sun.nio.fs.WindowsFileAttributes::fromFindData (127 bytes)
Event: 5.613 Thread 0x0000026fbdc5a8a0 nmethod 1556 0x0000026faacc1010 code [0x0000026faacc1220, 0x0000026faacc1840]
Event: 5.613 Thread 0x0000026fbdc5a8a0 1557       3       sun.security.provider.SHA::implCompress (13 bytes)
Event: 5.613 Thread 0x0000026fbdc5a8a0 nmethod 1557 0x0000026faacc1b10 code [0x0000026faacc1d00, 0x0000026faacc2138]
Event: 5.613 Thread 0x0000026fbdc5a8a0 1558       3       sun.security.provider.SHA::implCompressCheck (18 bytes)
Event: 5.614 Thread 0x0000026fbdc5a8a0 nmethod 1558 0x0000026faacc2310 code [0x0000026faacc24e0, 0x0000026faacc2870]
Event: 5.614 Thread 0x0000026fbdc5a8a0 1559       3       sun.nio.fs.WindowsPathParser::parse (504 bytes)

GC Heap History (4 events):
Event: 2.931 GC heap before
{Heap before GC invocations=0 (full 0):
 garbage-first heap   total 98304K, used 15360K [0x00000000a0c00000, 0x0000000100000000)
  region size 1024K, 13 young (13312K), 0 survivors (0K)
 Metaspace       used 2237K, committed 2432K, reserved 1114112K
  class space    used 230K, committed 320K, reserved 1048576K
}
Event: 2.955 GC heap after
{Heap after GC invocations=1 (full 0):
 garbage-first heap   total 98304K, used 9348K [0x00000000a0c00000, 0x0000000100000000)
  region size 1024K, 2 young (2048K), 2 survivors (2048K)
 Metaspace       used 2237K, committed 2432K, reserved 1114112K
  class space    used 230K, committed 320K, reserved 1048576K
}
Event: 4.391 GC heap before
{Heap before GC invocations=1 (full 0):
 garbage-first heap   total 98304K, used 21636K [0x00000000a0c00000, 0x0000000100000000)
  region size 1024K, 14 young (14336K), 2 survivors (2048K)
 Metaspace       used 5783K, committed 6016K, reserved 1114112K
  class space    used 712K, committed 832K, reserved 1048576K
}
Event: 4.396 GC heap after
{Heap after GC invocations=2 (full 0):
 garbage-first heap   total 98304K, used 10014K [0x00000000a0c00000, 0x0000000100000000)
  region size 1024K, 1 young (1024K), 1 survivors (1024K)
 Metaspace       used 5783K, committed 6016K, reserved 1114112K
  class space    used 712K, committed 832K, reserved 1048576K
}

Dll operation events (8 events):
Event: 0.019 Loaded shared library C:\Program Files\Java\jdk-21\bin\java.dll
Event: 0.099 Loaded shared library C:\Program Files\Java\jdk-21\bin\jsvml.dll
Event: 0.578 Loaded shared library C:\Program Files\Java\jdk-21\bin\net.dll
Event: 0.582 Loaded shared library C:\Program Files\Java\jdk-21\bin\nio.dll
Event: 0.592 Loaded shared library C:\Program Files\Java\jdk-21\bin\zip.dll
Event: 2.147 Loaded shared library C:\Program Files\Java\jdk-21\bin\jimage.dll
Event: 2.275 Loaded shared library C:\Program Files\Java\jdk-21\bin\extnet.dll
Event: 5.339 Loaded shared library C:\Program Files\Java\jdk-21\bin\verify.dll

Deoptimization events (20 events):
Event: 4.748 Thread 0x0000026fa001e650 Uncommon trap: trap_request=0xffffffde fr.pc=0x0000026fb24ec448 relative=0x00000000000001a8
Event: 4.748 Thread 0x0000026fa001e650 Uncommon trap: reason=class_check action=maybe_recompile pc=0x0000026fb24ec448 method=java.lang.String.equals(Ljava/lang/Object;)Z @ 8 c2
Event: 4.748 Thread 0x0000026fa001e650 DEOPT PACKING pc=0x0000026fb24ec448 sp=0x000000dbdccfcdf0
Event: 4.748 Thread 0x0000026fa001e650 DEOPT UNPACKING pc=0x0000026fb1f646a2 sp=0x000000dbdccfcd88 mode 2
Event: 4.754 Thread 0x0000026fa001e650 Uncommon trap: trap_request=0xffffffde fr.pc=0x0000026fb24ec448 relative=0x00000000000001a8
Event: 4.754 Thread 0x0000026fa001e650 Uncommon trap: reason=class_check action=maybe_recompile pc=0x0000026fb24ec448 method=java.lang.String.equals(Ljava/lang/Object;)Z @ 8 c2
Event: 4.754 Thread 0x0000026fa001e650 DEOPT PACKING pc=0x0000026fb24ec448 sp=0x000000dbdccfcdf0
Event: 4.754 Thread 0x0000026fa001e650 DEOPT UNPACKING pc=0x0000026fb1f646a2 sp=0x000000dbdccfcd88 mode 2
Event: 4.754 Thread 0x0000026fa001e650 Uncommon trap: trap_request=0xffffffde fr.pc=0x0000026fb24ec448 relative=0x00000000000001a8
Event: 4.754 Thread 0x0000026fa001e650 Uncommon trap: reason=class_check action=maybe_recompile pc=0x0000026fb24ec448 method=java.lang.String.equals(Ljava/lang/Object;)Z @ 8 c2
Event: 4.754 Thread 0x0000026fa001e650 DEOPT PACKING pc=0x0000026fb24ec448 sp=0x000000dbdccfcdf0
Event: 4.754 Thread 0x0000026fa001e650 DEOPT UNPACKING pc=0x0000026fb1f646a2 sp=0x000000dbdccfcd88 mode 2
Event: 5.444 Thread 0x0000026fa001e650 Uncommon trap: trap_request=0xffffff45 fr.pc=0x0000026fb252f120 relative=0x00000000000001e0
Event: 5.444 Thread 0x0000026fa001e650 Uncommon trap: reason=unstable_if action=reinterpret pc=0x0000026fb252f120 method=java.lang.String.startsWith(Ljava/lang/String;I)Z @ 1 c2
Event: 5.444 Thread 0x0000026fa001e650 DEOPT PACKING pc=0x0000026fb252f120 sp=0x000000dbdccf9700
Event: 5.444 Thread 0x0000026fa001e650 DEOPT UNPACKING pc=0x0000026fb1f646a2 sp=0x000000dbdccf9690 mode 2
Event: 5.526 Thread 0x0000026fa001e650 Uncommon trap: trap_request=0xffffff45 fr.pc=0x0000026fb24f2c48 relative=0x0000000000001828
Event: 5.526 Thread 0x0000026fa001e650 Uncommon trap: reason=unstable_if action=reinterpret pc=0x0000026fb24f2c48 method=java.io.WinNTFileSystem.normalize(Ljava/lang/String;)Ljava/lang/String; @ 128 c2
Event: 5.526 Thread 0x0000026fa001e650 DEOPT PACKING pc=0x0000026fb24f2c48 sp=0x000000dbdccfa0c0
Event: 5.526 Thread 0x0000026fa001e650 DEOPT UNPACKING pc=0x0000026fb1f646a2 sp=0x000000dbdccfa098 mode 2

Classes loaded (20 events):
Event: 5.517 Loading class sun/security/provider/ByteArrayAccess
Event: 5.517 Loading class sun/security/provider/ByteArrayAccess done
Event: 5.517 Loading class sun/security/provider/ByteArrayAccess$BE
Event: 5.517 Loading class sun/security/provider/ByteArrayAccess$BE done
Event: 5.525 Loading class java/net/NetworkInterface$1
Event: 5.525 Loading class java/net/NetworkInterface$1 done
Event: 5.527 Loading class java/nio/file/Files$AcceptAllFilter
Event: 5.527 Loading class java/nio/file/DirectoryStream$Filter
Event: 5.527 Loading class java/nio/file/DirectoryStream$Filter done
Event: 5.527 Loading class java/nio/file/Files$AcceptAllFilter done
Event: 5.527 Loading class sun/nio/fs/WindowsDirectoryStream
Event: 5.528 Loading class java/nio/file/DirectoryStream
Event: 5.528 Loading class java/nio/file/DirectoryStream done
Event: 5.528 Loading class sun/nio/fs/WindowsDirectoryStream done
Event: 5.528 Loading class sun/nio/fs/WindowsDirectoryStream$WindowsDirectoryIterator
Event: 5.529 Loading class sun/nio/fs/WindowsDirectoryStream$WindowsDirectoryIterator done
Event: 5.529 Loading class sun/nio/fs/WindowsPath$WindowsPathWithAttributes
Event: 5.530 Loading class sun/nio/fs/BasicFileAttributesHolder
Event: 5.530 Loading class sun/nio/fs/BasicFileAttributesHolder done
Event: 5.530 Loading class sun/nio/fs/WindowsPath$WindowsPathWithAttributes done

Classes unloaded (0 events):
No events

Classes redefined (0 events):
No events

Internal exceptions (20 events):
Event: 3.571 Thread 0x0000026fa001e650 Exception <a 'java/lang/IncompatibleClassChangeError'{0x00000000a67cdb88}: Found class java.lang.Object, but interface was expected> (0x00000000a67cdb88) 
thrown [s\src\hotspot\share\interpreter\linkResolver.cpp, line 840]
Event: 3.579 Thread 0x0000026fa001e650 Exception <a 'java/lang/NoSuchMethodError'{0x00000000a67ea2c0}: 'java.lang.Object java.lang.invoke.DirectMethodHandle$Holder.invokeStatic(java.lang.Object, java.lang.Object, int)'> (0x00000000a67ea2c0) 
thrown [s\src\hotspot\share\interpreter\linkResolver.cpp, line 773]
Event: 3.616 Thread 0x0000026fa001e650 Exception <a 'java/lang/NoSuchMethodError'{0x00000000a662e628}: 'void java.lang.invoke.DirectMethodHandle$Holder.invokeSpecial(java.lang.Object, java.lang.Object, java.lang.Object, java.lang.Object, java.lang.Object)'> (0x00000000a662e628) 
thrown [s\src\hotspot\share\interpreter\linkResolver.cpp, line 773]
Event: 3.687 Thread 0x0000026fa001e650 Exception <a 'java/lang/NoSuchMethodError'{0x00000000a668ab88}: 'long java.lang.invoke.DirectMethodHandle$Holder.invokeSpecial(java.lang.Object, java.lang.Object)'> (0x00000000a668ab88) 
thrown [s\src\hotspot\share\interpreter\linkResolver.cpp, line 773]
Event: 3.688 Thread 0x0000026fa001e650 Exception <a 'java/lang/NoSuchMethodError'{0x00000000a668e0d8}: 'long java.lang.invoke.Invokers$Holder.invokeExact_MT(java.lang.Object, java.lang.Object)'> (0x00000000a668e0d8) 
thrown [s\src\hotspot\share\interpreter\linkResolver.cpp, line 773]
Event: 3.982 Thread 0x0000026fa001e650 Exception <a 'java/lang/NoSuchMethodError'{0x00000000a65191d0}: 'void java.lang.invoke.DirectMethodHandle$Holder.invokeInterface(java.lang.Object, java.lang.Object, java.lang.Object, java.lang.Object)'> (0x00000000a65191d0) 
thrown [s\src\hotspot\share\interpreter\linkResolver.cpp, line 773]
Event: 3.982 Thread 0x0000026fa001e650 Exception <a 'java/lang/IncompatibleClassChangeError'{0x00000000a651c838}: Found class java.lang.Object, but interface was expected> (0x00000000a651c838) 
thrown [s\src\hotspot\share\interpreter\linkResolver.cpp, line 840]
Event: 3.998 Thread 0x0000026fa001e650 Exception <a 'java/lang/NoSuchMethodError'{0x00000000a653eac8}: 'void java.lang.invoke.DirectMethodHandle$Holder.invokeStatic(java.lang.Object, java.lang.Object, java.lang.Object, java.lang.Object)'> (0x00000000a653eac8) 
thrown [s\src\hotspot\share\interpreter\linkResolver.cpp, line 773]
Event: 4.048 Thread 0x0000026fa001e650 Exception <a 'java/lang/NoSuchMethodError'{0x00000000a65cd1e8}: 'java.lang.Object java.lang.invoke.Invokers$Holder.invokeExact_MT(java.lang.Object, java.lang.Object, java.lang.Object, java.lang.Object, java.lang.Object, java.lang.Object)'> (0x00000000a65cd1e8) 
thrown [s\src\hotspot\share\interpreter\linkResolver.cpp, line 773]
Event: 4.059 Thread 0x0000026fa001e650 Exception <a 'java/lang/NoSuchMethodError'{0x00000000a65dae90}: 'int java.lang.invoke.DirectMethodHandle$Holder.invokeStatic(java.lang.Object, java.lang.Object, java.lang.Object, java.lang.Object, java.lang.Object)'> (0x00000000a65dae90) 
thrown [s\src\hotspot\share\interpreter\linkResolver.cpp, line 773]
Event: 4.082 Thread 0x0000026fa001e650 Exception <a 'java/lang/NoSuchMethodError'{0x00000000a64339d0}: 'void java.lang.invoke.DirectMethodHandle$Holder.invokeStaticInit(java.lang.Object)'> (0x00000000a64339d0) 
thrown [s\src\hotspot\share\interpreter\linkResolver.cpp, line 773]
Event: 4.126 Thread 0x0000026fa001e650 Exception <a 'java/lang/NoSuchMethodError'{0x00000000a6328748}: 'void java.lang.invoke.DirectMethodHandle$Holder.invokeStaticInit(java.lang.Object, java.lang.Object, java.lang.Object, java.lang.Object)'> (0x00000000a6328748) 
thrown [s\src\hotspot\share\interpreter\linkResolver.cpp, line 773]
Event: 4.147 Thread 0x0000026fa001e650 Exception <a 'java/lang/NoSuchMethodError'{0x00000000a6392d60}: 'int java.lang.invoke.DirectMethodHandle$Holder.invokeStaticInit(java.lang.Object, java.lang.Object)'> (0x00000000a6392d60) 
thrown [s\src\hotspot\share\interpreter\linkResolver.cpp, line 773]
Event: 4.428 Thread 0x0000026fa001e650 Exception <a 'java/lang/NoSuchMethodError'{0x00000000a6bb9fc8}: 'java.lang.Object java.lang.invoke.DirectMethodHandle$Holder.invokeSpecial(java.lang.Object, java.lang.Object, java.lang.Object, long, java.lang.Object)'> (0x00000000a6bb9fc8) 
thrown [s\src\hotspot\share\interpreter\linkResolver.cpp, line 773]
Event: 4.428 Thread 0x0000026fa001e650 Exception <a 'java/lang/NoSuchMethodError'{0x00000000a6bbdbe8}: 'java.lang.Object java.lang.invoke.Invokers$Holder.linkToTargetMethod(java.lang.Object, long, java.lang.Object, java.lang.Object)'> (0x00000000a6bbdbe8) 
thrown [s\src\hotspot\share\interpreter\linkResolver.cpp, line 773]
Event: 4.717 Thread 0x0000026fa001e650 Exception <a 'java/lang/NoSuchMethodError'{0x00000000a678a5b0}: 'int java.lang.invoke.DirectMethodHandle$Holder.invokeStaticInit(java.lang.Object, java.lang.Object, java.lang.Object)'> (0x00000000a678a5b0) 
thrown [s\src\hotspot\share\interpreter\linkResolver.cpp, line 773]
Event: 4.760 Thread 0x0000026fa001e650 Exception <a 'java/lang/NoSuchMethodError'{0x00000000a66908b8}: 'int java.lang.invoke.DirectMethodHandle$Holder.invokeInterface(java.lang.Object, java.lang.Object)'> (0x00000000a66908b8) 
thrown [s\src\hotspot\share\interpreter\linkResolver.cpp, line 773]
Event: 4.814 Thread 0x0000026fa001e650 Exception <a 'java/lang/NoSuchMethodError'{0x00000000a6540748}: 'void java.lang.invoke.DirectMethodHandle$Holder.invokeStaticInit(java.lang.Object, java.lang.Object)'> (0x00000000a6540748) 
thrown [s\src\hotspot\share\interpreter\linkResolver.cpp, line 773]
Event: 4.876 Thread 0x0000026fa001e650 Exception <a 'java/lang/NoSuchMethodError'{0x00000000a642a0f0}: 'int java.lang.invoke.DirectMethodHandle$Holder.invokeVirtual(java.lang.Object, java.lang.Object, java.lang.Object)'> (0x00000000a642a0f0) 
thrown [s\src\hotspot\share\interpreter\linkResolver.cpp, line 773]
Event: 5.506 Thread 0x0000026fa001e650 Exception <a 'java/lang/NoSuchMethodError'{0x00000000a61afe88}: 'java.lang.Object java.lang.invoke.DirectMethodHandle$Holder.invokeStaticInit(java.lang.Object, int, int, int, int)'> (0x00000000a61afe88) 
thrown [s\src\hotspot\share\interpreter\linkResolver.cpp, line 773]

ZGC Phase Switch (0 events):
No events

VM Operations (20 events):
Event: 3.683 Executing VM operation: HandshakeAllThreads (Deoptimize)
Event: 3.683 Executing VM operation: HandshakeAllThreads (Deoptimize) done
Event: 3.962 Executing VM operation: HandshakeAllThreads (Deoptimize)
Event: 3.962 Executing VM operation: HandshakeAllThreads (Deoptimize) done
Event: 3.962 Executing VM operation: Cleanup
Event: 3.962 Executing VM operation: Cleanup done
Event: 4.338 Executing VM operation: HandshakeAllThreads (Deoptimize)
Event: 4.338 Executing VM operation: HandshakeAllThreads (Deoptimize) done
Event: 4.391 Executing VM operation: G1CollectForAllocation (G1 Evacuation Pause)
Event: 4.396 Executing VM operation: G1CollectForAllocation (G1 Evacuation Pause) done
Event: 4.525 Executing VM operation: HandshakeAllThreads (Deoptimize)
Event: 4.525 Executing VM operation: HandshakeAllThreads (Deoptimize) done
Event: 4.763 Executing VM operation: HandshakeAllThreads (Deoptimize)
Event: 4.763 Executing VM operation: HandshakeAllThreads (Deoptimize) done
Event: 5.401 Executing VM operation: HandshakeAllThreads (Deoptimize)
Event: 5.401 Executing VM operation: HandshakeAllThreads (Deoptimize) done
Event: 5.401 Executing VM operation: Cleanup
Event: 5.401 Executing VM operation: Cleanup done
Event: 5.441 Executing VM operation: HandshakeAllThreads (Deoptimize)
Event: 5.441 Executing VM operation: HandshakeAllThreads (Deoptimize) done

Memory protections (0 events):
No events

Nmethod flushes (0 events):
No events

Events (12 events):
Event: 0.054 Thread 0x0000026fa001e650 Thread added: 0x0000026fa001e650
Event: 0.094 Thread 0x0000026fa001e650 Thread added: 0x0000026fbdc4d200
Event: 0.094 Thread 0x0000026fa001e650 Thread added: 0x0000026fbdc4e2c0
Event: 0.095 Thread 0x0000026fa001e650 Thread added: 0x0000026fbdc52590
Event: 0.095 Thread 0x0000026fa001e650 Thread added: 0x0000026fbdc54430
Event: 0.096 Thread 0x0000026fa001e650 Thread added: 0x0000026fbdc57a40
Event: 0.096 Thread 0x0000026fa001e650 Thread added: 0x0000026fbdc58490
Event: 0.096 Thread 0x0000026fa001e650 Thread added: 0x0000026fbdc59210
Event: 0.097 Thread 0x0000026fa001e650 Thread added: 0x0000026fbdc5a8a0
Event: 0.559 Thread 0x0000026fa001e650 Thread added: 0x0000026fff0c3470
Event: 0.567 Thread 0x0000026fa001e650 Thread added: 0x0000026fff0ce2d0
Event: 2.291 Thread 0x0000026fa001e650 Thread added: 0x0000026fff65b790


Dynamic libraries:
0x00007ff6ebed0000 - 0x00007ff6ebede000 	C:\Program Files\Java\jdk-21\bin\java.exe
0x00007ffeefc10000 - 0x00007ffeefe27000 	C:\WINDOWS\SYSTEM32\ntdll.dll
0x00007ffeee990000 - 0x00007ffeeea54000 	C:\WINDOWS\System32\KERNEL32.DLL
0x00007ffeed0e0000 - 0x00007ffeed4b2000 	C:\WINDOWS\System32\KERNELBASE.dll
0x00007ffeecd00000 - 0x00007ffeece11000 	C:\WINDOWS\System32\ucrtbase.dll
0x00007ffee5ab0000 - 0x00007ffee5ac8000 	C:\Program Files\Java\jdk-21\bin\jli.dll
0x00007ffeba900000 - 0x00007ffeba91e000 	C:\Program Files\Java\jdk-21\bin\VCRUNTIME140.dll
0x00007ffeed8a0000 - 0x00007ffeeda51000 	C:\WINDOWS\System32\USER32.dll
0x00007ffeecea0000 - 0x00007ffeecec6000 	C:\WINDOWS\System32\win32u.dll
0x00007ffeefaf0000 - 0x00007ffeefb19000 	C:\WINDOWS\System32\GDI32.dll
0x00007ffeed4c0000 - 0x00007ffeed5e3000 	C:\WINDOWS\System32\gdi32full.dll
0x00007ffeeced0000 - 0x00007ffeecf6a000 	C:\WINDOWS\System32\msvcp_win.dll
0x00007ffedb2c0000 - 0x00007ffedb55b000 	C:\WINDOWS\WinSxS\amd64_microsoft.windows.common-controls_6595b64144ccf1df_6.0.22621.5415_none_270d77d17387d7da\COMCTL32.dll
0x00007ffeedbc0000 - 0x00007ffeedc67000 	C:\WINDOWS\System32\msvcrt.dll
0x00007ffeedb80000 - 0x00007ffeedbb1000 	C:\WINDOWS\System32\IMM32.DLL
0x00007ffec6f90000 - 0x00007ffec6f9c000 	C:\Program Files\Java\jdk-21\bin\vcruntime140_1.dll
0x00007ffebe9f0000 - 0x00007ffebea7d000 	C:\Program Files\Java\jdk-21\bin\msvcp140.dll
0x00007ffe901d0000 - 0x00007ffe90f67000 	C:\Program Files\Java\jdk-21\bin\server\jvm.dll
0x00007ffeee1f0000 - 0x00007ffeee2a1000 	C:\WINDOWS\System32\ADVAPI32.dll
0x00007ffeeda60000 - 0x00007ffeedb08000 	C:\WINDOWS\System32\sechost.dll
0x00007ffeecf70000 - 0x00007ffeecf98000 	C:\WINDOWS\System32\bcrypt.dll
0x00007ffeedf00000 - 0x00007ffeee014000 	C:\WINDOWS\System32\RPCRT4.dll
0x00007ffeee910000 - 0x00007ffeee981000 	C:\WINDOWS\System32\WS2_32.dll
0x00007ffeecbd0000 - 0x00007ffeecc1d000 	C:\WINDOWS\SYSTEM32\POWRPROF.dll
0x00007ffee87c0000 - 0x00007ffee87f4000 	C:\WINDOWS\SYSTEM32\WINMM.dll
0x00007ffee8460000 - 0x00007ffee846a000 	C:\WINDOWS\SYSTEM32\VERSION.dll
0x00007ffeecbb0000 - 0x00007ffeecbc3000 	C:\WINDOWS\SYSTEM32\UMPDC.dll
0x00007ffeebcf0000 - 0x00007ffeebd08000 	C:\WINDOWS\SYSTEM32\kernel.appcore.dll
0x00007ffebb680000 - 0x00007ffebb68a000 	C:\Program Files\Java\jdk-21\bin\jimage.dll
0x00007ffeea600000 - 0x00007ffeea833000 	C:\WINDOWS\SYSTEM32\DBGHELP.DLL
0x00007ffeeea60000 - 0x00007ffeeedf3000 	C:\WINDOWS\System32\combase.dll
0x00007ffeedc70000 - 0x00007ffeedd47000 	C:\WINDOWS\System32\OLEAUT32.dll
0x00007ffed9d90000 - 0x00007ffed9dc2000 	C:\WINDOWS\SYSTEM32\dbgcore.DLL
0x00007ffeed820000 - 0x00007ffeed89b000 	C:\WINDOWS\System32\bcryptPrimitives.dll
0x00007ffe9af00000 - 0x00007ffe9af1f000 	C:\Program Files\Java\jdk-21\bin\java.dll
0x00007ffeef240000 - 0x00007ffeefae2000 	C:\WINDOWS\System32\SHELL32.dll
0x00007ffeecfa0000 - 0x00007ffeed0df000 	C:\WINDOWS\System32\wintypes.dll
0x00007ffeeabe0000 - 0x00007ffeeb4fe000 	C:\WINDOWS\SYSTEM32\windows.storage.dll
0x00007ffeee030000 - 0x00007ffeee13b000 	C:\WINDOWS\System32\SHCORE.dll
0x00007ffeeefa0000 - 0x00007ffeef009000 	C:\WINDOWS\System32\shlwapi.dll
0x00007ffeecc30000 - 0x00007ffeecc5b000 	C:\WINDOWS\SYSTEM32\profapi.dll
0x00007ffe99fb0000 - 0x00007ffe9a087000 	C:\Program Files\Java\jdk-21\bin\jsvml.dll
0x00007ffebb250000 - 0x00007ffebb260000 	C:\Program Files\Java\jdk-21\bin\net.dll
0x00007ffee8090000 - 0x00007ffee81bc000 	C:\WINDOWS\SYSTEM32\WINHTTP.dll
0x00007ffeec160000 - 0x00007ffeec1c9000 	C:\WINDOWS\system32\mswsock.dll
0x00007ffe9aee0000 - 0x00007ffe9aef6000 	C:\Program Files\Java\jdk-21\bin\nio.dll
0x00007ffe99f90000 - 0x00007ffe99fa8000 	C:\Program Files\Java\jdk-21\bin\zip.dll
0x00007ffeeb760000 - 0x00007ffeeb78d000 	C:\WINDOWS\SYSTEM32\IPHLPAPI.DLL
0x00007ffeee730000 - 0x00007ffeee739000 	C:\WINDOWS\System32\NSI.dll
0x00007ffeae960000 - 0x00007ffeae969000 	C:\Program Files\Java\jdk-21\bin\extnet.dll
0x00007ffeb55d0000 - 0x00007ffeb55e0000 	C:\Program Files\Java\jdk-21\bin\verify.dll
0x00007ffeec4b0000 - 0x00007ffeec4cb000 	C:\WINDOWS\SYSTEM32\CRYPTSP.dll
0x00007ffeebc50000 - 0x00007ffeebc87000 	C:\WINDOWS\system32\rsaenh.dll
0x00007ffeec200000 - 0x00007ffeec228000 	C:\WINDOWS\SYSTEM32\USERENV.dll
0x00007ffeec490000 - 0x00007ffeec49c000 	C:\WINDOWS\SYSTEM32\CRYPTBASE.dll

JVMTI agents: none

dbghelp: loaded successfully - version: 4.0.5 - missing functions: none
symbol engine: initialized successfully - sym options: 0x614 - pdb path: .;C:\Program Files\Java\jdk-21\bin;C:\WINDOWS\SYSTEM32;C:\WINDOWS\WinSxS\amd64_microsoft.windows.common-controls_6595b64144ccf1df_6.0.22621.5415_none_270d77d17387d7da;C:\Program Files\Java\jdk-21\bin\server

VM Arguments:
jvm_args: -ea -XX:+ShowCodeDetailsInExceptionMessages -Dfile.encoding=UTF-8 
java_command: org.eclipse.jdt.internal.junit.runner.RemoteTestRunner -version 3 -port 62408 -testLoaderClass org.eclipse.jdt.internal.junit5.runner.JUnit5TestLoader -loaderpluginname org.eclipse.jdt.junit5.runtime -testNameFile C:\Users\ASUS\AppData\Local\Temp\testNames8963841336331507905.txt
java_class_path (initial): d:\Github repos\Microservices-E-Commerce-Platform-\product-service\target\test-classes;d:\Github repos\Microservices-E-Commerce-Platform-\product-service\target\classes;c:\Users\ASUS\.m2\repository\org\springframework\boot\spring-boot-starter-data-mongodb\3.5.5\spring-boot-starter-data-mongodb-3.5.5.jar;c:\Users\ASUS\.m2\repository\org\springframework\boot\spring-boot-starter\3.5.5\spring-boot-starter-3.5.5.jar;c:\Users\ASUS\.m2\repository\org\springframework\boot\spring-boot\3.5.5\spring-boot-3.5.5.jar;c:\Users\ASUS\.m2\repository\org\springframework\boot\spring-boot-starter-logging\3.5.5\spring-boot-starter-logging-3.5.5.jar;c:\Users\ASUS\.m2\repository\ch\qos\logback\logback-classic\1.5.18\logback-classic-1.5.18.jar;c:\Users\ASUS\.m2\repository\ch\qos\logback\logback-core\1.5.18\logback-core-1.5.18.jar;c:\Users\ASUS\.m2\repository\org\apache\logging\log4j\log4j-to-slf4j\2.24.3\log4j-to-slf4j-2.24.3.jar;c:\Users\ASUS\.m2\repository\org\apache\logging\log4j\log4j-api\2.24.3\log4j-api-2.24.3.jar;c:\Users\ASUS\.m2\repository\org\slf4j\jul-to-slf4j\2.0.17\jul-to-slf4j-2.0.17.jar;c:\Users\ASUS\.m2\repository\jakarta\annotation\jakarta.annotation-api\2.1.1\jakarta.annotation-api-2.1.1.jar;c:\Users\ASUS\.m2\repository\org\yaml\snakeyaml\2.4\snakeyaml-2.4.jar;c:\Users\ASUS\.m2\repository\org\mongodb\mongodb-driver-sync\5.5.1\mongodb-driver-sync-5.5.1.jar;c:\Users\ASUS\.m2\repository\org\mongodb\bson\5.5.1\bson-5.5.1.jar;c:\Users\ASUS\.m2\repository\org\mongodb\mongodb-driver-core\5.5.1\mongodb-driver-core-5.5.1.jar;c:\Users\ASUS\.m2\repository\org\mongodb\bson-record-codec\5.5.1\bson-record-codec-5.5.1.jar;c:\Users\ASUS\.m2\repository\org\springframework\data\spring-data-mongodb\4.5.3\spring-data-mongodb-4.5.3.jar;c:\Users\ASUS\.m2\repository\org\springframework\spring-tx\6.2.10\spring-tx-6.2.10.jar;c:\Users\ASUS\.m2\repository\org\springframework\spring-context\6.2.10\spring-context-6.2.10.jar;c:\Users\ASUS\.m2\repository\org\springframework\spring-beans\6.2.10\spring-beans-6.2.10.jar;c:\Users\ASUS\.m2\repository\org\springframework\spring-expression\6.2.10\spring-expression-6.2.10.jar;c:\Users\ASUS\.m2\repository\org\springframework\data\spring-data-commons\3.5.3\spring-data-commons-3.5.3.jar;c:\Users\ASUS\.m2\repository\org\slf4j\slf4j-api\2.0.17\slf4j-api-2.0.17.jar;c:\Users\ASUS\.m2\repository\org\springframework\boot\spring-boot-starter-web\3.5.5\spring-boot-starter-web-3.5.5.jar;c:\Users\ASUS\.m2\repository\org\springframework\boot\spring-boot-starter-json\3.5.5\spring-boot-starter-json-3.5.5.jar;c:\Users\ASUS\.m2\repository\com\fasterxml\jackson\core\jackson-databind\2.19.2\jackson-databind-2.19.2.jar;c:\Users\ASUS\.m2\repository\com\fasterxml\jackson\core\jackson-annotations\2.19.2\jackson-annotations-2.19.2.jar;c:\Users\ASUS\.m2\repository\com\fasterxml\jackson\core\jackson-core\2.19.2\jackson-core-2.19.2.jar;c:\Users\ASUS\.m2\repository\com\fasterxml\jackson\datatype\jackson-datatype-jdk8\2.19.2\jackson-datatype-jdk8-2.19.2.jar;c:\Users\ASUS\.m2\repository\com\fasterxml\jackson\datatype\jackson-datatype-jsr310\2.19.2\jackson-datatype-jsr310-2.19.2.jar;c:\Users\ASUS\.m2\repository\com\fasterxml\jackson\module\jackson-module-parameter-names\2.19.2\jackson-module-parameter-names-2.19.2.jar;c:\Users\ASUS\.m2\repository\org\springframework\boot\spring-boot-starter-tomcat\3.5.5\spring-boot-starter-tomcat-3.5.5.jar;c:\Users\ASUS\.m2\repository\org\apache\tomcat\embed\tomcat-embed-core\10.1.44\tomcat-embed-core-10.1.44.jar;c:\Users\ASUS\.m2\repository\org\apache\tomcat\embed\tomcat-embed-el\10.1.44\tomcat-embed-el-10.1.44.jar;c:\Users\ASUS\.m2\repository\org\apache\tomcat\embed\tomcat-embed-websocket\10.1.44\tomcat-embed-websocket-10.1.44.jar;c:\Users\ASUS\.m2\repository\org\springframework\spring-web\6.2.10\spring-web-6.2.10.jar;c:\Users\ASUS\.m2\repository\io\micrometer\micrometer-observation\1.15.3\micrometer-observation-1.15.3.jar;c:\Users\ASUS\.m2\repository\io\micrometer\micrometer-commons\1.15.3\micrometer-commons-1.15.3.jar;c:\Users\ASUS\.m2\repository\org\springframework\spring-webmvc\6.2.10\spring-webmvc-6.2.10.jar;c:\Users\ASUS\.m2\repository\org\springframework\spring-aop\6.2.10\spring-aop-6.2.10.jar;c:\Users\ASUS\.m2\repository\org\projectlombok\lombok\1.18.38\lombok-1.18.38.jar;c:\Users\ASUS\.m2\repository\org\springframework\boot\spring-boot-starter-test\3.5.5\spring-boot-starter-test-3.5.5.jar;c:\Users\ASUS\.m2\repository\org\springframework\boot\spring-boot-test\3.5.5\spring-boot-test-3.5.5.jar;c:\Users\ASUS\.m2\repository\org\springframework\boot\spring-boot-test-autoconfigure\3.5.5\spring-boot-test-autoconfigure-3.5.5.jar;c:\Users\ASUS\.m2\repository\com\jayway\jsonpath\json-path\2.9.0\json-path-2.9.0.jar;c:\Users\ASUS\.m2\repository\jakarta\xml\bind\jakarta.xml.bind-api\4.0.2\jakarta.xml.bind-api-4.0.2.jar;c:\Users\ASUS\.m2\repository\jakarta\activation\jakarta.activation-api\2.1.3\jakarta.activation-api-2.1.3.jar;c:\Users\ASUS\.m2\repository\net\minidev\json-smart\2.5.2\json-smart-2.5.2.jar;c:\Users\ASUS\.m2\repository\net\minidev\accessors-smart\2.5.2\accessors-smart-2.5.2.jar;c:\Users\ASUS\.m2\repository\org\ow2\asm\asm\9.7.1\asm-9.7.1.jar;c:\Users\ASUS\.m2\repository\org\assertj\assertj-core\3.27.4\assertj-core-3.27.4.jar;c:\Users\ASUS\.m2\repository\net\bytebuddy\byte-buddy\1.17.7\byte-buddy-1.17.7.jar;c:\Users\ASUS\.m2\repository\org\awaitility\awaitility\4.2.2\awaitility-4.2.2.jar;c:\Users\ASUS\.m2\repository\org\hamcrest\hamcrest\3.0\hamcrest-3.0.jar;c:\Users\ASUS\.m2\repository\org\junit\jupiter\junit-jupiter\5.12.2\junit-jupiter-5.12.2.jar;c:\Users\ASUS\.m2\repository\org\junit\jupiter\junit-jupiter-api\5.12.2\junit-jupiter-api-5.12.2.jar;c:\Users\ASUS\.m2\repository\org\opentest4j\opentest4j\1.3.0\opentest4j-1.3.0.jar;c:\Users\ASUS\.m2\repository\org\junit\platform\junit-platform-commons\1.12.2\junit-platform-commons-1.12.2.jar;c:\Users\ASUS\.m2\repository\org\apiguardian\apiguardian-api\1.1.2\apiguardian-api-1.1.2.jar;c:\Users\ASUS\.m2\repository\org\junit\jupiter\junit-jupiter-params\5.12.2\junit-jupiter-params-5.12.2.jar;c:\Users\ASUS\.m2\repository\org\junit\jupiter\junit-jupiter-engine\5.12.2\junit-jupiter-engine-5.12.2.jar;c:\Users\ASUS\.m2\repository\org\junit\platform\junit-platform-engine\1.12.2\junit-platform-engine-1.12.2.jar;c:\Users\ASUS\.m2\repository\org\mockito\mockito-core\5.17.0\mockito-core-5.17.0.jar;c:\Users\ASUS\.m2\repository\net\bytebuddy\byte-buddy-agent\1.17.7\byte-buddy-agent-1.17.7.jar;c:\Users\ASUS\.m2\repository\org\objenesis\objenesis\3.3\objenesis-3.3.jar;c:\Users\ASUS\.m2\repository\org\mockito\mockito-junit-jupiter\5.17.0\mockito-junit-jupiter-5.17.0.jar;c:\Users\ASUS\.m2\repository\org\skyscreamer\jsonassert\1.5.3\jsonassert-1.5.3.jar;c:\Users\ASUS\.m2\repository\com\vaadin\external\google\android-json\0.0.20131108.vaadin1\android-json-0.0.20131108.vaadin1.jar;c:\Users\ASUS\.m2\repository\org\springframework\spring-core\6.2.10\spring-core-6.2.10.jar;c:\Users\ASUS\.m2\repository\org\springframework\spring-jcl\6.2.10\spring-jcl-6.2.10.jar;c:\Users\ASUS\.m2\repository\org\springframework\spring-test\6.2.10\spring-test-6.2.10.jar;c:\Users\ASUS\.m2\repository\org\xmlunit\xmlunit-core\2.10.3\xmlunit-core-2.10.3.jar;c:\Users\ASUS\.m2\repository\org\springframework\boot\spring-boot-testcontainers\3.5.5\spring-boot-testcontainers-3.5.5.jar;c:\Users\ASUS\.m2\repository\org\springframework\boot\spring-boot-autoconfigure\3.5.5\spring-boot-autoconfigure-3.5.5.jar;c:\Users\ASUS\.m2\repository\org\testcontainers\testcontainers\1.21.3\testcontainers-1.21.3.jar;c:\Users\ASUS\.m2\repository\junit\junit\4.13.2\junit-4.13.2.jar;c:\Users\ASUS\.m2\repository\org\hamcrest\hamcrest-core\3.0\hamcrest-core-3.0.jar;c:\Users\ASUS\.m2\repository\org\apache\commons\commons-compress\1.24.0\commons-compress-1.24.0.jar;c:\Users\ASUS\.m2\repository\org\rnorth\duct-tape\duct-tape\1.0.8\duct-tape-1.0.8.jar;c:\Users\ASUS\.m2\repository\org\jetbrains\annotations\17.0.0\annotations-17.0.0.jar;c:\Users\ASUS\.m2\repository\com\github\docker-java\docker-java-api\3.4.2\docker-java-api-3.4.2.jar;c:\Users\ASUS\.m2\repository\com\github\docker-java\docker-java-transport-zerodep\3.4.2\docker-java-transport-zerodep-3.4.2.jar;c:\Users\ASUS\.m2\repository\com\github\docker-java\docker-java-transport\3.4.2\docker-java-transport-3.4.2.jar;c:\Users\ASUS\.m2\repository\net\java\dev\jna\jna\5.13.0\jna-5.13.0.jar;c:\Users\ASUS\.m2\repository\org\testcontainers\junit-jupiter\1.21.3\junit-jupiter-1.21.3.jar;c:\Users\ASUS\.m2\repository\org\testcontainers\mongodb\1.21.3\mongodb-1.21.3.jar;c:\Users\ASUS\.m2\repository\io\rest-assured\rest-assured\5.3.2\rest-assured-5.3.2.jar;c:\Users\ASUS\.m2\repository\org\apache\groovy\groovy\4.0.28\groovy-4.0.28.jar;c:\Users\ASUS\.m2\repository\org\apache\groovy\groovy-xml\4.0.28\groovy-xml-4.0.28.jar;c:\Users\ASUS\.m2\repository\org\apache\httpcomponents\httpclient\4.5.13\httpclient-4.5.13.jar;c:\Users\ASUS\.m2\repository\org\apache\httpcomponents\httpcore\4.4.16\httpcore-4.4.16.jar;c:\Users\ASUS\.m2\repository\commons-logging\commons-logging\1.2\commons-logging-1.2.jar;c:\Users\ASUS\.m2\repository\commons-codec\commons-codec\1.18.0\commons-codec-1.18.0.jar;c:\Users\ASUS\.m2\repository\org\apache\httpcomponents\httpmime\4.5.13\httpmime-4.5.13.jar;c:\Users\ASUS\.m2\repository\org\ccil\cowan\tagsoup\tagsoup\1.2.1\tagsoup-1.2.1.jar;c:\Users\ASUS\.m2\repository\io\rest-assured\json-path\5.5.6\json-path-5.5.6.jar;c:\Users\ASUS\.m2\repository\org\apache\groovy\groovy-json\4.0.28\groovy-json-4.0.28.jar;c:\Users\ASUS\.m2\repository\io\rest-assured\rest-assured-common\5.5.6\rest-assured-common-5.5.6.jar;c:\Users\ASUS\.m2\repository\io\rest-assured\xml-path\5.5.6\xml-path-5.5.6.jar;c:\Users\ASUS\.m2\repository\org\apache\commons\commons-lang3\3.17.0\commons-lang3-3.17.0.jar;c:\Users\ASUS\.m2\repository\org\junit\platform\junit-platform-launcher\1.12.2\junit-platform-launcher-1.12.2.jar;c:\Users\ASUS\AppData\Roaming\Code\User\globalStorage\redhat.java\1.45.0\config_win\org.eclipse.osgi\119\0\.cp;c:\Users\ASUS\AppData\Roaming\Code\User\globalStorage\redhat.java\1.45.0\config_win\org.eclipse.osgi\56\0\.cp
Launcher Type: SUN_STANDARD

[Global flags]
     intx CICompilerCount                          = 3                                         {product} {ergonomic}
     uint ConcGCThreads                            = 1                                         {product} {ergonomic}
     uint G1ConcRefinementThreads                  = 4                                         {product} {ergonomic}
   size_t G1HeapRegionSize                         = 1048576                                   {product} {ergonomic}
    uintx GCDrainStackTargetSize                   = 64                                        {product} {ergonomic}
   size_t InitialHeapSize                          = 100663296                                 {product} {ergonomic}
   size_t MarkStackSize                            = 4194304                                   {product} {ergonomic}
   size_t MaxHeapSize                              = 1598029824                                {product} {ergonomic}
   size_t MaxNewSize                               = 958398464                                 {product} {ergonomic}
   size_t MinHeapDeltaBytes                        = 1048576                                   {product} {ergonomic}
   size_t MinHeapSize                              = 8388608                                   {product} {ergonomic}
    uintx NonNMethodCodeHeapSize                   = 5832780                                {pd product} {ergonomic}
    uintx NonProfiledCodeHeapSize                  = 122912730                              {pd product} {ergonomic}
    uintx ProfiledCodeHeapSize                     = 122912730                              {pd product} {ergonomic}
    uintx ReservedCodeCacheSize                    = 251658240                              {pd product} {ergonomic}
     bool SegmentedCodeCache                       = true                                      {product} {ergonomic}
     bool ShowCodeDetailsInExceptionMessages       = true                                   {manageable} {command line}
   size_t SoftMaxHeapSize                          = 1598029824                             {manageable} {ergonomic}
     bool UseCompressedOops                        = true                           {product lp64_product} {ergonomic}
     bool UseG1GC                                  = true                                      {product} {ergonomic}
     bool UseLargePagesIndividualAllocation        = false                                  {pd product} {ergonomic}

Logging:
Log output configuration:
 #0: stdout all=warning uptime,level,tags foldmultilines=false
 #1: stderr all=off uptime,level,tags foldmultilines=false

Environment Variables:
JAVA_HOME=C:\Program Files\Java\jdk-21
PATH=C:\Program Files\Java\jdk-21\bin;C:\Program Files\Common Files\Oracle\Java\javapath;C:\Program Files (x86)\Common Files\Oracle\Java\javapath;C:\WINDOWS\system32;C:\WINDOWS;C:\WINDOWS\System32\Wbem;C:\WINDOWS\System32\WindowsPowerShell\v1.0\;C:\WINDOWS\System32\OpenSSH\;C:\Program Files (x86)\Bitvise SSH Client;C:\iverilog\bin\;C:\Program Files\Java\jdk-19\bin;C:\Program Files\Git\cmd;C:\Users\ASUS\AppData\Local\Programs\Python\Python311;D:\avr8-gnu-toolchain-win32_x86_64\bin;D:\avr;C:\Program Files\Docker\Docker\resources\bin;D:\mongosh-2.2.6-win32-x64\bin;C:\Program Files\nodejs\;C:\Program Files\Java\jdk-21\bin;C:\Users\ASUS\scoop\shims;C:\Users\ASUS\AppData\Local\Microsoft\WindowsApps;C:\Users\ASUS\AppData\Local\GitHubDesktop\bin;C:\Users\ASUS\AppData\Local\Programs\Python\Python311;C:\Users\ASUS\AppData\Local\Programs\Python\Python311\Scripts;D:\IntelliJ IDEA 2024.1.3\bin;;C:\Users\ASUS\AppData\Roaming\npm;C:\Users\ASUS\AppData\Local\Programs\Microsoft VS Code\bin
USERNAME=ASUS
OS=Windows_NT
PROCESSOR_IDENTIFIER=AMD64 Family 23 Model 24 Stepping 1, AuthenticAMD
TMP=C:\Users\ASUS\AppData\Local\Temp
TEMP=C:\Users\ASUS\AppData\Local\Temp




Periodic native trim disabled

---------------  S Y S T E M  ---------------

OS:
 Windows 11 , 64 bit Build 22621 (10.0.22621.5415)
OS uptime: 0 days 0:21 hours
Hyper-V role detected

CPU: total 4 (initial active 4) (4 cores per cpu, 2 threads per core) family 23 model 24 stepping 1 microcode 0x0, cx8, cmov, fxsr, ht, mmx, 3dnowpref, sse, sse2, sse3, ssse3, sse4a, sse4.1, sse4.2, popcnt, lzcnt, tsc, tscinvbit, avx, avx2, aes, clmul, bmi1, bmi2, adx, sha, fma, vzeroupper, clflush, clflushopt, hv, rdtscp, f16c
Processor Information for the first 4 processors :
  Max Mhz: 2600, Current Mhz: 2600, Mhz Limit: 2600

Memory: 4k page, system-wide physical 6094M (313M free)
TotalPageFile size 14286M (AvailPageFile size 112M)
current process WorkingSet (physical memory assigned to process): 96M, peak: 96M
current process commit charge ("private bytes"): 194M, peak: 194M

vm_info: OpenJDK 64-Bit Server VM (21.0.8+9-LTS) for windows-amd64 JRE (21.0.8+9-LTS), built on 2025-07-15T00:00:00Z by "admin" with MS VC++ 17.7 (VS2022)

END.
