#
# There is insufficient memory for the Java Runtime Environment to continue.
# Native memory allocation (malloc) failed to allocate 32744 bytes. Error detail: Chunk::new
# Possible reasons:
#   The system is out of physical RAM or swap space
#   This process is running with CompressedOops enabled, and the Java Heap may be blocking the growth of the native heap
# Possible solutions:
#   Reduce memory load on the system
#   Increase physical memory or swap space
#   Check if swap backing store is full
#   Decrease Java heap size (-Xmx/-Xms)
#   Decrease number of Java threads
#   Decrease Java thread stack sizes (-Xss)
#   Set larger code cache with -XX:ReservedCodeCacheSize=
#   JVM is running with Unscaled Compressed Oops mode in which the Java heap is
#     placed in the first 4GB address space. The Java Heap base address is the
#     maximum limit for the native heap growth. Please use -XX:HeapBaseMinAddress
#     to set the Java Heap base and to place the Java Heap above 4GB virtual address.
# This output file may be truncated or incomplete.
#
#  Out of Memory Error (arena.cpp:168), pid=11800, tid=19220
#
# JRE version: OpenJDK Runtime Environment Temurin-21.0.8+9 (21.0.8+9) (build 21.0.8+9-LTS)
# Java VM: OpenJDK 64-Bit Server VM Temurin-21.0.8+9 (21.0.8+9-LTS, mixed mode, sharing, tiered, compressed oops, compressed class ptrs, g1 gc, windows-amd64)
# No core dump will be written. Minidumps are not enabled by default on client versions of Windows
#

---------------  S U M M A R Y ------------

Command Line: -ea -XX:+ShowCodeDetailsInExceptionMessages -Dfile.encoding=UTF-8 org.eclipse.jdt.internal.junit.runner.RemoteTestRunner -version 3 -port 50366 -testLoaderClass org.eclipse.jdt.internal.junit5.runner.JUnit5TestLoader -loaderpluginname org.eclipse.jdt.junit5.runtime -testNameFile C:\Users\ASUS\AppData\Local\Temp\testNames14690115255393316581.txt

Host: AMD Ryzen 3 3250U with Radeon Graphics         , 4 cores, 5G,  Windows 11 , 64 bit Build 22621 (10.0.22621.5415)
Time: Tue Sep 16 08:52:22 2025 Sri Lanka Standard Time elapsed time: 83.863331 seconds (0d 0h 1m 23s)

---------------  T H R E A D  ---------------

Current thread (0x000001f7b87266c0):  JavaThread "C2 CompilerThread0" daemon [_thread_in_native, id=19220, stack(0x00000059c7500000,0x00000059c7600000) (1024K)]


Current CompileTask:
C2:83863 5302       4       org.springframework.core.annotation.AnnotationsScanner::getDeclaredAnnotations (166 bytes)

Stack: [0x00000059c7500000,0x00000059c7600000]
Native frames: (J=compiled Java code, j=interpreted, Vv=VM code, C=native code)
V  [jvm.dll+0x6d2449]
V  [jvm.dll+0x8ae341]
V  [jvm.dll+0x8b08be]
V  [jvm.dll+0x8b0fa3]
V  [jvm.dll+0x280c96]
V  [jvm.dll+0xc581d]
V  [jvm.dll+0xc5d53]
V  [jvm.dll+0x67013a]
V  [jvm.dll+0x6e2dcd]
V  [jvm.dll+0x6e6af3]
V  [jvm.dll+0x6ec37f]
V  [jvm.dll+0x6e4833]
V  [jvm.dll+0x6e3f4e]
V  [jvm.dll+0x6e203c]
V  [jvm.dll+0x1cba2c]
V  [jvm.dll+0x2f45ac]
V  [jvm.dll+0x6ec842]
V  [jvm.dll+0x6e4833]
V  [jvm.dll+0x6e3f4e]
V  [jvm.dll+0x6e203c]
V  [jvm.dll+0x1cba2c]
V  [jvm.dll+0x2f45ac]
V  [jvm.dll+0x6ec842]
V  [jvm.dll+0x6e4833]
V  [jvm.dll+0x6e3f4e]
V  [jvm.dll+0x6e203c]
V  [jvm.dll+0x1cba2c]
V  [jvm.dll+0x2f45ac]
V  [jvm.dll+0x6ec842]
V  [jvm.dll+0x6e4833]
V  [jvm.dll+0x6e3f4e]
V  [jvm.dll+0x6e203c]
V  [jvm.dll+0x1cba2c]
V  [jvm.dll+0x2f45ac]
V  [jvm.dll+0x6ec842]
V  [jvm.dll+0x6e4833]
V  [jvm.dll+0x6e3f4e]
V  [jvm.dll+0x6e203c]
V  [jvm.dll+0x1cba2c]
V  [jvm.dll+0x1cc5ac]
V  [jvm.dll+0x2f45ac]
V  [jvm.dll+0x6ec842]
V  [jvm.dll+0x6e4833]
V  [jvm.dll+0x6e3f4e]
V  [jvm.dll+0x6e203c]
V  [jvm.dll+0x1cba2c]
V  [jvm.dll+0x1cc5ac]
V  [jvm.dll+0x2f45ac]
V  [jvm.dll+0x6ec842]
V  [jvm.dll+0x6e4833]
V  [jvm.dll+0x6e3f4e]
V  [jvm.dll+0x6e203c]
V  [jvm.dll+0x1cba2c]
V  [jvm.dll+0x1cc5ac]
V  [jvm.dll+0x2f45ac]
V  [jvm.dll+0x6ec842]
V  [jvm.dll+0x6e4833]
V  [jvm.dll+0x6e3f4e]
V  [jvm.dll+0x6e203c]
V  [jvm.dll+0x1cba2c]
V  [jvm.dll+0x1cc5ac]
V  [jvm.dll+0x2f45ac]
V  [jvm.dll+0x6ec842]
V  [jvm.dll+0x6e4833]
V  [jvm.dll+0x6e3f4e]
V  [jvm.dll+0x6e203c]
V  [jvm.dll+0x1cba2c]
V  [jvm.dll+0x1cc5ac]
V  [jvm.dll+0x2f45ac]
V  [jvm.dll+0x6ec842]
V  [jvm.dll+0x6e4833]
V  [jvm.dll+0x6e3f4e]
V  [jvm.dll+0x6e203c]
V  [jvm.dll+0x1cba2c]
V  [jvm.dll+0x1cc5ac]
V  [jvm.dll+0x2f45ac]
V  [jvm.dll+0x6ec842]
V  [jvm.dll+0x6e4833]
V  [jvm.dll+0x6e3f4e]
V  [jvm.dll+0x6e203c]
V  [jvm.dll+0x1cba2c]
V  [jvm.dll+0x1cc5ac]
V  [jvm.dll+0x2f45ac]
V  [jvm.dll+0x6ec842]
V  [jvm.dll+0x6e4833]
V  [jvm.dll+0x6e3f4e]
V  [jvm.dll+0x6e203c]
V  [jvm.dll+0x1cba2c]
V  [jvm.dll+0x1cc5ac]
V  [jvm.dll+0x2f45ac]
V  [jvm.dll+0x6ec842]
V  [jvm.dll+0x6e4833]
V  [jvm.dll+0x6e3f4e]
V  [jvm.dll+0x6e203c]
V  [jvm.dll+0x1cba2c]
V  [jvm.dll+0x24801e]
V  [jvm.dll+0x1c89ee]
V  [jvm.dll+0x257d4d]
V  [jvm.dll+0x2562ea]
...<more frames>...


---------------  P R O C E S S  ---------------

Threads class SMR info:
_java_thread_list=0x000001f780936fb0, length=23, elements={
0x000001f79ad38280, 0x000001f7b871d870, 0x000001f7b871e6d0, 0x000001f7b8721340,
0x000001f7b8721f90, 0x000001f7b8724ef0, 0x000001f7b8725940, 0x000001f7b87266c0,
0x000001f7b8791a80, 0x000001f7b8885610, 0x000001f7b888d6d0, 0x000001f7b8a0be60,
0x000001f7feb95e50, 0x000001f7febb20f0, 0x000001f7febb2750, 0x000001f7febb2db0,
0x000001f7febb3410, 0x000001f7ff154700, 0x000001f7fe621820, 0x000001f7fe621eb0,
0x000001f7fe622540, 0x000001f7fe624ca0, 0x000001f7fe6238f0
}

Java Threads: ( => current thread )
  0x000001f79ad38280 JavaThread "main"                              [_thread_in_vm, id=15668, stack(0x00000059c6700000,0x00000059c6800000) (1024K)]
  0x000001f7b871d870 JavaThread "Reference Handler"          daemon [_thread_blocked, id=6736, stack(0x00000059c6f00000,0x00000059c7000000) (1024K)]
  0x000001f7b871e6d0 JavaThread "Finalizer"                  daemon [_thread_blocked, id=4996, stack(0x00000059c7000000,0x00000059c7100000) (1024K)]
  0x000001f7b8721340 JavaThread "Signal Dispatcher"          daemon [_thread_blocked, id=16120, stack(0x00000059c7100000,0x00000059c7200000) (1024K)]
  0x000001f7b8721f90 JavaThread "Attach Listener"            daemon [_thread_blocked, id=9716, stack(0x00000059c7200000,0x00000059c7300000) (1024K)]
  0x000001f7b8724ef0 JavaThread "Service Thread"             daemon [_thread_blocked, id=6608, stack(0x00000059c7300000,0x00000059c7400000) (1024K)]
  0x000001f7b8725940 JavaThread "Monitor Deflation Thread"   daemon [_thread_blocked, id=15416, stack(0x00000059c7400000,0x00000059c7500000) (1024K)]
=>0x000001f7b87266c0 JavaThread "C2 CompilerThread0"         daemon [_thread_in_native, id=19220, stack(0x00000059c7500000,0x00000059c7600000) (1024K)]
  0x000001f7b8791a80 JavaThread "C1 CompilerThread0"         daemon [_thread_blocked, id=14080, stack(0x00000059c7600000,0x00000059c7700000) (1024K)]
  0x000001f7b8885610 JavaThread "Notification Thread"        daemon [_thread_blocked, id=3012, stack(0x00000059c7700000,0x00000059c7800000) (1024K)]
  0x000001f7b888d6d0 JavaThread "Common-Cleaner"             daemon [_thread_blocked, id=10428, stack(0x00000059c7800000,0x00000059c7900000) (1024K)]
  0x000001f7b8a0be60 JavaThread "ReaderThread"                      [_thread_in_native, id=11144, stack(0x00000059c7900000,0x00000059c7a00000) (1024K)]
  0x000001f7feb95e50 JavaThread "Thread-0"                   daemon [_thread_in_native, id=14940, stack(0x00000059c7e00000,0x00000059c7f00000) (1024K)]
  0x000001f7febb20f0 JavaThread "Thread-1"                   daemon [_thread_in_native, id=12824, stack(0x00000059c7f00000,0x00000059c8000000) (1024K)]
  0x000001f7febb2750 JavaThread "Thread-2"                   daemon [_thread_in_native, id=16860, stack(0x00000059c8000000,0x00000059c8100000) (1024K)]
  0x000001f7febb2db0 JavaThread "Thread-3"                   daemon [_thread_in_native, id=14764, stack(0x00000059c8100000,0x00000059c8200000) (1024K)]
  0x000001f7febb3410 JavaThread "Thread-4"                   daemon [_thread_in_native, id=9452, stack(0x00000059c8200000,0x00000059c8300000) (1024K)]
  0x000001f7ff154700 JavaThread "Thread-9"                   daemon [_thread_blocked, id=19692, stack(0x00000059c8400000,0x00000059c8500000) (1024K)]
  0x000001f7fe621820 JavaThread "Thread-10"                  daemon [_thread_blocked, id=21344, stack(0x00000059c8500000,0x00000059c8600000) (1024K)]
  0x000001f7fe621eb0 JavaThread "testcontainers-ryuk"        daemon [_thread_blocked, id=16100, stack(0x00000059c8600000,0x00000059c8700000) (1024K)]
  0x000001f7fe622540 JavaThread "Catalina-utility-1"                [_thread_blocked, id=8464, stack(0x00000059c8700000,0x00000059c8800000) (1024K)]
  0x000001f7fe624ca0 JavaThread "Catalina-utility-2"                [_thread_blocked, id=1892, stack(0x00000059c8a00000,0x00000059c8b00000) (1024K)]
  0x000001f7fe6238f0 JavaThread "container-0"                       [_thread_blocked, id=19468, stack(0x00000059c8b00000,0x00000059c8c00000) (1024K)]
Total: 23

Other Threads:
  0x000001f7b8705000 VMThread "VM Thread"                           [id=1236, stack(0x00000059c6e00000,0x00000059c6f00000) (1024K)]
  0x000001f7b86f10f0 WatcherThread "VM Periodic Task Thread"        [id=8156, stack(0x00000059c6d00000,0x00000059c6e00000) (1024K)]
  0x000001f79ad80960 WorkerThread "GC Thread#0"                     [id=11752, stack(0x00000059c6800000,0x00000059c6900000) (1024K)]
  0x000001f7fe394fe0 WorkerThread "GC Thread#1"                     [id=6468, stack(0x00000059c7a00000,0x00000059c7b00000) (1024K)]
  0x000001f7fe395380 WorkerThread "GC Thread#2"                     [id=10012, stack(0x00000059c7b00000,0x00000059c7c00000) (1024K)]
  0x000001f7fe3167a0 WorkerThread "GC Thread#3"                     [id=11456, stack(0x00000059c7c00000,0x00000059c7d00000) (1024K)]
  0x000001f79ad8e7d0 ConcurrentGCThread "G1 Main Marker"            [id=19268, stack(0x00000059c6900000,0x00000059c6a00000) (1024K)]
  0x000001f79ad8f2d0 WorkerThread "G1 Conc#0"                       [id=16328, stack(0x00000059c6a00000,0x00000059c6b00000) (1024K)]
  0x000001f79adedb10 ConcurrentGCThread "G1 Refine#0"               [id=12428, stack(0x00000059c6b00000,0x00000059c6c00000) (1024K)]
  0x000001f79adee680 ConcurrentGCThread "G1 Service"                [id=12912, stack(0x00000059c6c00000,0x00000059c6d00000) (1024K)]
Total: 10

Threads with active compile tasks:
C2 CompilerThread0  84112 5302       4       org.springframework.core.annotation.AnnotationsScanner::getDeclaredAnnotations (166 bytes)
Total: 1

VM state: not at safepoint (normal execution)

VM Mutex/Monitor currently owned by a thread:  ([mutex/lock_event])
[0x00007ffe36883458] Metaspace_lock - owner thread: 0x000001f79ad38280

Heap address: 0x00000000a0c00000, size: 1524 MB, Compressed Oops mode: 32-bit

CDS archive(s) mapped at: [0x000001f7b9000000-0x000001f7b9c80000-0x000001f7b9c80000), size 13107200, SharedBaseAddress: 0x000001f7b9000000, ArchiveRelocationMode: 1.
Compressed class space mapped at: 0x000001f7ba000000-0x000001f7fa000000, reserved size: 1073741824
Narrow klass base: 0x000001f7b9000000, Narrow klass shift: 0, Narrow klass range: 0x100000000

GC Precious Log:
 CardTable entry size: 512
 Card Set container configuration: InlinePtr #cards 5 size 8 Array Of Cards #cards 12 size 40 Howl #buckets 4 coarsen threshold 1843 Howl Bitmap #cards 512 size 80 coarsen threshold 460 Card regions per heap region 1 cards per card region 2048
 CPUs: 4 total, 4 available
 Memory: 6094M
 Large Page Support: Disabled
 NUMA Support: Disabled
 Compressed Oops: Enabled (32-bit)
 Heap Region Size: 1M
 Heap Min Capacity: 8M
 Heap Initial Capacity: 96M
 Heap Max Capacity: 1524M
 Pre-touch: Disabled
 Parallel Workers: 4
 Concurrent Workers: 1
 Concurrent Refinement Workers: 4
 Periodic GC: Disabled

Heap:
 garbage-first heap   total 61440K, used 37206K [0x00000000a0c00000, 0x0000000100000000)
  region size 1024K, 14 young (14336K), 4 survivors (4096K)
 Metaspace       used 45085K, committed 45632K, reserved 1114112K
  class space    used 5819K, committed 6080K, reserved 1048576K

Heap Regions: E=young(eden), S=young(survivor), O=old, HS=humongous(starts), HC=humongous(continues), CS=collection set, F=free, TAMS=top-at-mark-start, PB=parsable bottom
|   0|0x00000000a0c00000, 0x00000000a0d00000, 0x00000000a0d00000|100%|HS|  |TAMS 0x00000000a0c00000| PB 0x00000000a0c00000| Complete 
|   1|0x00000000a0d00000, 0x00000000a0e00000, 0x00000000a0e00000|100%|HS|  |TAMS 0x00000000a0d00000| PB 0x00000000a0d00000| Complete 
|   2|0x00000000a0e00000, 0x00000000a0f00000, 0x00000000a0f00000|100%|HC|  |TAMS 0x00000000a0e00000| PB 0x00000000a0e00000| Complete 
|   3|0x00000000a0f00000, 0x00000000a1000000, 0x00000000a1000000|100%| O|  |TAMS 0x00000000a0f00000| PB 0x00000000a0f00000| Untracked 
|   4|0x00000000a1000000, 0x00000000a1100000, 0x00000000a1100000|100%| O|  |TAMS 0x00000000a1000000| PB 0x00000000a1000000| Untracked 
|   5|0x00000000a1100000, 0x00000000a1200000, 0x00000000a1200000|100%| O|  |TAMS 0x00000000a1100000| PB 0x00000000a1100000| Untracked 
|   6|0x00000000a1200000, 0x00000000a1300000, 0x00000000a1300000|100%| O|  |TAMS 0x00000000a1200000| PB 0x00000000a1200000| Untracked 
|   7|0x00000000a1300000, 0x00000000a1400000, 0x00000000a1400000|100%| O|  |TAMS 0x00000000a1300000| PB 0x00000000a1300000| Untracked 
|   8|0x00000000a1400000, 0x00000000a1500000, 0x00000000a1500000|100%| O|  |TAMS 0x00000000a1400000| PB 0x00000000a1400000| Untracked 
|   9|0x00000000a1500000, 0x00000000a1600000, 0x00000000a1600000|100%| O|  |TAMS 0x00000000a1500000| PB 0x00000000a1500000| Untracked 
|  10|0x00000000a1600000, 0x00000000a1700000, 0x00000000a1700000|100%| O|  |TAMS 0x00000000a1600000| PB 0x00000000a1600000| Untracked 
|  11|0x00000000a1700000, 0x00000000a1800000, 0x00000000a1800000|100%| O|  |TAMS 0x00000000a1700000| PB 0x00000000a1700000| Untracked 
|  12|0x00000000a1800000, 0x00000000a1900000, 0x00000000a1900000|100%| O|  |TAMS 0x00000000a1800000| PB 0x00000000a1800000| Untracked 
|  13|0x00000000a1900000, 0x00000000a1a00000, 0x00000000a1a00000|100%| O|  |TAMS 0x00000000a1900000| PB 0x00000000a1900000| Untracked 
|  14|0x00000000a1a00000, 0x00000000a1b00000, 0x00000000a1b00000|100%| O|  |TAMS 0x00000000a1a00000| PB 0x00000000a1a00000| Untracked 
|  15|0x00000000a1b00000, 0x00000000a1c00000, 0x00000000a1c00000|100%| O|  |TAMS 0x00000000a1b00000| PB 0x00000000a1b00000| Untracked 
|  16|0x00000000a1c00000, 0x00000000a1d00000, 0x00000000a1d00000|100%| O|  |TAMS 0x00000000a1c00000| PB 0x00000000a1c00000| Untracked 
|  17|0x00000000a1d00000, 0x00000000a1e00000, 0x00000000a1e00000|100%| O|  |TAMS 0x00000000a1d00000| PB 0x00000000a1d00000| Untracked 
|  18|0x00000000a1e00000, 0x00000000a1f00000, 0x00000000a1f00000|100%| O|  |TAMS 0x00000000a1e00000| PB 0x00000000a1e00000| Untracked 
|  19|0x00000000a1f00000, 0x00000000a2000000, 0x00000000a2000000|100%| O|  |TAMS 0x00000000a1f00000| PB 0x00000000a1f00000| Untracked 
|  20|0x00000000a2000000, 0x00000000a2000000, 0x00000000a2100000|  0%| F|  |TAMS 0x00000000a2000000| PB 0x00000000a2000000| Untracked 
|  21|0x00000000a2100000, 0x00000000a2200000, 0x00000000a2200000|100%| O|  |TAMS 0x00000000a2100000| PB 0x00000000a2100000| Untracked 
|  22|0x00000000a2200000, 0x00000000a2300000, 0x00000000a2300000|100%| O|  |TAMS 0x00000000a2200000| PB 0x00000000a2200000| Untracked 
|  23|0x00000000a2300000, 0x00000000a2400000, 0x00000000a2400000|100%| O|  |TAMS 0x00000000a2300000| PB 0x00000000a2300000| Untracked 
|  24|0x00000000a2400000, 0x00000000a2455ba8, 0x00000000a2500000| 33%| O|  |TAMS 0x00000000a2400000| PB 0x00000000a2400000| Untracked 
|  25|0x00000000a2500000, 0x00000000a2500000, 0x00000000a2600000|  0%| F|  |TAMS 0x00000000a2500000| PB 0x00000000a2500000| Untracked 
|  26|0x00000000a2600000, 0x00000000a2600000, 0x00000000a2700000|  0%| F|  |TAMS 0x00000000a2600000| PB 0x00000000a2600000| Untracked 
|  27|0x00000000a2700000, 0x00000000a2700000, 0x00000000a2800000|  0%| F|  |TAMS 0x00000000a2700000| PB 0x00000000a2700000| Untracked 
|  28|0x00000000a2800000, 0x00000000a2800000, 0x00000000a2900000|  0%| F|  |TAMS 0x00000000a2800000| PB 0x00000000a2800000| Untracked 
|  29|0x00000000a2900000, 0x00000000a2900000, 0x00000000a2a00000|  0%| F|  |TAMS 0x00000000a2900000| PB 0x00000000a2900000| Untracked 
|  30|0x00000000a2a00000, 0x00000000a2b00000, 0x00000000a2b00000|100%| S|CS|TAMS 0x00000000a2a00000| PB 0x00000000a2a00000| Complete 
|  31|0x00000000a2b00000, 0x00000000a2c00000, 0x00000000a2c00000|100%| S|CS|TAMS 0x00000000a2b00000| PB 0x00000000a2b00000| Complete 
|  32|0x00000000a2c00000, 0x00000000a2c00000, 0x00000000a2d00000|  0%| F|  |TAMS 0x00000000a2c00000| PB 0x00000000a2c00000| Untracked 
|  33|0x00000000a2d00000, 0x00000000a2d00000, 0x00000000a2e00000|  0%| F|  |TAMS 0x00000000a2d00000| PB 0x00000000a2d00000| Untracked 
|  34|0x00000000a2e00000, 0x00000000a2e00000, 0x00000000a2f00000|  0%| F|  |TAMS 0x00000000a2e00000| PB 0x00000000a2e00000| Untracked 
|  35|0x00000000a2f00000, 0x00000000a3000000, 0x00000000a3000000|100%| S|CS|TAMS 0x00000000a2f00000| PB 0x00000000a2f00000| Complete 
|  36|0x00000000a3000000, 0x00000000a3100000, 0x00000000a3100000|100%| S|CS|TAMS 0x00000000a3000000| PB 0x00000000a3000000| Complete 
|  37|0x00000000a3100000, 0x00000000a3100000, 0x00000000a3200000|  0%| F|  |TAMS 0x00000000a3100000| PB 0x00000000a3100000| Untracked 
|  38|0x00000000a3200000, 0x00000000a3200000, 0x00000000a3300000|  0%| F|  |TAMS 0x00000000a3200000| PB 0x00000000a3200000| Untracked 
|  39|0x00000000a3300000, 0x00000000a3300000, 0x00000000a3400000|  0%| F|  |TAMS 0x00000000a3300000| PB 0x00000000a3300000| Untracked 
|  40|0x00000000a3400000, 0x00000000a3400000, 0x00000000a3500000|  0%| F|  |TAMS 0x00000000a3400000| PB 0x00000000a3400000| Untracked 
|  41|0x00000000a3500000, 0x00000000a3500000, 0x00000000a3600000|  0%| F|  |TAMS 0x00000000a3500000| PB 0x00000000a3500000| Untracked 
|  42|0x00000000a3600000, 0x00000000a3600000, 0x00000000a3700000|  0%| F|  |TAMS 0x00000000a3600000| PB 0x00000000a3600000| Untracked 
|  43|0x00000000a3700000, 0x00000000a3700000, 0x00000000a3800000|  0%| F|  |TAMS 0x00000000a3700000| PB 0x00000000a3700000| Untracked 
|  44|0x00000000a3800000, 0x00000000a3800000, 0x00000000a3900000|  0%| F|  |TAMS 0x00000000a3800000| PB 0x00000000a3800000| Untracked 
|  45|0x00000000a3900000, 0x00000000a3900000, 0x00000000a3a00000|  0%| F|  |TAMS 0x00000000a3900000| PB 0x00000000a3900000| Untracked 
|  46|0x00000000a3a00000, 0x00000000a3a00000, 0x00000000a3b00000|  0%| F|  |TAMS 0x00000000a3a00000| PB 0x00000000a3a00000| Untracked 
|  47|0x00000000a3b00000, 0x00000000a3b00000, 0x00000000a3c00000|  0%| F|  |TAMS 0x00000000a3b00000| PB 0x00000000a3b00000| Untracked 
|  48|0x00000000a3c00000, 0x00000000a3c00000, 0x00000000a3d00000|  0%| F|  |TAMS 0x00000000a3c00000| PB 0x00000000a3c00000| Untracked 
|  49|0x00000000a3d00000, 0x00000000a3d00000, 0x00000000a3e00000|  0%| F|  |TAMS 0x00000000a3d00000| PB 0x00000000a3d00000| Untracked 
|  50|0x00000000a3e00000, 0x00000000a3f00000, 0x00000000a3f00000|100%| E|  |TAMS 0x00000000a3e00000| PB 0x00000000a3e00000| Complete 
|  51|0x00000000a3f00000, 0x00000000a4000000, 0x00000000a4000000|100%| E|CS|TAMS 0x00000000a3f00000| PB 0x00000000a3f00000| Complete 
|  52|0x00000000a4000000, 0x00000000a4100000, 0x00000000a4100000|100%| E|CS|TAMS 0x00000000a4000000| PB 0x00000000a4000000| Complete 
|  53|0x00000000a4100000, 0x00000000a4200000, 0x00000000a4200000|100%| E|CS|TAMS 0x00000000a4100000| PB 0x00000000a4100000| Complete 
|  54|0x00000000a4200000, 0x00000000a4300000, 0x00000000a4300000|100%| E|CS|TAMS 0x00000000a4200000| PB 0x00000000a4200000| Complete 
|  55|0x00000000a4300000, 0x00000000a4400000, 0x00000000a4400000|100%| E|CS|TAMS 0x00000000a4300000| PB 0x00000000a4300000| Complete 
|  56|0x00000000a4400000, 0x00000000a4500000, 0x00000000a4500000|100%| E|CS|TAMS 0x00000000a4400000| PB 0x00000000a4400000| Complete 
|  57|0x00000000a4500000, 0x00000000a4600000, 0x00000000a4600000|100%| E|CS|TAMS 0x00000000a4500000| PB 0x00000000a4500000| Complete 
|  58|0x00000000a4600000, 0x00000000a4700000, 0x00000000a4700000|100%| E|CS|TAMS 0x00000000a4600000| PB 0x00000000a4600000| Complete 
|  95|0x00000000a6b00000, 0x00000000a6c00000, 0x00000000a6c00000|100%| E|CS|TAMS 0x00000000a6b00000| PB 0x00000000a6b00000| Complete 

Card table byte_map: [0x000001f7b4640000,0x000001f7b4940000] _byte_map_base: 0x000001f7b413a000

Marking Bits: (CMBitMap*) 0x000001f79ad81060
 Bits: [0x000001f7b4940000, 0x000001f7b6110000)

Polling page: 0x000001f7a4cf0000

Metaspace:

Usage:
  Non-class:     38.35 MB used.
      Class:      5.68 MB used.
       Both:     44.03 MB used.

Virtual space:
  Non-class space:       64.00 MB reserved,      38.62 MB ( 60%) committed,  1 nodes.
      Class space:        1.00 GB reserved,       5.94 MB ( <1%) committed,  1 nodes.
             Both:        1.06 GB reserved,      44.56 MB (  4%) committed. 

Chunk freelists:
   Non-Class:  8.42 MB
       Class:  9.91 MB
        Both:  18.33 MB

MaxMetaspaceSize: unlimited
CompressedClassSpaceSize: 1.00 GB
Initial GC threshold: 21.00 MB
Current GC threshold: 58.69 MB
CDS: on
 - commit_granule_bytes: 65536.
 - commit_granule_words: 8192.
 - virtual_space_node_default_size: 8388608.
 - enlarge_chunks_in_place: 1.
 - use_allocation_guard: 0.


Internal statistics:

num_allocs_failed_limit: 6.
num_arena_births: 642.
num_arena_deaths: 0.
num_vsnodes_births: 2.
num_vsnodes_deaths: 0.
num_space_committed: 713.
num_space_uncommitted: 0.
num_chunks_returned_to_freelist: 6.
num_chunks_taken_from_freelist: 2286.
num_chunk_merges: 6.
num_chunk_splits: 1594.
num_chunks_enlarged: 1217.
num_inconsistent_stats: 0.

CodeHeap 'non-profiled nmethods': size=120000Kb used=2544Kb max_used=2544Kb free=117455Kb
 bounds [0x000001f7ac7e0000, 0x000001f7aca60000, 0x000001f7b3d10000]
CodeHeap 'profiled nmethods': size=120000Kb used=10080Kb max_used=10080Kb free=109919Kb
 bounds [0x000001f7a4d10000, 0x000001f7a56f0000, 0x000001f7ac240000]
CodeHeap 'non-nmethods': size=5760Kb used=1917Kb max_used=1954Kb free=3842Kb
 bounds [0x000001f7ac240000, 0x000001f7ac4b0000, 0x000001f7ac7e0000]
CodeCache: size=245760Kb, used=14541Kb, max_used=14578Kb, free=231216Kb
 total_blobs=5601, nmethods=4910, adapters=594, full_count=0
Compilation: enabled, stopped_count=0, restarted_count=0

Compilation events (20 events):
Event: 83.785 Thread 0x000001f7b8791a80 nmethod 5293 0x000001f7a56e1610 code [0x000001f7a56e17e0, 0x000001f7a56e1a40]
Event: 83.785 Thread 0x000001f7b8791a80 5294       3       java.lang.Class::getEnclosingClass (70 bytes)
Event: 83.786 Thread 0x000001f7b8791a80 nmethod 5294 0x000001f7a56e1b90 code [0x000001f7a56e1dc0, 0x000001f7a56e23f8]
Event: 83.786 Thread 0x000001f7b8791a80 5295       3       sun.reflect.generics.parser.SignatureParser::parseSuperInterfaces (51 bytes)
Event: 83.787 Thread 0x000001f7b8791a80 nmethod 5295 0x000001f7a56e2610 code [0x000001f7a56e2840, 0x000001f7a56e3210]
Event: 83.787 Thread 0x000001f7b8791a80 5296       3       sun.reflect.generics.tree.ClassSignature::make (11 bytes)
Event: 83.787 Thread 0x000001f7b8791a80 nmethod 5296 0x000001f7a56e3510 code [0x000001f7a56e36c0, 0x000001f7a56e39d8]
Event: 83.790 Thread 0x000001f7b8791a80 5297       1       org.springframework.beans.GenericTypeAwarePropertyDescriptor::getReadMethod (5 bytes)
Event: 83.790 Thread 0x000001f7b8791a80 nmethod 5297 0x000001f7aca5b510 code [0x000001f7aca5b6a0, 0x000001f7aca5b768]
Event: 83.790 Thread 0x000001f7b8791a80 5298       3       org.springframework.core.ResolvableType::forMethodParameter (40 bytes)
Event: 83.791 Thread 0x000001f7b8791a80 nmethod 5298 0x000001f7a56e3b10 code [0x000001f7a56e3d80, 0x000001f7a56e48d8]
Event: 83.792 Thread 0x000001f7b8791a80 5299       3       org.springframework.core.convert.support.GenericConversionService$Converters::addToClassHierarchy (30 bytes)
Event: 83.792 Thread 0x000001f7b8791a80 nmethod 5299 0x000001f7a56e4c90 code [0x000001f7a56e4ea0, 0x000001f7a56e53f8]
Event: 83.797 Thread 0x000001f7b87266c0 5300       4       org.springframework.core.annotation.AnnotationFilter::matches (11 bytes)
Event: 83.797 Thread 0x000001f7b8791a80 5301       3       org.springframework.core.annotation.TypeMappedAnnotations::spliterator (14 bytes)
Event: 83.798 Thread 0x000001f7b8791a80 nmethod 5301 0x000001f7a56e5690 code [0x000001f7a56e5860, 0x000001f7a56e5bf8]
Event: 83.802 Thread 0x000001f7b8791a80 5303   !   3       org.springframework.beans.factory.support.AbstractBeanFactory::resolveBeanClass (96 bytes)
Event: 83.804 Thread 0x000001f7b8791a80 nmethod 5303 0x000001f7a56e5d10 code [0x000001f7a56e60a0, 0x000001f7a56e80a8]
Event: 83.811 Thread 0x000001f7b87266c0 nmethod 5300 0x000001f7aca5b810 code [0x000001f7aca5b9e0, 0x000001f7aca5bf18]
Event: 83.811 Thread 0x000001f7b87266c0 5302       4       org.springframework.core.annotation.AnnotationsScanner::getDeclaredAnnotations (166 bytes)

GC Heap History (18 events):
Event: 1.317 GC heap before
{Heap before GC invocations=0 (full 0):
 garbage-first heap   total 98304K, used 15360K [0x00000000a0c00000, 0x0000000100000000)
  region size 1024K, 13 young (13312K), 0 survivors (0K)
 Metaspace       used 2233K, committed 2368K, reserved 1114112K
  class space    used 230K, committed 320K, reserved 1048576K
}
Event: 1.367 GC heap after
{Heap after GC invocations=1 (full 0):
 garbage-first heap   total 98304K, used 9344K [0x00000000a0c00000, 0x0000000100000000)
  region size 1024K, 2 young (2048K), 2 survivors (2048K)
 Metaspace       used 2233K, committed 2368K, reserved 1114112K
  class space    used 230K, committed 320K, reserved 1048576K
}
Event: 2.673 GC heap before
{Heap before GC invocations=1 (full 0):
 garbage-first heap   total 98304K, used 20608K [0x00000000a0c00000, 0x0000000100000000)
  region size 1024K, 14 young (14336K), 2 survivors (2048K)
 Metaspace       used 5802K, committed 6016K, reserved 1114112K
  class space    used 712K, committed 832K, reserved 1048576K
}
Event: 2.677 GC heap after
{Heap after GC invocations=2 (full 0):
 garbage-first heap   total 98304K, used 10081K [0x00000000a0c00000, 0x0000000100000000)
  region size 1024K, 1 young (1024K), 1 survivors (1024K)
 Metaspace       used 5802K, committed 6016K, reserved 1114112K
  class space    used 712K, committed 832K, reserved 1048576K
}
Event: 4.409 GC heap before
{Heap before GC invocations=2 (full 0):
 garbage-first heap   total 98304K, used 38753K [0x00000000a0c00000, 0x0000000100000000)
  region size 1024K, 29 young (29696K), 1 survivors (1024K)
 Metaspace       used 13270K, committed 13568K, reserved 1114112K
  class space    used 1595K, committed 1728K, reserved 1048576K
}
Event: 4.416 GC heap after
{Heap after GC invocations=3 (full 0):
 garbage-first heap   total 98304K, used 12942K [0x00000000a0c00000, 0x0000000100000000)
  region size 1024K, 4 young (4096K), 4 survivors (4096K)
 Metaspace       used 13270K, committed 13568K, reserved 1114112K
  class space    used 1595K, committed 1728K, reserved 1048576K
}
Event: 36.528 GC heap before
{Heap before GC invocations=3 (full 0):
 garbage-first heap   total 98304K, used 59022K [0x00000000a0c00000, 0x0000000100000000)
  region size 1024K, 51 young (52224K), 4 survivors (4096K)
 Metaspace       used 21277K, committed 21504K, reserved 1114112K
  class space    used 2648K, committed 2752K, reserved 1048576K
}
Event: 36.547 GC heap after
{Heap after GC invocations=4 (full 0):
 garbage-first heap   total 98304K, used 17816K [0x00000000a0c00000, 0x0000000100000000)
  region size 1024K, 8 young (8192K), 8 survivors (8192K)
 Metaspace       used 21277K, committed 21504K, reserved 1114112K
  class space    used 2648K, committed 2752K, reserved 1048576K
}
Event: 39.476 GC heap before
{Heap before GC invocations=5 (full 0):
 garbage-first heap   total 61440K, used 46488K [0x00000000a0c00000, 0x0000000100000000)
  region size 1024K, 36 young (36864K), 8 survivors (8192K)
 Metaspace       used 28511K, committed 28928K, reserved 1114112K
  class space    used 3677K, committed 3840K, reserved 1048576K
}
Event: 39.495 GC heap after
{Heap after GC invocations=6 (full 0):
 garbage-first heap   total 61440K, used 20474K [0x00000000a0c00000, 0x0000000100000000)
  region size 1024K, 3 young (3072K), 3 survivors (3072K)
 Metaspace       used 28511K, committed 28928K, reserved 1114112K
  class space    used 3677K, committed 3840K, reserved 1048576K
}
Event: 41.936 GC heap before
{Heap before GC invocations=6 (full 0):
 garbage-first heap   total 61440K, used 46074K [0x00000000a0c00000, 0x0000000100000000)
  region size 1024K, 29 young (29696K), 3 survivors (3072K)
 Metaspace       used 34846K, committed 35200K, reserved 1114112K
  class space    used 4461K, committed 4608K, reserved 1048576K
}
Event: 41.945 GC heap after
{Heap after GC invocations=7 (full 0):
 garbage-first heap   total 61440K, used 23780K [0x00000000a0c00000, 0x0000000100000000)
  region size 1024K, 4 young (4096K), 4 survivors (4096K)
 Metaspace       used 34846K, committed 35200K, reserved 1114112K
  class space    used 4461K, committed 4608K, reserved 1048576K
}
Event: 42.220 GC heap before
{Heap before GC invocations=7 (full 0):
 garbage-first heap   total 61440K, used 27876K [0x00000000a0c00000, 0x0000000100000000)
  region size 1024K, 10 young (10240K), 4 survivors (4096K)
 Metaspace       used 35535K, committed 35968K, reserved 1114112K
  class space    used 4536K, committed 4736K, reserved 1048576K
}
Event: 42.226 GC heap after
{Heap after GC invocations=8 (full 0):
 garbage-first heap   total 61440K, used 24483K [0x00000000a0c00000, 0x0000000100000000)
  region size 1024K, 1 young (1024K), 1 survivors (1024K)
 Metaspace       used 35535K, committed 35968K, reserved 1114112K
  class space    used 4536K, committed 4736K, reserved 1048576K
}
Event: 45.028 GC heap before
{Heap before GC invocations=9 (full 0):
 garbage-first heap   total 61440K, used 49059K [0x00000000a0c00000, 0x0000000100000000)
  region size 1024K, 25 young (25600K), 1 survivors (1024K)
 Metaspace       used 38368K, committed 38848K, reserved 1114112K
  class space    used 4889K, committed 5120K, reserved 1048576K
}
Event: 45.034 GC heap after
{Heap after GC invocations=10 (full 0):
 garbage-first heap   total 61440K, used 26151K [0x00000000a0c00000, 0x0000000100000000)
  region size 1024K, 3 young (3072K), 3 survivors (3072K)
 Metaspace       used 38368K, committed 38848K, reserved 1114112K
  class space    used 4889K, committed 5120K, reserved 1048576K
}
Event: 48.620 GC heap before
{Heap before GC invocations=10 (full 0):
 garbage-first heap   total 61440K, used 49703K [0x00000000a0c00000, 0x0000000100000000)
  region size 1024K, 26 young (26624K), 3 survivors (3072K)
 Metaspace       used 43313K, committed 43840K, reserved 1114112K
  class space    used 5572K, committed 5824K, reserved 1048576K
}
Event: 48.631 GC heap after
{Heap after GC invocations=11 (full 0):
 garbage-first heap   total 61440K, used 27990K [0x00000000a0c00000, 0x0000000100000000)
  region size 1024K, 4 young (4096K), 4 survivors (4096K)
 Metaspace       used 43313K, committed 43840K, reserved 1114112K
  class space    used 5572K, committed 5824K, reserved 1048576K
}

Dll operation events (11 events):
Event: 0.025 Loaded shared library C:\Program Files\Java\jdk-21\bin\java.dll
Event: 0.129 Loaded shared library C:\Program Files\Java\jdk-21\bin\jsvml.dll
Event: 0.506 Loaded shared library C:\Program Files\Java\jdk-21\bin\net.dll
Event: 0.508 Loaded shared library C:\Program Files\Java\jdk-21\bin\nio.dll
Event: 0.515 Loaded shared library C:\Program Files\Java\jdk-21\bin\zip.dll
Event: 0.827 Loaded shared library C:\Program Files\Java\jdk-21\bin\jimage.dll
Event: 0.916 Loaded shared library C:\Program Files\Java\jdk-21\bin\extnet.dll
Event: 3.221 Loaded shared library C:\Program Files\Java\jdk-21\bin\verify.dll
Event: 40.871 Loaded shared library C:\Program Files\Java\jdk-21\bin\sunmscapi.dll
Event: 48.557 Loaded shared library C:\Program Files\Java\jdk-21\bin\management.dll
Event: 48.562 Loaded shared library C:\Program Files\Java\jdk-21\bin\management_ext.dll

Deoptimization events (20 events):
Event: 47.241 Thread 0x000001f79ad38280 DEOPT PACKING pc=0x000001f7ac82e284 sp=0x00000059c67f7fc0
Event: 47.241 Thread 0x000001f79ad38280 DEOPT UNPACKING pc=0x000001f7ac2946a2 sp=0x00000059c67f7f58 mode 2
Event: 47.937 Thread 0x000001f79ad38280 Uncommon trap: trap_request=0xffffff45 fr.pc=0x000001f7ac83b150 relative=0x0000000000000090
Event: 47.937 Thread 0x000001f79ad38280 Uncommon trap: reason=unstable_if action=reinterpret pc=0x000001f7ac83b150 method=java.lang.invoke.LambdaForm$BasicType.basicType(C)Ljava/lang/invoke/LambdaForm$BasicType; @ 1 c2
Event: 47.937 Thread 0x000001f79ad38280 DEOPT PACKING pc=0x000001f7ac83b150 sp=0x00000059c67fab00
Event: 47.937 Thread 0x000001f79ad38280 DEOPT UNPACKING pc=0x000001f7ac2946a2 sp=0x00000059c67faa30 mode 2
Event: 47.937 Thread 0x000001f79ad38280 Uncommon trap: trap_request=0xffffff45 fr.pc=0x000001f7ac880b98 relative=0x0000000000000078
Event: 47.937 Thread 0x000001f79ad38280 Uncommon trap: reason=unstable_if action=reinterpret pc=0x000001f7ac880b98 method=java.lang.invoke.LambdaForm$BasicType.basicType(C)Ljava/lang/invoke/LambdaForm$BasicType; @ 1 c2
Event: 47.937 Thread 0x000001f79ad38280 DEOPT PACKING pc=0x000001f7ac880b98 sp=0x00000059c67faa90
Event: 47.937 Thread 0x000001f79ad38280 DEOPT UNPACKING pc=0x000001f7ac2946a2 sp=0x00000059c67faa30 mode 2
Event: 48.660 Thread 0x000001f79ad38280 DEOPT PACKING pc=0x000001f7a4d626fb sp=0x00000059c67faba0
Event: 48.660 Thread 0x000001f79ad38280 DEOPT UNPACKING pc=0x000001f7ac294e42 sp=0x00000059c67fa010 mode 0
Event: 48.807 Thread 0x000001f79ad38280 Uncommon trap: trap_request=0xffffff45 fr.pc=0x000001f7ac8d3fd0 relative=0x0000000000000ed0
Event: 48.807 Thread 0x000001f79ad38280 Uncommon trap: reason=unstable_if action=reinterpret pc=0x000001f7ac8d3fd0 method=java.io.WinNTFileSystem.resolve(Ljava/lang/String;Ljava/lang/String;)Ljava/lang/String; @ 19 c2
Event: 48.807 Thread 0x000001f79ad38280 DEOPT PACKING pc=0x000001f7ac8d3fd0 sp=0x00000059c67fad70
Event: 48.807 Thread 0x000001f79ad38280 DEOPT UNPACKING pc=0x000001f7ac2946a2 sp=0x00000059c67fad30 mode 2
Event: 49.125 Thread 0x000001f79ad38280 Uncommon trap: trap_request=0xffffff54 fr.pc=0x000001f7aca12504 relative=0x00000000000011a4
Event: 49.125 Thread 0x000001f79ad38280 Uncommon trap: reason=speculate_null_assert action=make_not_entrant pc=0x000001f7aca12504 method=org.springframework.core.SimpleAliasRegistry.canonicalName(Ljava/lang/String;)Ljava/lang/String; @ 17 c2
Event: 49.125 Thread 0x000001f79ad38280 DEOPT PACKING pc=0x000001f7aca12504 sp=0x00000059c67fbe00
Event: 49.125 Thread 0x000001f79ad38280 DEOPT UNPACKING pc=0x000001f7ac2946a2 sp=0x00000059c67fbce8 mode 2

Classes loaded (20 events):
Event: 48.572 Loading class java/lang/management/DefaultPlatformMBeanProvider$10
Event: 48.573 Loading class java/lang/management/DefaultPlatformMBeanProvider$10 done
Event: 48.573 Loading class java/lang/management/DefaultPlatformMBeanProvider$11
Event: 48.573 Loading class java/lang/management/DefaultPlatformMBeanProvider$11 done
Event: 48.573 Loading class jdk/management/jfr/FlightRecorderMXBean
Event: 48.573 Loading class jdk/management/jfr/FlightRecorderMXBean done
Event: 48.573 Loading class jdk/management/jfr/internal/FlightRecorderMXBeanProvider$SingleMBeanComponent
Event: 48.573 Loading class jdk/management/jfr/internal/FlightRecorderMXBeanProvider$SingleMBeanComponent done
Event: 48.574 Loading class java/util/stream/ReduceOps$2
Event: 48.575 Loading class java/util/stream/ReduceOps$2 done
Event: 48.575 Loading class java/util/stream/ReduceOps$2ReducingSink
Event: 48.575 Loading class java/util/stream/ReduceOps$2ReducingSink done
Event: 48.575 Loading class sun/management/RuntimeImpl
Event: 48.575 Loading class sun/management/RuntimeImpl done
Event: 49.016 Loading class java/io/EOFException
Event: 49.016 Loading class java/io/EOFException done
Event: 49.106 Loading class java/util/concurrent/Executors$RunnableAdapter
Event: 49.107 Loading class java/util/concurrent/Executors$RunnableAdapter done
Event: 57.367 Loading class java/lang/foreign/MemorySegment
Event: 57.371 Loading class java/lang/foreign/MemorySegment done

Classes unloaded (0 events):
No events

Classes redefined (0 events):
No events

Internal exceptions (20 events):
Event: 46.910 Thread 0x000001f79ad38280 Exception <a 'java/lang/NoSuchMethodError'{0x00000000a3a020c0}: 'java.lang.Object java.lang.invoke.DirectMethodHandle$Holder.invokeVirtual(java.lang.Object, java.lang.Object, java.lang.Object, java.lang.Object, java.lang.Object, java.lang.Object)'> (0x00000000a3a020c0) 
thrown [s\src\hotspot\share\interpreter\linkResolver.cpp, line 773]
Event: 47.016 Thread 0x000001f79ad38280 Exception <a 'java/lang/NoSuchMethodError'{0x00000000a3a89dc8}: 'void java.lang.invoke.DirectMethodHandle$Holder.invokeSpecial(java.lang.Object, java.lang.Object, java.lang.Object, java.lang.Object, java.lang.Object, java.lang.Object, java.lang.Object)'> (0x00000000a3a89dc8) 
thrown [s\src\hotspot\share\interpreter\linkResolver.cpp, line 773]
Event: 47.063 Thread 0x000001f79ad38280 Exception <a 'java/lang/NoSuchMethodError'{0x00000000a3912e28}: 'void java.lang.invoke.DirectMethodHandle$Holder.invokeInterface(java.lang.Object, java.lang.Object, int)'> (0x00000000a3912e28) 
thrown [s\src\hotspot\share\interpreter\linkResolver.cpp, line 773]
Event: 47.072 Thread 0x000001f79ad38280 Exception <a 'java/lang/IncompatibleClassChangeError'{0x00000000a3956dc0}: Found class java.lang.Object, but interface was expected> (0x00000000a3956dc0) 
thrown [s\src\hotspot\share\interpreter\linkResolver.cpp, line 840]
Event: 47.074 Thread 0x000001f79ad38280 Exception <a 'java/lang/NoSuchMethodError'{0x00000000a3965be8}: 'int java.lang.invoke.DirectMethodHandle$Holder.invokeSpecialIFC(java.lang.Object, java.lang.Object, java.lang.Object)'> (0x00000000a3965be8) 
thrown [s\src\hotspot\share\interpreter\linkResolver.cpp, line 773]
Event: 47.077 Thread 0x000001f79ad38280 Exception <a 'java/lang/NoSuchMethodError'{0x00000000a397b6c8}: 'void java.lang.invoke.DirectMethodHandle$Holder.invokeStatic(java.lang.Object, int, java.lang.Object)'> (0x00000000a397b6c8) 
thrown [s\src\hotspot\share\interpreter\linkResolver.cpp, line 773]
Event: 47.086 Thread 0x000001f79ad38280 Exception <a 'java/lang/NoSuchMethodError'{0x00000000a39a96a0}: 'int java.lang.invoke.DirectMethodHandle$Holder.invokeSpecial(java.lang.Object, java.lang.Object, int)'> (0x00000000a39a96a0) 
thrown [s\src\hotspot\share\interpreter\linkResolver.cpp, line 773]
Event: 47.089 Thread 0x000001f79ad38280 Exception <a 'java/lang/NoSuchMethodError'{0x00000000a39b8c68}: 'void java.lang.invoke.DirectMethodHandle$Holder.invokeStatic(java.lang.Object, java.lang.Object, java.lang.Object, int, java.lang.Object)'> (0x00000000a39b8c68) 
thrown [s\src\hotspot\share\interpreter\linkResolver.cpp, line 773]
Event: 47.090 Thread 0x000001f79ad38280 Exception <a 'java/lang/NoSuchMethodError'{0x00000000a39bfe18}: 'java.lang.Object java.lang.invoke.DirectMethodHandle$Holder.newInvokeSpecial(java.lang.Object, java.lang.Object, java.lang.Object, int)'> (0x00000000a39bfe18) 
thrown [s\src\hotspot\share\interpreter\linkResolver.cpp, line 773]
Event: 47.090 Thread 0x000001f79ad38280 Exception <a 'java/lang/NoSuchMethodError'{0x00000000a39c4760}: 'java.lang.Object java.lang.invoke.DirectMethodHandle$Holder.invokeSpecial(java.lang.Object, java.lang.Object, java.lang.Object, java.lang.Object, int)'> (0x00000000a39c4760) 
thrown [s\src\hotspot\share\interpreter\linkResolver.cpp, line 773]
Event: 47.090 Thread 0x000001f79ad38280 Exception <a 'java/lang/NoSuchMethodError'{0x00000000a39c8418}: 'java.lang.Object java.lang.invoke.Invokers$Holder.linkToTargetMethod(java.lang.Object, java.lang.Object, int, java.lang.Object)'> (0x00000000a39c8418) 
thrown [s\src\hotspot\share\interpreter\linkResolver.cpp, line 773]
Event: 48.117 Thread 0x000001f79ad38280 Exception <a 'java/lang/NoSuchMethodError'{0x00000000a32c2800}: 'int java.lang.invoke.DirectMethodHandle$Holder.invokeVirtual(java.lang.Object, java.lang.Object, java.lang.Object, java.lang.Object)'> (0x00000000a32c2800) 
thrown [s\src\hotspot\share\interpreter\linkResolver.cpp, line 773]
Event: 48.118 Thread 0x000001f79ad38280 Exception <a 'java/lang/NoSuchMethodError'{0x00000000a32c6858}: 'int java.lang.invoke.DelegatingMethodHandle$Holder.reinvoke_L(java.lang.Object, java.lang.Object, java.lang.Object, java.lang.Object)'> (0x00000000a32c6858) 
thrown [s\src\hotspot\share\interpreter\linkResolver.cpp, line 773]
Event: 48.595 Thread 0x000001f79ad38280 Exception <a 'java/io/FileNotFoundException'{0x00000000a31e64f8}> (0x00000000a31e64f8) 
thrown [s\src\hotspot\share\prims\jni.cpp, line 520]
Event: 48.596 Thread 0x000001f79ad38280 Exception <a 'java/io/FileNotFoundException'{0x00000000a31e84a0}> (0x00000000a31e84a0) 
thrown [s\src\hotspot\share\prims\jni.cpp, line 520]
Event: 48.777 Thread 0x000001f79ad38280 Exception <a 'java/io/FileNotFoundException'{0x00000000a46358e0}> (0x00000000a46358e0) 
thrown [s\src\hotspot\share\prims\jni.cpp, line 520]
Event: 48.778 Thread 0x000001f79ad38280 Exception <a 'java/io/FileNotFoundException'{0x00000000a4637758}> (0x00000000a4637758) 
thrown [s\src\hotspot\share\prims\jni.cpp, line 520]
Event: 48.873 Thread 0x000001f79ad38280 Exception <a 'java/lang/NoSuchMethodError'{0x00000000a45944a0}: 'int java.lang.invoke.DirectMethodHandle$Holder.invokeInterface(java.lang.Object, java.lang.Object, java.lang.Object, java.lang.Object)'> (0x00000000a45944a0) 
thrown [s\src\hotspot\share\interpreter\linkResolver.cpp, line 773]
Event: 49.070 Thread 0x000001f79ad38280 Exception <a 'java/lang/NoSuchMethodError'{0x00000000a4341bc8}: 'long java.lang.invoke.DirectMethodHandle$Holder.invokeVirtual(java.lang.Object, java.lang.Object)'> (0x00000000a4341bc8) 
thrown [s\src\hotspot\share\interpreter\linkResolver.cpp, line 773]
Event: 49.183 Thread 0x000001f79ad38280 Exception <a 'java/lang/NoSuchMethodError'{0x00000000a4248918}: 'void java.lang.invoke.DirectMethodHandle$Holder.invokeVirtual(java.lang.Object, java.lang.Object, long)'> (0x00000000a4248918) 
thrown [s\src\hotspot\share\interpreter\linkResolver.cpp, line 773]

ZGC Phase Switch (0 events):
No events

VM Operations (20 events):
Event: 53.131 Executing VM operation: Cleanup
Event: 53.131 Executing VM operation: Cleanup done
Event: 54.132 Executing VM operation: Cleanup
Event: 54.132 Executing VM operation: Cleanup done
Event: 55.135 Executing VM operation: Cleanup
Event: 55.135 Executing VM operation: Cleanup done
Event: 57.153 Executing VM operation: Cleanup
Event: 57.153 Executing VM operation: Cleanup done
Event: 58.167 Executing VM operation: Cleanup
Event: 58.167 Executing VM operation: Cleanup done
Event: 59.172 Executing VM operation: Cleanup
Event: 59.172 Executing VM operation: Cleanup done
Event: 60.206 Executing VM operation: HandshakeAllThreads (HandshakeForDeflation)
Event: 60.206 Executing VM operation: HandshakeAllThreads (HandshakeForDeflation) done
Event: 60.206 Executing VM operation: RendezvousGCThreads
Event: 60.206 Executing VM operation: RendezvousGCThreads done
Event: 75.312 Executing VM operation: Cleanup
Event: 75.312 Executing VM operation: Cleanup done
Event: 83.476 Executing VM operation: Cleanup
Event: 83.477 Executing VM operation: Cleanup done

Memory protections (0 events):
No events

Nmethod flushes (20 events):
Event: 42.360 Thread 0x000001f7b8705000 flushing  nmethod 0x000001f7a4f06710
Event: 42.360 Thread 0x000001f7b8705000 flushing  nmethod 0x000001f7a4f3d090
Event: 42.360 Thread 0x000001f7b8705000 flushing  nmethod 0x000001f7a4f3d890
Event: 42.360 Thread 0x000001f7b8705000 flushing  nmethod 0x000001f7a4f3fc90
Event: 42.360 Thread 0x000001f7b8705000 flushing  nmethod 0x000001f7a4f40290
Event: 42.360 Thread 0x000001f7b8705000 flushing  nmethod 0x000001f7a4f40890
Event: 42.360 Thread 0x000001f7b8705000 flushing  nmethod 0x000001f7a4f41090
Event: 42.360 Thread 0x000001f7b8705000 flushing  nmethod 0x000001f7a4f9c990
Event: 42.360 Thread 0x000001f7b8705000 flushing  nmethod 0x000001f7a4fd3710
Event: 42.360 Thread 0x000001f7b8705000 flushing  nmethod 0x000001f7a4fd8890
Event: 42.360 Thread 0x000001f7b8705000 flushing  nmethod 0x000001f7a4fd8e10
Event: 42.360 Thread 0x000001f7b8705000 flushing  nmethod 0x000001f7a4fdc990
Event: 42.360 Thread 0x000001f7b8705000 flushing  nmethod 0x000001f7a4fdcc90
Event: 42.360 Thread 0x000001f7b8705000 flushing  nmethod 0x000001f7a4ffb690
Event: 42.360 Thread 0x000001f7b8705000 flushing  nmethod 0x000001f7a5002a10
Event: 42.360 Thread 0x000001f7b8705000 flushing  nmethod 0x000001f7a506e910
Event: 42.360 Thread 0x000001f7b8705000 flushing  nmethod 0x000001f7a50a5310
Event: 42.360 Thread 0x000001f7b8705000 flushing  nmethod 0x000001f7a50fb290
Event: 42.360 Thread 0x000001f7b8705000 flushing  nmethod 0x000001f7a5100490
Event: 42.360 Thread 0x000001f7b8705000 flushing  nmethod 0x000001f7a5231710

Events (20 events):
Event: 20.712 Thread 0x000001f79ad38280 Thread added: 0x000001f7fe621190
Event: 25.259 Thread 0x000001f7fe621190 Thread exited: 0x000001f7fe621190
Event: 25.392 Thread 0x000001f79ad38280 Thread added: 0x000001f7fe625330
Event: 31.687 Thread 0x000001f7fe625330 Thread exited: 0x000001f7fe625330
Event: 31.770 Thread 0x000001f79ad38280 Thread added: 0x000001f7fe624ca0
Event: 35.587 Thread 0x000001f7fe624ca0 Thread exited: 0x000001f7fe624ca0
Event: 38.225 Thread 0x000001f79ad38280 Thread added: 0x000001f7fe620b00
Event: 40.936 Thread 0x000001f7fe620b00 Thread exited: 0x000001f7fe620b00
Event: 41.988 Thread 0x000001f79ad38280 Thread added: 0x000001f7fe6266e0
Event: 42.121 Thread 0x000001f7fe6266e0 Thread exited: 0x000001f7fe6266e0
Event: 49.110 Thread 0x000001f79ad38280 Thread added: 0x000001f7fe622540
Event: 49.112 Thread 0x000001f79ad38280 Thread added: 0x000001f7fe624ca0
Event: 49.122 Thread 0x000001f79ad38280 Thread added: 0x000001f7fe6238f0
Event: 53.295 Thread 0x000001f79ad38280 Thread added: 0x000001f7fe621190
Event: 57.987 Thread 0x000001f7fe621190 Thread exited: 0x000001f7fe621190
Event: 58.280 Thread 0x000001f79ad38280 Thread added: 0x000001f7fe624610
Event: 74.649 Thread 0x000001f7fe624610 Thread exited: 0x000001f7fe624610
Event: 74.958 Thread 0x000001f79ad38280 Thread added: 0x000001f7fe621190
Event: 76.377 Thread 0x000001f7ff154d90 Thread exited: 0x000001f7ff154d90
Event: 83.247 Thread 0x000001f7fe621190 Thread exited: 0x000001f7fe621190


Dynamic libraries:
0x00007ff66ffd0000 - 0x00007ff66ffde000 	C:\Program Files\Java\jdk-21\bin\java.exe
0x00007ffeefc10000 - 0x00007ffeefe27000 	C:\WINDOWS\SYSTEM32\ntdll.dll
0x00007ffeee990000 - 0x00007ffeeea54000 	C:\WINDOWS\System32\KERNEL32.DLL
0x00007ffeed0e0000 - 0x00007ffeed4b2000 	C:\WINDOWS\System32\KERNELBASE.dll
0x00007ffeecd00000 - 0x00007ffeece11000 	C:\WINDOWS\System32\ucrtbase.dll
0x00007ffed8f80000 - 0x00007ffed8f98000 	C:\Program Files\Java\jdk-21\bin\jli.dll
0x00007ffeed8a0000 - 0x00007ffeeda51000 	C:\WINDOWS\System32\USER32.dll
0x00007ffeecea0000 - 0x00007ffeecec6000 	C:\WINDOWS\System32\win32u.dll
0x00007ffeefaf0000 - 0x00007ffeefb19000 	C:\WINDOWS\System32\GDI32.dll
0x00007ffeed4c0000 - 0x00007ffeed5e3000 	C:\WINDOWS\System32\gdi32full.dll
0x00007ffeeced0000 - 0x00007ffeecf6a000 	C:\WINDOWS\System32\msvcp_win.dll
0x00007ffeb3ab0000 - 0x00007ffeb3ace000 	C:\Program Files\Java\jdk-21\bin\VCRUNTIME140.dll
0x00007ffedb2c0000 - 0x00007ffedb55b000 	C:\WINDOWS\WinSxS\amd64_microsoft.windows.common-controls_6595b64144ccf1df_6.0.22621.5415_none_270d77d17387d7da\COMCTL32.dll
0x00007ffeedbc0000 - 0x00007ffeedc67000 	C:\WINDOWS\System32\msvcrt.dll
0x00007ffeedb80000 - 0x00007ffeedbb1000 	C:\WINDOWS\System32\IMM32.DLL
0x00007ffec4700000 - 0x00007ffec470c000 	C:\Program Files\Java\jdk-21\bin\vcruntime140_1.dll
0x00007ffea1380000 - 0x00007ffea140d000 	C:\Program Files\Java\jdk-21\bin\msvcp140.dll
0x00007ffe35bd0000 - 0x00007ffe36967000 	C:\Program Files\Java\jdk-21\bin\server\jvm.dll
0x00007ffeee1f0000 - 0x00007ffeee2a1000 	C:\WINDOWS\System32\ADVAPI32.dll
0x00007ffeeda60000 - 0x00007ffeedb08000 	C:\WINDOWS\System32\sechost.dll
0x00007ffeecf70000 - 0x00007ffeecf98000 	C:\WINDOWS\System32\bcrypt.dll
0x00007ffeedf00000 - 0x00007ffeee014000 	C:\WINDOWS\System32\RPCRT4.dll
0x00007ffeee910000 - 0x00007ffeee981000 	C:\WINDOWS\System32\WS2_32.dll
0x00007ffeecbd0000 - 0x00007ffeecc1d000 	C:\WINDOWS\SYSTEM32\POWRPROF.dll
0x00007ffee87c0000 - 0x00007ffee87f4000 	C:\WINDOWS\SYSTEM32\WINMM.dll
0x00007ffee8460000 - 0x00007ffee846a000 	C:\WINDOWS\SYSTEM32\VERSION.dll
0x00007ffeecbb0000 - 0x00007ffeecbc3000 	C:\WINDOWS\SYSTEM32\UMPDC.dll
0x00007ffeebcf0000 - 0x00007ffeebd08000 	C:\WINDOWS\SYSTEM32\kernel.appcore.dll
0x00007ffebf950000 - 0x00007ffebf95a000 	C:\Program Files\Java\jdk-21\bin\jimage.dll
0x00007ffeea600000 - 0x00007ffeea833000 	C:\WINDOWS\SYSTEM32\DBGHELP.DLL
0x00007ffeeea60000 - 0x00007ffeeedf3000 	C:\WINDOWS\System32\combase.dll
0x00007ffeedc70000 - 0x00007ffeedd47000 	C:\WINDOWS\System32\OLEAUT32.dll
0x00007ffed9d90000 - 0x00007ffed9dc2000 	C:\WINDOWS\SYSTEM32\dbgcore.DLL
0x00007ffeed820000 - 0x00007ffeed89b000 	C:\WINDOWS\System32\bcryptPrimitives.dll
0x00007ffeb3a40000 - 0x00007ffeb3a5f000 	C:\Program Files\Java\jdk-21\bin\java.dll
0x00007ffeef240000 - 0x00007ffeefae2000 	C:\WINDOWS\System32\SHELL32.dll
0x00007ffeecfa0000 - 0x00007ffeed0df000 	C:\WINDOWS\System32\wintypes.dll
0x00007ffeeabe0000 - 0x00007ffeeb4fe000 	C:\WINDOWS\SYSTEM32\windows.storage.dll
0x00007ffeee030000 - 0x00007ffeee13b000 	C:\WINDOWS\System32\SHCORE.dll
0x00007ffeeefa0000 - 0x00007ffeef009000 	C:\WINDOWS\System32\shlwapi.dll
0x00007ffeecc30000 - 0x00007ffeecc5b000 	C:\WINDOWS\SYSTEM32\profapi.dll
0x00007ffe8c180000 - 0x00007ffe8c257000 	C:\Program Files\Java\jdk-21\bin\jsvml.dll
0x00007ffebf610000 - 0x00007ffebf620000 	C:\Program Files\Java\jdk-21\bin\net.dll
0x00007ffee8090000 - 0x00007ffee81bc000 	C:\WINDOWS\SYSTEM32\WINHTTP.dll
0x00007ffeec160000 - 0x00007ffeec1c9000 	C:\WINDOWS\system32\mswsock.dll
0x00007ffeb2f60000 - 0x00007ffeb2f76000 	C:\Program Files\Java\jdk-21\bin\nio.dll
0x00007ffe99f30000 - 0x00007ffe99f48000 	C:\Program Files\Java\jdk-21\bin\zip.dll
0x00007ffeeb760000 - 0x00007ffeeb78d000 	C:\WINDOWS\SYSTEM32\IPHLPAPI.DLL
0x00007ffeee730000 - 0x00007ffeee739000 	C:\WINDOWS\System32\NSI.dll
0x00007ffedf4e0000 - 0x00007ffedf4e9000 	C:\Program Files\Java\jdk-21\bin\extnet.dll
0x00007ffebf2f0000 - 0x00007ffebf300000 	C:\Program Files\Java\jdk-21\bin\verify.dll
0x00007ffeec4b0000 - 0x00007ffeec4cb000 	C:\WINDOWS\SYSTEM32\CRYPTSP.dll
0x00007ffeebc50000 - 0x00007ffeebc87000 	C:\WINDOWS\system32\rsaenh.dll
0x00007ffeec200000 - 0x00007ffeec228000 	C:\WINDOWS\SYSTEM32\USERENV.dll
0x00007ffeec490000 - 0x00007ffeec49c000 	C:\WINDOWS\SYSTEM32\CRYPTBASE.dll
0x00007ffeeb7d0000 - 0x00007ffeeb8c8000 	C:\WINDOWS\SYSTEM32\DNSAPI.dll
0x00007ffee2bc0000 - 0x00007ffee2bca000 	C:\Windows\System32\rasadhlp.dll
0x00007ffee5680000 - 0x00007ffee5704000 	C:\WINDOWS\System32\fwpuclnt.dll
0x00007ffed8f60000 - 0x00007ffed8f6e000 	C:\Program Files\Java\jdk-21\bin\sunmscapi.dll
0x00007ffeed5f0000 - 0x00007ffeed757000 	C:\WINDOWS\System32\CRYPT32.dll
0x00007ffeec5c0000 - 0x00007ffeec5ed000 	C:\WINDOWS\SYSTEM32\ncrypt.dll
0x00007ffeec580000 - 0x00007ffeec5b7000 	C:\WINDOWS\SYSTEM32\NTASN1.dll
0x00007ffee89d0000 - 0x00007ffee89da000 	C:\Program Files\Java\jdk-21\bin\management.dll
0x00007ffee89c0000 - 0x00007ffee89cb000 	C:\Program Files\Java\jdk-21\bin\management_ext.dll
0x00007ffeee020000 - 0x00007ffeee028000 	C:\WINDOWS\System32\PSAPI.DLL

JVMTI agents: none

dbghelp: loaded successfully - version: 4.0.5 - missing functions: none
symbol engine: initialized successfully - sym options: 0x614 - pdb path: .;C:\Program Files\Java\jdk-21\bin;C:\WINDOWS\SYSTEM32;C:\WINDOWS\WinSxS\amd64_microsoft.windows.common-controls_6595b64144ccf1df_6.0.22621.5415_none_270d77d17387d7da;C:\Program Files\Java\jdk-21\bin\server

VM Arguments:
jvm_args: -ea -XX:+ShowCodeDetailsInExceptionMessages -Dfile.encoding=UTF-8 
java_command: org.eclipse.jdt.internal.junit.runner.RemoteTestRunner -version 3 -port 50366 -testLoaderClass org.eclipse.jdt.internal.junit5.runner.JUnit5TestLoader -loaderpluginname org.eclipse.jdt.junit5.runtime -testNameFile C:\Users\ASUS\AppData\Local\Temp\testNames14690115255393316581.txt
java_class_path (initial): d:\Github repos\Microservices-E-Commerce-Platform-\product-service\target\test-classes;d:\Github repos\Microservices-E-Commerce-Platform-\product-service\target\classes;c:\Users\ASUS\.m2\repository\org\springframework\boot\spring-boot-starter-data-mongodb\3.5.5\spring-boot-starter-data-mongodb-3.5.5.jar;c:\Users\ASUS\.m2\repository\org\springframework\boot\spring-boot-starter\3.5.5\spring-boot-starter-3.5.5.jar;c:\Users\ASUS\.m2\repository\org\springframework\boot\spring-boot\3.5.5\spring-boot-3.5.5.jar;c:\Users\ASUS\.m2\repository\org\springframework\boot\spring-boot-starter-logging\3.5.5\spring-boot-starter-logging-3.5.5.jar;c:\Users\ASUS\.m2\repository\ch\qos\logback\logback-classic\1.5.18\logback-classic-1.5.18.jar;c:\Users\ASUS\.m2\repository\ch\qos\logback\logback-core\1.5.18\logback-core-1.5.18.jar;c:\Users\ASUS\.m2\repository\org\apache\logging\log4j\log4j-to-slf4j\2.24.3\log4j-to-slf4j-2.24.3.jar;c:\Users\ASUS\.m2\repository\org\apache\logging\log4j\log4j-api\2.24.3\log4j-api-2.24.3.jar;c:\Users\ASUS\.m2\repository\org\slf4j\jul-to-slf4j\2.0.17\jul-to-slf4j-2.0.17.jar;c:\Users\ASUS\.m2\repository\jakarta\annotation\jakarta.annotation-api\2.1.1\jakarta.annotation-api-2.1.1.jar;c:\Users\ASUS\.m2\repository\org\yaml\snakeyaml\2.4\snakeyaml-2.4.jar;c:\Users\ASUS\.m2\repository\org\mongodb\mongodb-driver-sync\5.5.1\mongodb-driver-sync-5.5.1.jar;c:\Users\ASUS\.m2\repository\org\mongodb\bson\5.5.1\bson-5.5.1.jar;c:\Users\ASUS\.m2\repository\org\mongodb\mongodb-driver-core\5.5.1\mongodb-driver-core-5.5.1.jar;c:\Users\ASUS\.m2\repository\org\mongodb\bson-record-codec\5.5.1\bson-record-codec-5.5.1.jar;c:\Users\ASUS\.m2\repository\org\springframework\data\spring-data-mongodb\4.5.3\spring-data-mongodb-4.5.3.jar;c:\Users\ASUS\.m2\repository\org\springframework\spring-tx\6.2.10\spring-tx-6.2.10.jar;c:\Users\ASUS\.m2\repository\org\springframework\spring-context\6.2.10\spring-context-6.2.10.jar;c:\Users\ASUS\.m2\repository\org\springframework\spring-beans\6.2.10\spring-beans-6.2.10.jar;c:\Users\ASUS\.m2\repository\org\springframework\spring-expression\6.2.10\spring-expression-6.2.10.jar;c:\Users\ASUS\.m2\repository\org\springframework\data\spring-data-commons\3.5.3\spring-data-commons-3.5.3.jar;c:\Users\ASUS\.m2\repository\org\slf4j\slf4j-api\2.0.17\slf4j-api-2.0.17.jar;c:\Users\ASUS\.m2\repository\org\springframework\boot\spring-boot-starter-web\3.5.5\spring-boot-starter-web-3.5.5.jar;c:\Users\ASUS\.m2\repository\org\springframework\boot\spring-boot-starter-json\3.5.5\spring-boot-starter-json-3.5.5.jar;c:\Users\ASUS\.m2\repository\com\fasterxml\jackson\core\jackson-databind\2.19.2\jackson-databind-2.19.2.jar;c:\Users\ASUS\.m2\repository\com\fasterxml\jackson\core\jackson-annotations\2.19.2\jackson-annotations-2.19.2.jar;c:\Users\ASUS\.m2\repository\com\fasterxml\jackson\core\jackson-core\2.19.2\jackson-core-2.19.2.jar;c:\Users\ASUS\.m2\repository\com\fasterxml\jackson\datatype\jackson-datatype-jdk8\2.19.2\jackson-datatype-jdk8-2.19.2.jar;c:\Users\ASUS\.m2\repository\com\fasterxml\jackson\datatype\jackson-datatype-jsr310\2.19.2\jackson-datatype-jsr310-2.19.2.jar;c:\Users\ASUS\.m2\repository\com\fasterxml\jackson\module\jackson-module-parameter-names\2.19.2\jackson-module-parameter-names-2.19.2.jar;c:\Users\ASUS\.m2\repository\org\springframework\boot\spring-boot-starter-tomcat\3.5.5\spring-boot-starter-tomcat-3.5.5.jar;c:\Users\ASUS\.m2\repository\org\apache\tomcat\embed\tomcat-embed-core\10.1.44\tomcat-embed-core-10.1.44.jar;c:\Users\ASUS\.m2\repository\org\apache\tomcat\embed\tomcat-embed-el\10.1.44\tomcat-embed-el-10.1.44.jar;c:\Users\ASUS\.m2\repository\org\apache\tomcat\embed\tomcat-embed-websocket\10.1.44\tomcat-embed-websocket-10.1.44.jar;c:\Users\ASUS\.m2\repository\org\springframework\spring-web\6.2.10\spring-web-6.2.10.jar;c:\Users\ASUS\.m2\repository\io\micrometer\micrometer-observation\1.15.3\micrometer-observation-1.15.3.jar;c:\Users\ASUS\.m2\repository\io\micrometer\micrometer-commons\1.15.3\micrometer-commons-1.15.3.jar;c:\Users\ASUS\.m2\repository\org\springframework\spring-webmvc\6.2.10\spring-webmvc-6.2.10.jar;c:\Users\ASUS\.m2\repository\org\springframework\spring-aop\6.2.10\spring-aop-6.2.10.jar;c:\Users\ASUS\.m2\repository\org\projectlombok\lombok\1.18.38\lombok-1.18.38.jar;c:\Users\ASUS\.m2\repository\org\springframework\boot\spring-boot-starter-test\3.5.5\spring-boot-starter-test-3.5.5.jar;c:\Users\ASUS\.m2\repository\org\springframework\boot\spring-boot-test\3.5.5\spring-boot-test-3.5.5.jar;c:\Users\ASUS\.m2\repository\org\springframework\boot\spring-boot-test-autoconfigure\3.5.5\spring-boot-test-autoconfigure-3.5.5.jar;c:\Users\ASUS\.m2\repository\com\jayway\jsonpath\json-path\2.9.0\json-path-2.9.0.jar;c:\Users\ASUS\.m2\repository\jakarta\xml\bind\jakarta.xml.bind-api\4.0.2\jakarta.xml.bind-api-4.0.2.jar;c:\Users\ASUS\.m2\repository\jakarta\activation\jakarta.activation-api\2.1.3\jakarta.activation-api-2.1.3.jar;c:\Users\ASUS\.m2\repository\net\minidev\json-smart\2.5.2\json-smart-2.5.2.jar;c:\Users\ASUS\.m2\repository\net\minidev\accessors-smart\2.5.2\accessors-smart-2.5.2.jar;c:\Users\ASUS\.m2\repository\org\ow2\asm\asm\9.7.1\asm-9.7.1.jar;c:\Users\ASUS\.m2\repository\org\assertj\assertj-core\3.27.4\assertj-core-3.27.4.jar;c:\Users\ASUS\.m2\repository\net\bytebuddy\byte-buddy\1.17.7\byte-buddy-1.17.7.jar;c:\Users\ASUS\.m2\repository\org\awaitility\awaitility\4.2.2\awaitility-4.2.2.jar;c:\Users\ASUS\.m2\repository\org\hamcrest\hamcrest\3.0\hamcrest-3.0.jar;c:\Users\ASUS\.m2\repository\org\junit\jupiter\junit-jupiter\5.12.2\junit-jupiter-5.12.2.jar;c:\Users\ASUS\.m2\repository\org\junit\jupiter\junit-jupiter-api\5.12.2\junit-jupiter-api-5.12.2.jar;c:\Users\ASUS\.m2\repository\org\opentest4j\opentest4j\1.3.0\opentest4j-1.3.0.jar;c:\Users\ASUS\.m2\repository\org\junit\platform\junit-platform-commons\1.12.2\junit-platform-commons-1.12.2.jar;c:\Users\ASUS\.m2\repository\org\apiguardian\apiguardian-api\1.1.2\apiguardian-api-1.1.2.jar;c:\Users\ASUS\.m2\repository\org\junit\jupiter\junit-jupiter-params\5.12.2\junit-jupiter-params-5.12.2.jar;c:\Users\ASUS\.m2\repository\org\junit\jupiter\junit-jupiter-engine\5.12.2\junit-jupiter-engine-5.12.2.jar;c:\Users\ASUS\.m2\repository\org\junit\platform\junit-platform-engine\1.12.2\junit-platform-engine-1.12.2.jar;c:\Users\ASUS\.m2\repository\org\mockito\mockito-core\5.17.0\mockito-core-5.17.0.jar;c:\Users\ASUS\.m2\repository\net\bytebuddy\byte-buddy-agent\1.17.7\byte-buddy-agent-1.17.7.jar;c:\Users\ASUS\.m2\repository\org\objenesis\objenesis\3.3\objenesis-3.3.jar;c:\Users\ASUS\.m2\repository\org\mockito\mockito-junit-jupiter\5.17.0\mockito-junit-jupiter-5.17.0.jar;c:\Users\ASUS\.m2\repository\org\skyscreamer\jsonassert\1.5.3\jsonassert-1.5.3.jar;c:\Users\ASUS\.m2\repository\com\vaadin\external\google\android-json\0.0.20131108.vaadin1\android-json-0.0.20131108.vaadin1.jar;c:\Users\ASUS\.m2\repository\org\springframework\spring-core\6.2.10\spring-core-6.2.10.jar;c:\Users\ASUS\.m2\repository\org\springframework\spring-jcl\6.2.10\spring-jcl-6.2.10.jar;c:\Users\ASUS\.m2\repository\org\springframework\spring-test\6.2.10\spring-test-6.2.10.jar;c:\Users\ASUS\.m2\repository\org\xmlunit\xmlunit-core\2.10.3\xmlunit-core-2.10.3.jar;c:\Users\ASUS\.m2\repository\org\springframework\boot\spring-boot-testcontainers\3.5.5\spring-boot-testcontainers-3.5.5.jar;c:\Users\ASUS\.m2\repository\org\springframework\boot\spring-boot-autoconfigure\3.5.5\spring-boot-autoconfigure-3.5.5.jar;c:\Users\ASUS\.m2\repository\org\testcontainers\testcontainers\1.21.3\testcontainers-1.21.3.jar;c:\Users\ASUS\.m2\repository\junit\junit\4.13.2\junit-4.13.2.jar;c:\Users\ASUS\.m2\repository\org\hamcrest\hamcrest-core\3.0\hamcrest-core-3.0.jar;c:\Users\ASUS\.m2\repository\org\apache\commons\commons-compress\1.24.0\commons-compress-1.24.0.jar;c:\Users\ASUS\.m2\repository\org\rnorth\duct-tape\duct-tape\1.0.8\duct-tape-1.0.8.jar;c:\Users\ASUS\.m2\repository\org\jetbrains\annotations\17.0.0\annotations-17.0.0.jar;c:\Users\ASUS\.m2\repository\com\github\docker-java\docker-java-api\3.4.2\docker-java-api-3.4.2.jar;c:\Users\ASUS\.m2\repository\com\github\docker-java\docker-java-transport-zerodep\3.4.2\docker-java-transport-zerodep-3.4.2.jar;c:\Users\ASUS\.m2\repository\com\github\docker-java\docker-java-transport\3.4.2\docker-java-transport-3.4.2.jar;c:\Users\ASUS\.m2\repository\net\java\dev\jna\jna\5.13.0\jna-5.13.0.jar;c:\Users\ASUS\.m2\repository\org\testcontainers\junit-jupiter\1.21.3\junit-jupiter-1.21.3.jar;c:\Users\ASUS\.m2\repository\org\testcontainers\mongodb\1.21.3\mongodb-1.21.3.jar;c:\Users\ASUS\.m2\repository\io\rest-assured\rest-assured\5.3.2\rest-assured-5.3.2.jar;c:\Users\ASUS\.m2\repository\org\apache\groovy\groovy\4.0.28\groovy-4.0.28.jar;c:\Users\ASUS\.m2\repository\org\apache\groovy\groovy-xml\4.0.28\groovy-xml-4.0.28.jar;c:\Users\ASUS\.m2\repository\org\apache\httpcomponents\httpclient\4.5.13\httpclient-4.5.13.jar;c:\Users\ASUS\.m2\repository\org\apache\httpcomponents\httpcore\4.4.16\httpcore-4.4.16.jar;c:\Users\ASUS\.m2\repository\commons-logging\commons-logging\1.2\commons-logging-1.2.jar;c:\Users\ASUS\.m2\repository\commons-codec\commons-codec\1.18.0\commons-codec-1.18.0.jar;c:\Users\ASUS\.m2\repository\org\apache\httpcomponents\httpmime\4.5.13\httpmime-4.5.13.jar;c:\Users\ASUS\.m2\repository\org\ccil\cowan\tagsoup\tagsoup\1.2.1\tagsoup-1.2.1.jar;c:\Users\ASUS\.m2\repository\io\rest-assured\json-path\5.5.6\json-path-5.5.6.jar;c:\Users\ASUS\.m2\repository\org\apache\groovy\groovy-json\4.0.28\groovy-json-4.0.28.jar;c:\Users\ASUS\.m2\repository\io\rest-assured\rest-assured-common\5.5.6\rest-assured-common-5.5.6.jar;c:\Users\ASUS\.m2\repository\io\rest-assured\xml-path\5.5.6\xml-path-5.5.6.jar;c:\Users\ASUS\.m2\repository\org\apache\commons\commons-lang3\3.17.0\commons-lang3-3.17.0.jar;c:\Users\ASUS\.m2\repository\org\junit\platform\junit-platform-launcher\1.12.2\junit-platform-launcher-1.12.2.jar;c:\Users\ASUS\AppData\Roaming\Code\User\globalStorage\redhat.java\1.45.0\config_win\org.eclipse.osgi\119\0\.cp;c:\Users\ASUS\AppData\Roaming\Code\User\globalStorage\redhat.java\1.45.0\config_win\org.eclipse.osgi\56\0\.cp
Launcher Type: SUN_STANDARD

[Global flags]
     intx CICompilerCount                          = 3                                         {product} {ergonomic}
     uint ConcGCThreads                            = 1                                         {product} {ergonomic}
     uint G1ConcRefinementThreads                  = 4                                         {product} {ergonomic}
   size_t G1HeapRegionSize                         = 1048576                                   {product} {ergonomic}
    uintx GCDrainStackTargetSize                   = 64                                        {product} {ergonomic}
   size_t InitialHeapSize                          = 100663296                                 {product} {ergonomic}
   size_t MarkStackSize                            = 4194304                                   {product} {ergonomic}
   size_t MaxHeapSize                              = 1598029824                                {product} {ergonomic}
   size_t MaxNewSize                               = 958398464                                 {product} {ergonomic}
   size_t MinHeapDeltaBytes                        = 1048576                                   {product} {ergonomic}
   size_t MinHeapSize                              = 8388608                                   {product} {ergonomic}
    uintx NonNMethodCodeHeapSize                   = 5832780                                {pd product} {ergonomic}
    uintx NonProfiledCodeHeapSize                  = 122912730                              {pd product} {ergonomic}
    uintx ProfiledCodeHeapSize                     = 122912730                              {pd product} {ergonomic}
    uintx ReservedCodeCacheSize                    = 251658240                              {pd product} {ergonomic}
     bool SegmentedCodeCache                       = true                                      {product} {ergonomic}
     bool ShowCodeDetailsInExceptionMessages       = true                                   {manageable} {command line}
   size_t SoftMaxHeapSize                          = 1598029824                             {manageable} {ergonomic}
     bool UseCompressedOops                        = true                           {product lp64_product} {ergonomic}
     bool UseG1GC                                  = true                                      {product} {ergonomic}
     bool UseLargePagesIndividualAllocation        = false                                  {pd product} {ergonomic}

Logging:
Log output configuration:
 #0: stdout all=warning uptime,level,tags foldmultilines=false
 #1: stderr all=off uptime,level,tags foldmultilines=false

Environment Variables:
JAVA_HOME=C:\Program Files\Java\jdk-21
PATH=C:\Program Files\Java\jdk-21\bin;C:\Program Files\Common Files\Oracle\Java\javapath;C:\Program Files (x86)\Common Files\Oracle\Java\javapath;C:\WINDOWS\system32;C:\WINDOWS;C:\WINDOWS\System32\Wbem;C:\WINDOWS\System32\WindowsPowerShell\v1.0\;C:\WINDOWS\System32\OpenSSH\;C:\Program Files (x86)\Bitvise SSH Client;C:\iverilog\bin\;C:\Program Files\Java\jdk-19\bin;C:\Program Files\Git\cmd;C:\Users\ASUS\AppData\Local\Programs\Python\Python311;D:\avr8-gnu-toolchain-win32_x86_64\bin;D:\avr;C:\Program Files\Docker\Docker\resources\bin;D:\mongosh-2.2.6-win32-x64\bin;C:\Program Files\nodejs\;C:\Program Files\Java\jdk-21\bin;C:\Users\ASUS\scoop\shims;C:\Users\ASUS\AppData\Local\Microsoft\WindowsApps;C:\Users\ASUS\AppData\Local\GitHubDesktop\bin;C:\Users\ASUS\AppData\Local\Programs\Python\Python311;C:\Users\ASUS\AppData\Local\Programs\Python\Python311\Scripts;D:\IntelliJ IDEA 2024.1.3\bin;;C:\Users\ASUS\AppData\Roaming\npm;C:\Users\ASUS\AppData\Local\Programs\Microsoft VS Code\bin
USERNAME=ASUS
OS=Windows_NT
PROCESSOR_IDENTIFIER=AMD64 Family 23 Model 24 Stepping 1, AuthenticAMD
TMP=C:\Users\ASUS\AppData\Local\Temp
TEMP=C:\Users\ASUS\AppData\Local\Temp




Periodic native trim disabled

---------------  S Y S T E M  ---------------

OS:
 Windows 11 , 64 bit Build 22621 (10.0.22621.5415)
OS uptime: 0 days 8:35 hours
Hyper-V role detected

CPU: total 4 (initial active 4) (4 cores per cpu, 2 threads per core) family 23 model 24 stepping 1 microcode 0x0, cx8, cmov, fxsr, ht, mmx, 3dnowpref, sse, sse2, sse3, ssse3, sse4a, sse4.1, sse4.2, popcnt, lzcnt, tsc, tscinvbit, avx, avx2, aes, clmul, bmi1, bmi2, adx, sha, fma, vzeroupper, clflush, clflushopt, hv, rdtscp, f16c
Processor Information for the first 4 processors :
  Max Mhz: 2600, Current Mhz: 2600, Mhz Limit: 2600

Memory: 4k page, system-wide physical 6094M (377M free)
TotalPageFile size 14286M (AvailPageFile size 0M)
current process WorkingSet (physical memory assigned to process): 187M, peak: 202M
current process commit charge ("private bytes"): 217M, peak: 232M

vm_info: OpenJDK 64-Bit Server VM (21.0.8+9-LTS) for windows-amd64 JRE (21.0.8+9-LTS), built on 2025-07-15T00:00:00Z by "admin" with MS VC++ 17.7 (VS2022)

END.
