#
# There is insufficient memory for the Java Runtime Environment to continue.
# Native memory allocation (malloc) failed to allocate 668464 bytes. Error detail: Chunk::new
# Possible reasons:
#   The system is out of physical RAM or swap space
#   This process is running with CompressedOops enabled, and the Java Heap may be blocking the growth of the native heap
# Possible solutions:
#   Reduce memory load on the system
#   Increase physical memory or swap space
#   Check if swap backing store is full
#   Decrease Java heap size (-Xmx/-Xms)
#   Decrease number of Java threads
#   Decrease Java thread stack sizes (-Xss)
#   Set larger code cache with -XX:ReservedCodeCacheSize=
#   JVM is running with Unscaled Compressed Oops mode in which the Java heap is
#     placed in the first 4GB address space. The Java Heap base address is the
#     maximum limit for the native heap growth. Please use -XX:HeapBaseMinAddress
#     to set the Java Heap base and to place the Java Heap above 4GB virtual address.
# This output file may be truncated or incomplete.
#
#  Out of Memory Error (arena.cpp:168), pid=7200, tid=19660
#
# JRE version: OpenJDK Runtime Environment Temurin-21.0.8+9 (21.0.8+9) (build 21.0.8+9-LTS)
# Java VM: OpenJDK 64-Bit Server VM Temurin-21.0.8+9 (21.0.8+9-LTS, mixed mode, sharing, tiered, compressed oops, compressed class ptrs, g1 gc, windows-amd64)
# No core dump will be written. Minidumps are not enabled by default on client versions of Windows
#

---------------  S U M M A R Y ------------

Command Line: -Dnet.bytebuddy.agent.attacher.dump= net.bytebuddy.agent.Attacher com.sun.tools.attach.VirtualMachine 19040 C:\Users\ASUS\.m2\repository\net\bytebuddy\byte-buddy-agent\1.17.7\byte-buddy-agent-1.17.7.jar false 

Host: AMD Ryzen 3 3250U with Radeon Graphics         , 4 cores, 5G,  Windows 11 , 64 bit Build 22621 (10.0.22621.5415)
Time: Tue Sep 16 08:59:48 2025 Sri Lanka Standard Time elapsed time: 0.901995 seconds (0d 0h 0m 0s)

---------------  T H R E A D  ---------------

Current thread (0x0000025a7abd3da0):  JavaThread "C2 CompilerThread0" daemon [_thread_in_native, id=19660, stack(0x0000009ce7300000,0x0000009ce7400000) (1024K)]


Current CompileTask:
C2:902  382       4       java.io.StreamTokenizer::nextToken (1266 bytes)

Stack: [0x0000009ce7300000,0x0000009ce7400000]
Native frames: (J=compiled Java code, j=interpreted, Vv=VM code, C=native code)
V  [jvm.dll+0x6d2449]
V  [jvm.dll+0x8ae341]
V  [jvm.dll+0x8b08be]
V  [jvm.dll+0x8b0fa3]
V  [jvm.dll+0x280c96]
V  [jvm.dll+0xc581d]
V  [jvm.dll+0xc5d53]
V  [jvm.dll+0x3b919c]
V  [jvm.dll+0x385315]
V  [jvm.dll+0x38477a]
V  [jvm.dll+0x248ed0]
V  [jvm.dll+0x2484af]
V  [jvm.dll+0x1c89ee]
V  [jvm.dll+0x257d4d]
V  [jvm.dll+0x2562ea]
V  [jvm.dll+0x3f2d16]
V  [jvm.dll+0x857e6b]
V  [jvm.dll+0x6d0b0d]
C  [ucrtbase.dll+0x29333]
C  [KERNEL32.DLL+0x1259d]
C  [ntdll.dll+0x5af78]


---------------  P R O C E S S  ---------------

Threads class SMR info:
_java_thread_list=0x0000025a7f0835b0, length=11, elements={
0x0000025a6c010300, 0x0000025a7abcaee0, 0x0000025a7abcbfa0, 0x0000025a7abcef20,
0x0000025a7abcfb70, 0x0000025a7abd25d0, 0x0000025a7abd3020, 0x0000025a7abd3da0,
0x0000025a7ac03b00, 0x0000025a7f0af8c0, 0x0000025a7f0b1120
}

Java Threads: ( => current thread )
  0x0000025a6c010300 JavaThread "main"                              [_thread_in_vm, id=13024, stack(0x0000009ce6400000,0x0000009ce6500000) (1024K)]
  0x0000025a7abcaee0 JavaThread "Reference Handler"          daemon [_thread_blocked, id=20176, stack(0x0000009ce6d00000,0x0000009ce6e00000) (1024K)]
  0x0000025a7abcbfa0 JavaThread "Finalizer"                  daemon [_thread_blocked, id=20616, stack(0x0000009ce6e00000,0x0000009ce6f00000) (1024K)]
  0x0000025a7abcef20 JavaThread "Signal Dispatcher"          daemon [_thread_blocked, id=9336, stack(0x0000009ce6f00000,0x0000009ce7000000) (1024K)]
  0x0000025a7abcfb70 JavaThread "Attach Listener"            daemon [_thread_blocked, id=4504, stack(0x0000009ce7000000,0x0000009ce7100000) (1024K)]
  0x0000025a7abd25d0 JavaThread "Service Thread"             daemon [_thread_blocked, id=7040, stack(0x0000009ce7100000,0x0000009ce7200000) (1024K)]
  0x0000025a7abd3020 JavaThread "Monitor Deflation Thread"   daemon [_thread_blocked, id=14308, stack(0x0000009ce7200000,0x0000009ce7300000) (1024K)]
=>0x0000025a7abd3da0 JavaThread "C2 CompilerThread0"         daemon [_thread_in_native, id=19660, stack(0x0000009ce7300000,0x0000009ce7400000) (1024K)]
  0x0000025a7ac03b00 JavaThread "C1 CompilerThread0"         daemon [_thread_blocked, id=4652, stack(0x0000009ce7400000,0x0000009ce7500000) (1024K)]
  0x0000025a7f0af8c0 JavaThread "Notification Thread"        daemon [_thread_blocked, id=16728, stack(0x0000009ce7500000,0x0000009ce7600000) (1024K)]
  0x0000025a7f0b1120 JavaThread "Common-Cleaner"             daemon [_thread_blocked, id=9780, stack(0x0000009ce7600000,0x0000009ce7700000) (1024K)]
Total: 11

Other Threads:
  0x0000025a7abb4140 VMThread "VM Thread"                           [id=9532, stack(0x0000009ce6c00000,0x0000009ce6d00000) (1024K)]
  0x0000025a7aba0b50 WatcherThread "VM Periodic Task Thread"        [id=3588, stack(0x0000009ce6b00000,0x0000009ce6c00000) (1024K)]
  0x0000025a6e2a1280 WorkerThread "GC Thread#0"                     [id=18672, stack(0x0000009ce6600000,0x0000009ce6700000) (1024K)]
  0x0000025a6e2ae0e0 ConcurrentGCThread "G1 Main Marker"            [id=4384, stack(0x0000009ce6700000,0x0000009ce6800000) (1024K)]
  0x0000025a6e2aed90 WorkerThread "G1 Conc#0"                       [id=19232, stack(0x0000009ce6800000,0x0000009ce6900000) (1024K)]
  0x0000025a6e31d2b0 ConcurrentGCThread "G1 Refine#0"               [id=1836, stack(0x0000009ce6900000,0x0000009ce6a00000) (1024K)]
  0x0000025a6e31dfd0 ConcurrentGCThread "G1 Service"                [id=20376, stack(0x0000009ce6a00000,0x0000009ce6b00000) (1024K)]
Total: 7

Threads with active compile tasks:
C2 CompilerThread0  989  382       4       java.io.StreamTokenizer::nextToken (1266 bytes)
Total: 1

VM state: not at safepoint (normal execution)

VM Mutex/Monitor currently owned by a thread: None

Heap address: 0x00000000a0c00000, size: 1524 MB, Compressed Oops mode: 32-bit

CDS archive(s) mapped at: [0x0000025a0f000000-0x0000025a0fc80000-0x0000025a0fc80000), size 13107200, SharedBaseAddress: 0x0000025a0f000000, ArchiveRelocationMode: 1.
Compressed class space mapped at: 0x0000025a10000000-0x0000025a50000000, reserved size: 1073741824
Narrow klass base: 0x0000025a0f000000, Narrow klass shift: 0, Narrow klass range: 0x100000000

GC Precious Log:
 CardTable entry size: 512
 Card Set container configuration: InlinePtr #cards 5 size 8 Array Of Cards #cards 12 size 40 Howl #buckets 4 coarsen threshold 1843 Howl Bitmap #cards 512 size 80 coarsen threshold 460 Card regions per heap region 1 cards per card region 2048
 CPUs: 4 total, 4 available
 Memory: 6094M
 Large Page Support: Disabled
 NUMA Support: Disabled
 Compressed Oops: Enabled (32-bit)
 Heap Region Size: 1M
 Heap Min Capacity: 8M
 Heap Initial Capacity: 96M
 Heap Max Capacity: 1524M
 Pre-touch: Disabled
 Parallel Workers: 4
 Concurrent Workers: 1
 Concurrent Refinement Workers: 4
 Periodic GC: Disabled

Heap:
 garbage-first heap   total 98304K, used 2048K [0x00000000a0c00000, 0x0000000100000000)
  region size 1024K, 3 young (3072K), 0 survivors (0K)
 Metaspace       used 1181K, committed 1344K, reserved 1114112K
  class space    used 114K, committed 192K, reserved 1048576K

Heap Regions: E=young(eden), S=young(survivor), O=old, HS=humongous(starts), HC=humongous(continues), CS=collection set, F=free, TAMS=top-at-mark-start, PB=parsable bottom
|   0|0x00000000a0c00000, 0x00000000a0c00000, 0x00000000a0d00000|  0%| F|  |TAMS 0x00000000a0c00000| PB 0x00000000a0c00000| Untracked 
|   1|0x00000000a0d00000, 0x00000000a0d00000, 0x00000000a0e00000|  0%| F|  |TAMS 0x00000000a0d00000| PB 0x00000000a0d00000| Untracked 
|   2|0x00000000a0e00000, 0x00000000a0e00000, 0x00000000a0f00000|  0%| F|  |TAMS 0x00000000a0e00000| PB 0x00000000a0e00000| Untracked 
|   3|0x00000000a0f00000, 0x00000000a0f00000, 0x00000000a1000000|  0%| F|  |TAMS 0x00000000a0f00000| PB 0x00000000a0f00000| Untracked 
|   4|0x00000000a1000000, 0x00000000a1000000, 0x00000000a1100000|  0%| F|  |TAMS 0x00000000a1000000| PB 0x00000000a1000000| Untracked 
|   5|0x00000000a1100000, 0x00000000a1100000, 0x00000000a1200000|  0%| F|  |TAMS 0x00000000a1100000| PB 0x00000000a1100000| Untracked 
|   6|0x00000000a1200000, 0x00000000a1200000, 0x00000000a1300000|  0%| F|  |TAMS 0x00000000a1200000| PB 0x00000000a1200000| Untracked 
|   7|0x00000000a1300000, 0x00000000a1300000, 0x00000000a1400000|  0%| F|  |TAMS 0x00000000a1300000| PB 0x00000000a1300000| Untracked 
|   8|0x00000000a1400000, 0x00000000a1400000, 0x00000000a1500000|  0%| F|  |TAMS 0x00000000a1400000| PB 0x00000000a1400000| Untracked 
|   9|0x00000000a1500000, 0x00000000a1500000, 0x00000000a1600000|  0%| F|  |TAMS 0x00000000a1500000| PB 0x00000000a1500000| Untracked 
|  10|0x00000000a1600000, 0x00000000a1600000, 0x00000000a1700000|  0%| F|  |TAMS 0x00000000a1600000| PB 0x00000000a1600000| Untracked 
|  11|0x00000000a1700000, 0x00000000a1700000, 0x00000000a1800000|  0%| F|  |TAMS 0x00000000a1700000| PB 0x00000000a1700000| Untracked 
|  12|0x00000000a1800000, 0x00000000a1800000, 0x00000000a1900000|  0%| F|  |TAMS 0x00000000a1800000| PB 0x00000000a1800000| Untracked 
|  13|0x00000000a1900000, 0x00000000a1900000, 0x00000000a1a00000|  0%| F|  |TAMS 0x00000000a1900000| PB 0x00000000a1900000| Untracked 
|  14|0x00000000a1a00000, 0x00000000a1a00000, 0x00000000a1b00000|  0%| F|  |TAMS 0x00000000a1a00000| PB 0x00000000a1a00000| Untracked 
|  15|0x00000000a1b00000, 0x00000000a1b00000, 0x00000000a1c00000|  0%| F|  |TAMS 0x00000000a1b00000| PB 0x00000000a1b00000| Untracked 
|  16|0x00000000a1c00000, 0x00000000a1c00000, 0x00000000a1d00000|  0%| F|  |TAMS 0x00000000a1c00000| PB 0x00000000a1c00000| Untracked 
|  17|0x00000000a1d00000, 0x00000000a1d00000, 0x00000000a1e00000|  0%| F|  |TAMS 0x00000000a1d00000| PB 0x00000000a1d00000| Untracked 
|  18|0x00000000a1e00000, 0x00000000a1e00000, 0x00000000a1f00000|  0%| F|  |TAMS 0x00000000a1e00000| PB 0x00000000a1e00000| Untracked 
|  19|0x00000000a1f00000, 0x00000000a1f00000, 0x00000000a2000000|  0%| F|  |TAMS 0x00000000a1f00000| PB 0x00000000a1f00000| Untracked 
|  20|0x00000000a2000000, 0x00000000a2000000, 0x00000000a2100000|  0%| F|  |TAMS 0x00000000a2000000| PB 0x00000000a2000000| Untracked 
|  21|0x00000000a2100000, 0x00000000a2100000, 0x00000000a2200000|  0%| F|  |TAMS 0x00000000a2100000| PB 0x00000000a2100000| Untracked 
|  22|0x00000000a2200000, 0x00000000a2200000, 0x00000000a2300000|  0%| F|  |TAMS 0x00000000a2200000| PB 0x00000000a2200000| Untracked 
|  23|0x00000000a2300000, 0x00000000a2300000, 0x00000000a2400000|  0%| F|  |TAMS 0x00000000a2300000| PB 0x00000000a2300000| Untracked 
|  24|0x00000000a2400000, 0x00000000a2400000, 0x00000000a2500000|  0%| F|  |TAMS 0x00000000a2400000| PB 0x00000000a2400000| Untracked 
|  25|0x00000000a2500000, 0x00000000a2500000, 0x00000000a2600000|  0%| F|  |TAMS 0x00000000a2500000| PB 0x00000000a2500000| Untracked 
|  26|0x00000000a2600000, 0x00000000a2600000, 0x00000000a2700000|  0%| F|  |TAMS 0x00000000a2600000| PB 0x00000000a2600000| Untracked 
|  27|0x00000000a2700000, 0x00000000a2700000, 0x00000000a2800000|  0%| F|  |TAMS 0x00000000a2700000| PB 0x00000000a2700000| Untracked 
|  28|0x00000000a2800000, 0x00000000a2800000, 0x00000000a2900000|  0%| F|  |TAMS 0x00000000a2800000| PB 0x00000000a2800000| Untracked 
|  29|0x00000000a2900000, 0x00000000a2900000, 0x00000000a2a00000|  0%| F|  |TAMS 0x00000000a2900000| PB 0x00000000a2900000| Untracked 
|  30|0x00000000a2a00000, 0x00000000a2a00000, 0x00000000a2b00000|  0%| F|  |TAMS 0x00000000a2a00000| PB 0x00000000a2a00000| Untracked 
|  31|0x00000000a2b00000, 0x00000000a2b00000, 0x00000000a2c00000|  0%| F|  |TAMS 0x00000000a2b00000| PB 0x00000000a2b00000| Untracked 
|  32|0x00000000a2c00000, 0x00000000a2c00000, 0x00000000a2d00000|  0%| F|  |TAMS 0x00000000a2c00000| PB 0x00000000a2c00000| Untracked 
|  33|0x00000000a2d00000, 0x00000000a2d00000, 0x00000000a2e00000|  0%| F|  |TAMS 0x00000000a2d00000| PB 0x00000000a2d00000| Untracked 
|  34|0x00000000a2e00000, 0x00000000a2e00000, 0x00000000a2f00000|  0%| F|  |TAMS 0x00000000a2e00000| PB 0x00000000a2e00000| Untracked 
|  35|0x00000000a2f00000, 0x00000000a2f00000, 0x00000000a3000000|  0%| F|  |TAMS 0x00000000a2f00000| PB 0x00000000a2f00000| Untracked 
|  36|0x00000000a3000000, 0x00000000a3000000, 0x00000000a3100000|  0%| F|  |TAMS 0x00000000a3000000| PB 0x00000000a3000000| Untracked 
|  37|0x00000000a3100000, 0x00000000a3100000, 0x00000000a3200000|  0%| F|  |TAMS 0x00000000a3100000| PB 0x00000000a3100000| Untracked 
|  38|0x00000000a3200000, 0x00000000a3200000, 0x00000000a3300000|  0%| F|  |TAMS 0x00000000a3200000| PB 0x00000000a3200000| Untracked 
|  39|0x00000000a3300000, 0x00000000a3300000, 0x00000000a3400000|  0%| F|  |TAMS 0x00000000a3300000| PB 0x00000000a3300000| Untracked 
|  40|0x00000000a3400000, 0x00000000a3400000, 0x00000000a3500000|  0%| F|  |TAMS 0x00000000a3400000| PB 0x00000000a3400000| Untracked 
|  41|0x00000000a3500000, 0x00000000a3500000, 0x00000000a3600000|  0%| F|  |TAMS 0x00000000a3500000| PB 0x00000000a3500000| Untracked 
|  42|0x00000000a3600000, 0x00000000a3600000, 0x00000000a3700000|  0%| F|  |TAMS 0x00000000a3600000| PB 0x00000000a3600000| Untracked 
|  43|0x00000000a3700000, 0x00000000a3700000, 0x00000000a3800000|  0%| F|  |TAMS 0x00000000a3700000| PB 0x00000000a3700000| Untracked 
|  44|0x00000000a3800000, 0x00000000a3800000, 0x00000000a3900000|  0%| F|  |TAMS 0x00000000a3800000| PB 0x00000000a3800000| Untracked 
|  45|0x00000000a3900000, 0x00000000a3900000, 0x00000000a3a00000|  0%| F|  |TAMS 0x00000000a3900000| PB 0x00000000a3900000| Untracked 
|  46|0x00000000a3a00000, 0x00000000a3a00000, 0x00000000a3b00000|  0%| F|  |TAMS 0x00000000a3a00000| PB 0x00000000a3a00000| Untracked 
|  47|0x00000000a3b00000, 0x00000000a3b00000, 0x00000000a3c00000|  0%| F|  |TAMS 0x00000000a3b00000| PB 0x00000000a3b00000| Untracked 
|  48|0x00000000a3c00000, 0x00000000a3c00000, 0x00000000a3d00000|  0%| F|  |TAMS 0x00000000a3c00000| PB 0x00000000a3c00000| Untracked 
|  49|0x00000000a3d00000, 0x00000000a3d00000, 0x00000000a3e00000|  0%| F|  |TAMS 0x00000000a3d00000| PB 0x00000000a3d00000| Untracked 
|  50|0x00000000a3e00000, 0x00000000a3e00000, 0x00000000a3f00000|  0%| F|  |TAMS 0x00000000a3e00000| PB 0x00000000a3e00000| Untracked 
|  51|0x00000000a3f00000, 0x00000000a3f00000, 0x00000000a4000000|  0%| F|  |TAMS 0x00000000a3f00000| PB 0x00000000a3f00000| Untracked 
|  52|0x00000000a4000000, 0x00000000a4000000, 0x00000000a4100000|  0%| F|  |TAMS 0x00000000a4000000| PB 0x00000000a4000000| Untracked 
|  53|0x00000000a4100000, 0x00000000a4100000, 0x00000000a4200000|  0%| F|  |TAMS 0x00000000a4100000| PB 0x00000000a4100000| Untracked 
|  54|0x00000000a4200000, 0x00000000a4200000, 0x00000000a4300000|  0%| F|  |TAMS 0x00000000a4200000| PB 0x00000000a4200000| Untracked 
|  55|0x00000000a4300000, 0x00000000a4300000, 0x00000000a4400000|  0%| F|  |TAMS 0x00000000a4300000| PB 0x00000000a4300000| Untracked 
|  56|0x00000000a4400000, 0x00000000a4400000, 0x00000000a4500000|  0%| F|  |TAMS 0x00000000a4400000| PB 0x00000000a4400000| Untracked 
|  57|0x00000000a4500000, 0x00000000a4500000, 0x00000000a4600000|  0%| F|  |TAMS 0x00000000a4500000| PB 0x00000000a4500000| Untracked 
|  58|0x00000000a4600000, 0x00000000a4600000, 0x00000000a4700000|  0%| F|  |TAMS 0x00000000a4600000| PB 0x00000000a4600000| Untracked 
|  59|0x00000000a4700000, 0x00000000a4700000, 0x00000000a4800000|  0%| F|  |TAMS 0x00000000a4700000| PB 0x00000000a4700000| Untracked 
|  60|0x00000000a4800000, 0x00000000a4800000, 0x00000000a4900000|  0%| F|  |TAMS 0x00000000a4800000| PB 0x00000000a4800000| Untracked 
|  61|0x00000000a4900000, 0x00000000a4900000, 0x00000000a4a00000|  0%| F|  |TAMS 0x00000000a4900000| PB 0x00000000a4900000| Untracked 
|  62|0x00000000a4a00000, 0x00000000a4a00000, 0x00000000a4b00000|  0%| F|  |TAMS 0x00000000a4a00000| PB 0x00000000a4a00000| Untracked 
|  63|0x00000000a4b00000, 0x00000000a4b00000, 0x00000000a4c00000|  0%| F|  |TAMS 0x00000000a4b00000| PB 0x00000000a4b00000| Untracked 
|  64|0x00000000a4c00000, 0x00000000a4c00000, 0x00000000a4d00000|  0%| F|  |TAMS 0x00000000a4c00000| PB 0x00000000a4c00000| Untracked 
|  65|0x00000000a4d00000, 0x00000000a4d00000, 0x00000000a4e00000|  0%| F|  |TAMS 0x00000000a4d00000| PB 0x00000000a4d00000| Untracked 
|  66|0x00000000a4e00000, 0x00000000a4e00000, 0x00000000a4f00000|  0%| F|  |TAMS 0x00000000a4e00000| PB 0x00000000a4e00000| Untracked 
|  67|0x00000000a4f00000, 0x00000000a4f00000, 0x00000000a5000000|  0%| F|  |TAMS 0x00000000a4f00000| PB 0x00000000a4f00000| Untracked 
|  68|0x00000000a5000000, 0x00000000a5000000, 0x00000000a5100000|  0%| F|  |TAMS 0x00000000a5000000| PB 0x00000000a5000000| Untracked 
|  69|0x00000000a5100000, 0x00000000a5100000, 0x00000000a5200000|  0%| F|  |TAMS 0x00000000a5100000| PB 0x00000000a5100000| Untracked 
|  70|0x00000000a5200000, 0x00000000a5200000, 0x00000000a5300000|  0%| F|  |TAMS 0x00000000a5200000| PB 0x00000000a5200000| Untracked 
|  71|0x00000000a5300000, 0x00000000a5300000, 0x00000000a5400000|  0%| F|  |TAMS 0x00000000a5300000| PB 0x00000000a5300000| Untracked 
|  72|0x00000000a5400000, 0x00000000a5400000, 0x00000000a5500000|  0%| F|  |TAMS 0x00000000a5400000| PB 0x00000000a5400000| Untracked 
|  73|0x00000000a5500000, 0x00000000a5500000, 0x00000000a5600000|  0%| F|  |TAMS 0x00000000a5500000| PB 0x00000000a5500000| Untracked 
|  74|0x00000000a5600000, 0x00000000a5600000, 0x00000000a5700000|  0%| F|  |TAMS 0x00000000a5600000| PB 0x00000000a5600000| Untracked 
|  75|0x00000000a5700000, 0x00000000a5700000, 0x00000000a5800000|  0%| F|  |TAMS 0x00000000a5700000| PB 0x00000000a5700000| Untracked 
|  76|0x00000000a5800000, 0x00000000a5800000, 0x00000000a5900000|  0%| F|  |TAMS 0x00000000a5800000| PB 0x00000000a5800000| Untracked 
|  77|0x00000000a5900000, 0x00000000a5900000, 0x00000000a5a00000|  0%| F|  |TAMS 0x00000000a5900000| PB 0x00000000a5900000| Untracked 
|  78|0x00000000a5a00000, 0x00000000a5a00000, 0x00000000a5b00000|  0%| F|  |TAMS 0x00000000a5a00000| PB 0x00000000a5a00000| Untracked 
|  79|0x00000000a5b00000, 0x00000000a5b00000, 0x00000000a5c00000|  0%| F|  |TAMS 0x00000000a5b00000| PB 0x00000000a5b00000| Untracked 
|  80|0x00000000a5c00000, 0x00000000a5c00000, 0x00000000a5d00000|  0%| F|  |TAMS 0x00000000a5c00000| PB 0x00000000a5c00000| Untracked 
|  81|0x00000000a5d00000, 0x00000000a5d00000, 0x00000000a5e00000|  0%| F|  |TAMS 0x00000000a5d00000| PB 0x00000000a5d00000| Untracked 
|  82|0x00000000a5e00000, 0x00000000a5e00000, 0x00000000a5f00000|  0%| F|  |TAMS 0x00000000a5e00000| PB 0x00000000a5e00000| Untracked 
|  83|0x00000000a5f00000, 0x00000000a5f00000, 0x00000000a6000000|  0%| F|  |TAMS 0x00000000a5f00000| PB 0x00000000a5f00000| Untracked 
|  84|0x00000000a6000000, 0x00000000a6000000, 0x00000000a6100000|  0%| F|  |TAMS 0x00000000a6000000| PB 0x00000000a6000000| Untracked 
|  85|0x00000000a6100000, 0x00000000a6100000, 0x00000000a6200000|  0%| F|  |TAMS 0x00000000a6100000| PB 0x00000000a6100000| Untracked 
|  86|0x00000000a6200000, 0x00000000a6200000, 0x00000000a6300000|  0%| F|  |TAMS 0x00000000a6200000| PB 0x00000000a6200000| Untracked 
|  87|0x00000000a6300000, 0x00000000a6300000, 0x00000000a6400000|  0%| F|  |TAMS 0x00000000a6300000| PB 0x00000000a6300000| Untracked 
|  88|0x00000000a6400000, 0x00000000a6400000, 0x00000000a6500000|  0%| F|  |TAMS 0x00000000a6400000| PB 0x00000000a6400000| Untracked 
|  89|0x00000000a6500000, 0x00000000a6500000, 0x00000000a6600000|  0%| F|  |TAMS 0x00000000a6500000| PB 0x00000000a6500000| Untracked 
|  90|0x00000000a6600000, 0x00000000a6600000, 0x00000000a6700000|  0%| F|  |TAMS 0x00000000a6600000| PB 0x00000000a6600000| Untracked 
|  91|0x00000000a6700000, 0x00000000a6700000, 0x00000000a6800000|  0%| F|  |TAMS 0x00000000a6700000| PB 0x00000000a6700000| Untracked 
|  92|0x00000000a6800000, 0x00000000a6800000, 0x00000000a6900000|  0%| F|  |TAMS 0x00000000a6800000| PB 0x00000000a6800000| Untracked 
|  93|0x00000000a6900000, 0x00000000a6a00000, 0x00000000a6a00000|100%| E|  |TAMS 0x00000000a6900000| PB 0x00000000a6900000| Complete 
|  94|0x00000000a6a00000, 0x00000000a6b00000, 0x00000000a6b00000|100%| E|CS|TAMS 0x00000000a6a00000| PB 0x00000000a6a00000| Complete 
|  95|0x00000000a6b00000, 0x00000000a6c00000, 0x00000000a6c00000|100%| E|CS|TAMS 0x00000000a6b00000| PB 0x00000000a6b00000| Complete 

Card table byte_map: [0x0000025a76c60000,0x0000025a76f60000] _byte_map_base: 0x0000025a7675a000

Marking Bits: (CMBitMap*) 0x0000025a6e2a1980
 Bits: [0x0000025a76f60000, 0x0000025a78730000)

Polling page: 0x0000025a6da20000

Metaspace:

Usage:
  Non-class:      1.04 MB used.
      Class:    114.37 KB used.
       Both:      1.15 MB used.

Virtual space:
  Non-class space:       64.00 MB reserved,       1.12 MB (  2%) committed,  1 nodes.
      Class space:        1.00 GB reserved,     192.00 KB ( <1%) committed,  1 nodes.
             Both:        1.06 GB reserved,       1.31 MB ( <1%) committed. 

Chunk freelists:
   Non-Class:  11.70 MB
       Class:  15.67 MB
        Both:  27.37 MB

MaxMetaspaceSize: unlimited
CompressedClassSpaceSize: 1.00 GB
Initial GC threshold: 21.00 MB
Current GC threshold: 21.00 MB
CDS: on
 - commit_granule_bytes: 65536.
 - commit_granule_words: 8192.
 - virtual_space_node_default_size: 8388608.
 - enlarge_chunks_in_place: 1.
 - use_allocation_guard: 0.


Internal statistics:

num_allocs_failed_limit: 0.
num_arena_births: 92.
num_arena_deaths: 0.
num_vsnodes_births: 2.
num_vsnodes_deaths: 0.
num_space_committed: 21.
num_space_uncommitted: 0.
num_chunks_returned_to_freelist: 0.
num_chunks_taken_from_freelist: 120.
num_chunk_merges: 0.
num_chunk_splits: 76.
num_chunks_enlarged: 38.
num_inconsistent_stats: 0.

CodeHeap 'non-profiled nmethods': size=120000Kb used=142Kb max_used=142Kb free=119857Kb
 bounds [0x0000025a07ad0000, 0x0000025a07d40000, 0x0000025a0f000000]
CodeHeap 'profiled nmethods': size=120000Kb used=621Kb max_used=621Kb free=119378Kb
 bounds [0x0000025a00000000, 0x0000025a00270000, 0x0000025a07530000]
CodeHeap 'non-nmethods': size=5760Kb used=1316Kb max_used=1316Kb free=4443Kb
 bounds [0x0000025a07530000, 0x0000025a077a0000, 0x0000025a07ad0000]
CodeCache: size=245760Kb, used=2079Kb, max_used=2079Kb, free=243678Kb
 total_blobs=880, nmethods=452, adapters=333, full_count=0
Compilation: enabled, stopped_count=0, restarted_count=0

Compilation events (20 events):
Event: 0.829 Thread 0x0000025a7ac03b00 nmethod 381 0x0000025a00081510 code [0x0000025a000816c0, 0x0000025a00081890]
Event: 0.829 Thread 0x0000025a7abd3da0  382       4       java.io.StreamTokenizer::nextToken (1266 bytes)
Event: 0.831 Thread 0x0000025a7ac03b00  383       3       java.util.ArrayList::grow (60 bytes)
Event: 0.832 Thread 0x0000025a7ac03b00 nmethod 383 0x0000025a00081990 code [0x0000025a00081ba0, 0x0000025a000821b8]
Event: 0.837 Thread 0x0000025a7ac03b00  385       3       java.util.ArrayList::<init> (12 bytes)
Event: 0.838 Thread 0x0000025a7ac03b00 nmethod 385 0x0000025a00082390 code [0x0000025a00082540, 0x0000025a000827d8]
Event: 0.843 Thread 0x0000025a7ac03b00  387       1       jdk.internal.jimage.ImageHeader::getTableLength (5 bytes)
Event: 0.843 Thread 0x0000025a7ac03b00 nmethod 387 0x0000025a07aee290 code [0x0000025a07aee420, 0x0000025a07aee4e8]
Event: 0.848 Thread 0x0000025a7ac03b00  388       1       java.security.CodeSource::getLocation (5 bytes)
Event: 0.848 Thread 0x0000025a7ac03b00 nmethod 388 0x0000025a07aee590 code [0x0000025a07aee720, 0x0000025a07aee7e8]
Event: 0.852 Thread 0x0000025a7ac03b00  389       1       jdk.internal.loader.BuiltinClassLoader$LoadedModule::loader (5 bytes)
Event: 0.852 Thread 0x0000025a7ac03b00 nmethod 389 0x0000025a07aee890 code [0x0000025a07aeea20, 0x0000025a07aeeae8]
Event: 0.864 Thread 0x0000025a7ac03b00  390       3       java.lang.ref.WeakReference::<init> (7 bytes)
Event: 0.864 Thread 0x0000025a7ac03b00 nmethod 390 0x0000025a00082910 code [0x0000025a00082ac0, 0x0000025a00082d90]
Event: 0.866 Thread 0x0000025a7ac03b00  391       3       java.lang.invoke.MemberName::isStatic (8 bytes)
Event: 0.866 Thread 0x0000025a7ac03b00 nmethod 391 0x0000025a00082e90 code [0x0000025a00083040, 0x0000025a00083200]
Event: 0.866 Thread 0x0000025a7ac03b00  392   !   3       java.lang.invoke.MemberName::getMethodType (211 bytes)
Event: 0.868 Thread 0x0000025a7ac03b00 nmethod 392 0x0000025a00083290 code [0x0000025a00083560, 0x0000025a00084900]
Event: 0.886 Thread 0x0000025a7ac03b00  393       3       java.lang.invoke.MethodType::equals (25 bytes)
Event: 0.887 Thread 0x0000025a7ac03b00 nmethod 393 0x0000025a00084e10 code [0x0000025a00085000, 0x0000025a000854d0]

GC Heap History (0 events):
No events

Dll operation events (7 events):
Event: 0.060 Loaded shared library C:\Program Files\Java\jdk-21\bin\java.dll
Event: 0.278 Loaded shared library C:\Program Files\Java\jdk-21\bin\jsvml.dll
Event: 0.407 Loaded shared library C:\Program Files\Java\jdk-21\bin\net.dll
Event: 0.415 Loaded shared library C:\Program Files\Java\jdk-21\bin\nio.dll
Event: 0.427 Loaded shared library C:\Program Files\Java\jdk-21\bin\zip.dll
Event: 0.438 Loaded shared library C:\Program Files\Java\jdk-21\bin\jimage.dll
Event: 0.510 Loaded shared library C:\Program Files\Java\jdk-21\bin\attach.dll

Deoptimization events (0 events):
No events

Classes loaded (20 events):
Event: 0.768 Loading class jdk/internal/jimage/ImageBufferCache
Event: 0.768 Loading class jdk/internal/jimage/ImageBufferCache done
Event: 0.768 Loading class jdk/internal/jimage/ImageBufferCache$1
Event: 0.768 Loading class jdk/internal/jimage/ImageBufferCache$1 done
Event: 0.768 Loading class jdk/internal/jimage/ImageBufferCache$2
Event: 0.768 Loading class jdk/internal/jimage/ImageBufferCache$2 done
Event: 0.769 Loading class java/util/AbstractMap$SimpleEntry
Event: 0.769 Loading class java/util/AbstractMap$SimpleEntry done
Event: 0.770 Loading class sun/nio/cs/StreamDecoder
Event: 0.770 Loading class sun/nio/cs/StreamDecoder done
Event: 0.770 Loading class sun/nio/cs/UTF_8$Decoder
Event: 0.770 Loading class sun/nio/cs/UTF_8$Decoder done
Event: 0.771 Loading class java/io/StreamTokenizer
Event: 0.771 Loading class java/io/StreamTokenizer done
Event: 0.842 Loading class java/lang/SecurityException
Event: 0.842 Loading class java/lang/SecurityException done
Event: 0.863 Loading class java/lang/ProcessHandle
Event: 0.863 Loading class java/lang/ProcessHandle done
Event: 0.877 Loading class java/lang/ProcessHandleImpl
Event: 0.878 Loading class java/lang/ProcessHandleImpl done

Classes unloaded (0 events):
No events

Classes redefined (0 events):
No events

Internal exceptions (4 events):
Event: 0.678 Thread 0x0000025a6c010300 Exception <a 'java/lang/NoSuchMethodError'{0x00000000a693bcb8}: 'java.lang.Object java.lang.invoke.DirectMethodHandle$Holder.newInvokeSpecial(java.lang.Object, java.lang.Object, int)'> (0x00000000a693bcb8) 
thrown [s\src\hotspot\share\interpreter\linkResolver.cpp, line 773]
Event: 0.681 Thread 0x0000025a6c010300 Exception <a 'java/lang/NoSuchMethodError'{0x00000000a6940770}: 'int java.lang.invoke.DirectMethodHandle$Holder.invokeSpecial(java.lang.Object, java.lang.Object, java.lang.Object, int)'> (0x00000000a6940770) 
thrown [s\src\hotspot\share\interpreter\linkResolver.cpp, line 773]
Event: 0.693 Thread 0x0000025a6c010300 Exception <a 'java/lang/NoSuchMethodError'{0x00000000a69534b0}: 'java.lang.Object java.lang.invoke.DirectMethodHandle$Holder.invokeStatic(java.lang.Object, java.lang.Object, java.lang.Object, java.lang.Object, int)'> (0x00000000a69534b0) 
thrown [s\src\hotspot\share\interpreter\linkResolver.cpp, line 773]
Event: 0.700 Thread 0x0000025a6c010300 Exception <a 'java/lang/NoSuchMethodError'{0x00000000a695f560}: 'int java.lang.invoke.DirectMethodHandle$Holder.invokeSpecial(java.lang.Object, java.lang.Object, java.lang.Object)'> (0x00000000a695f560) 
thrown [s\src\hotspot\share\interpreter\linkResolver.cpp, line 773]

ZGC Phase Switch (0 events):
No events

VM Operations (4 events):
Event: 0.429 Executing VM operation: HandshakeAllThreads (Deoptimize)
Event: 0.429 Executing VM operation: HandshakeAllThreads (Deoptimize) done
Event: 0.769 Executing VM operation: HandshakeAllThreads (Deoptimize)
Event: 0.769 Executing VM operation: HandshakeAllThreads (Deoptimize) done

Memory protections (0 events):
No events

Nmethod flushes (0 events):
No events

Events (11 events):
Event: 0.164 Thread 0x0000025a6c010300 Thread added: 0x0000025a6c010300
Event: 0.266 Thread 0x0000025a6c010300 Thread added: 0x0000025a7abcaee0
Event: 0.266 Thread 0x0000025a6c010300 Thread added: 0x0000025a7abcbfa0
Event: 0.267 Thread 0x0000025a6c010300 Thread added: 0x0000025a7abcef20
Event: 0.267 Thread 0x0000025a6c010300 Thread added: 0x0000025a7abcfb70
Event: 0.270 Thread 0x0000025a6c010300 Thread added: 0x0000025a7abd25d0
Event: 0.270 Thread 0x0000025a6c010300 Thread added: 0x0000025a7abd3020
Event: 0.270 Thread 0x0000025a6c010300 Thread added: 0x0000025a7abd3da0
Event: 0.275 Thread 0x0000025a6c010300 Thread added: 0x0000025a7ac03b00
Event: 0.375 Thread 0x0000025a6c010300 Thread added: 0x0000025a7f0af8c0
Event: 0.394 Thread 0x0000025a6c010300 Thread added: 0x0000025a7f0b1120


Dynamic libraries:
0x00007ff76e8f0000 - 0x00007ff76e8fe000 	C:\Program Files\Java\jdk-21\bin\java.exe
0x00007ffeefc10000 - 0x00007ffeefe27000 	C:\WINDOWS\SYSTEM32\ntdll.dll
0x00007ffeee990000 - 0x00007ffeeea54000 	C:\WINDOWS\System32\KERNEL32.DLL
0x00007ffeed0e0000 - 0x00007ffeed4b2000 	C:\WINDOWS\System32\KERNELBASE.dll
0x00007ffeecd00000 - 0x00007ffeece11000 	C:\WINDOWS\System32\ucrtbase.dll
0x00007ffee4eb0000 - 0x00007ffee4ec8000 	C:\Program Files\Java\jdk-21\bin\jli.dll
0x00007ffeed8a0000 - 0x00007ffeeda51000 	C:\WINDOWS\System32\USER32.dll
0x00007ffeecea0000 - 0x00007ffeecec6000 	C:\WINDOWS\System32\win32u.dll
0x00007ffeefaf0000 - 0x00007ffeefb19000 	C:\WINDOWS\System32\GDI32.dll
0x00007ffeed4c0000 - 0x00007ffeed5e3000 	C:\WINDOWS\System32\gdi32full.dll
0x00007ffeeced0000 - 0x00007ffeecf6a000 	C:\WINDOWS\System32\msvcp_win.dll
0x00007ffeb3ab0000 - 0x00007ffeb3ace000 	C:\Program Files\Java\jdk-21\bin\VCRUNTIME140.dll
0x00007ffedb2c0000 - 0x00007ffedb55b000 	C:\WINDOWS\WinSxS\amd64_microsoft.windows.common-controls_6595b64144ccf1df_6.0.22621.5415_none_270d77d17387d7da\COMCTL32.dll
0x00007ffeedbc0000 - 0x00007ffeedc67000 	C:\WINDOWS\System32\msvcrt.dll
0x00007ffeedb80000 - 0x00007ffeedbb1000 	C:\WINDOWS\System32\IMM32.DLL
0x00007ffec4700000 - 0x00007ffec470c000 	C:\Program Files\Java\jdk-21\bin\vcruntime140_1.dll
0x00007ffea1380000 - 0x00007ffea140d000 	C:\Program Files\Java\jdk-21\bin\msvcp140.dll
0x00007ffe35bd0000 - 0x00007ffe36967000 	C:\Program Files\Java\jdk-21\bin\server\jvm.dll
0x00007ffeee1f0000 - 0x00007ffeee2a1000 	C:\WINDOWS\System32\ADVAPI32.dll
0x00007ffeeda60000 - 0x00007ffeedb08000 	C:\WINDOWS\System32\sechost.dll
0x00007ffeecf70000 - 0x00007ffeecf98000 	C:\WINDOWS\System32\bcrypt.dll
0x00007ffeedf00000 - 0x00007ffeee014000 	C:\WINDOWS\System32\RPCRT4.dll
0x00007ffeee910000 - 0x00007ffeee981000 	C:\WINDOWS\System32\WS2_32.dll
0x00007ffeecbd0000 - 0x00007ffeecc1d000 	C:\WINDOWS\SYSTEM32\POWRPROF.dll
0x00007ffee87c0000 - 0x00007ffee87f4000 	C:\WINDOWS\SYSTEM32\WINMM.dll
0x00007ffee8460000 - 0x00007ffee846a000 	C:\WINDOWS\SYSTEM32\VERSION.dll
0x00007ffeecbb0000 - 0x00007ffeecbc3000 	C:\WINDOWS\SYSTEM32\UMPDC.dll
0x00007ffeebcf0000 - 0x00007ffeebd08000 	C:\WINDOWS\SYSTEM32\kernel.appcore.dll
0x00007ffebf950000 - 0x00007ffebf95a000 	C:\Program Files\Java\jdk-21\bin\jimage.dll
0x00007ffeea600000 - 0x00007ffeea833000 	C:\WINDOWS\SYSTEM32\DBGHELP.DLL
0x00007ffeeea60000 - 0x00007ffeeedf3000 	C:\WINDOWS\System32\combase.dll
0x00007ffeedc70000 - 0x00007ffeedd47000 	C:\WINDOWS\System32\OLEAUT32.dll
0x00007ffed9d90000 - 0x00007ffed9dc2000 	C:\WINDOWS\SYSTEM32\dbgcore.DLL
0x00007ffeed820000 - 0x00007ffeed89b000 	C:\WINDOWS\System32\bcryptPrimitives.dll
0x00007ffeb3a40000 - 0x00007ffeb3a5f000 	C:\Program Files\Java\jdk-21\bin\java.dll
0x00007ffeef240000 - 0x00007ffeefae2000 	C:\WINDOWS\System32\SHELL32.dll
0x00007ffeecfa0000 - 0x00007ffeed0df000 	C:\WINDOWS\System32\wintypes.dll
0x00007ffeeabe0000 - 0x00007ffeeb4fe000 	C:\WINDOWS\SYSTEM32\windows.storage.dll
0x00007ffeee030000 - 0x00007ffeee13b000 	C:\WINDOWS\System32\SHCORE.dll
0x00007ffeeefa0000 - 0x00007ffeef009000 	C:\WINDOWS\System32\shlwapi.dll
0x00007ffeecc30000 - 0x00007ffeecc5b000 	C:\WINDOWS\SYSTEM32\profapi.dll
0x00007ffe8c180000 - 0x00007ffe8c257000 	C:\Program Files\Java\jdk-21\bin\jsvml.dll
0x00007ffebf610000 - 0x00007ffebf620000 	C:\Program Files\Java\jdk-21\bin\net.dll
0x00007ffee8090000 - 0x00007ffee81bc000 	C:\WINDOWS\SYSTEM32\WINHTTP.dll
0x00007ffeec160000 - 0x00007ffeec1c9000 	C:\WINDOWS\system32\mswsock.dll
0x00007ffeb2f60000 - 0x00007ffeb2f76000 	C:\Program Files\Java\jdk-21\bin\nio.dll
0x00007ffe99f30000 - 0x00007ffe99f48000 	C:\Program Files\Java\jdk-21\bin\zip.dll
0x00007ffede540000 - 0x00007ffede549000 	C:\Program Files\Java\jdk-21\bin\attach.dll
0x00007ffeee020000 - 0x00007ffeee028000 	C:\WINDOWS\System32\PSAPI.DLL

JVMTI agents: none

dbghelp: loaded successfully - version: 4.0.5 - missing functions: none
symbol engine: initialized successfully - sym options: 0x614 - pdb path: .;C:\Program Files\Java\jdk-21\bin;C:\WINDOWS\SYSTEM32;C:\WINDOWS\WinSxS\amd64_microsoft.windows.common-controls_6595b64144ccf1df_6.0.22621.5415_none_270d77d17387d7da;C:\Program Files\Java\jdk-21\bin\server

VM Arguments:
jvm_args: -Dnet.bytebuddy.agent.attacher.dump= 
java_command: net.bytebuddy.agent.Attacher com.sun.tools.attach.VirtualMachine 19040 C:\Users\ASUS\.m2\repository\net\bytebuddy\byte-buddy-agent\1.17.7\byte-buddy-agent-1.17.7.jar false 
java_class_path (initial): C:\Users\ASUS\.m2\repository\net\bytebuddy\byte-buddy-agent\1.17.7\byte-buddy-agent-1.17.7.jar
Launcher Type: SUN_STANDARD

[Global flags]
     intx CICompilerCount                          = 3                                         {product} {ergonomic}
     uint ConcGCThreads                            = 1                                         {product} {ergonomic}
     uint G1ConcRefinementThreads                  = 4                                         {product} {ergonomic}
   size_t G1HeapRegionSize                         = 1048576                                   {product} {ergonomic}
    uintx GCDrainStackTargetSize                   = 64                                        {product} {ergonomic}
   size_t InitialHeapSize                          = 100663296                                 {product} {ergonomic}
   size_t MarkStackSize                            = 4194304                                   {product} {ergonomic}
   size_t MaxHeapSize                              = 1598029824                                {product} {ergonomic}
   size_t MaxNewSize                               = 958398464                                 {product} {ergonomic}
   size_t MinHeapDeltaBytes                        = 1048576                                   {product} {ergonomic}
   size_t MinHeapSize                              = 8388608                                   {product} {ergonomic}
    uintx NonNMethodCodeHeapSize                   = 5832780                                {pd product} {ergonomic}
    uintx NonProfiledCodeHeapSize                  = 122912730                              {pd product} {ergonomic}
    uintx ProfiledCodeHeapSize                     = 122912730                              {pd product} {ergonomic}
    uintx ReservedCodeCacheSize                    = 251658240                              {pd product} {ergonomic}
     bool SegmentedCodeCache                       = true                                      {product} {ergonomic}
   size_t SoftMaxHeapSize                          = 1598029824                             {manageable} {ergonomic}
     bool UseCompressedOops                        = true                           {product lp64_product} {ergonomic}
     bool UseG1GC                                  = true                                      {product} {ergonomic}
     bool UseLargePagesIndividualAllocation        = false                                  {pd product} {ergonomic}

Logging:
Log output configuration:
 #0: stdout all=warning uptime,level,tags foldmultilines=false
 #1: stderr all=off uptime,level,tags foldmultilines=false

Environment Variables:
JAVA_HOME=C:\Program Files\Java\jdk-21
PATH=C:\Program Files\Java\jdk-21\bin;C:\Program Files\Common Files\Oracle\Java\javapath;C:\Program Files (x86)\Common Files\Oracle\Java\javapath;C:\WINDOWS\system32;C:\WINDOWS;C:\WINDOWS\System32\Wbem;C:\WINDOWS\System32\WindowsPowerShell\v1.0\;C:\WINDOWS\System32\OpenSSH\;C:\Program Files (x86)\Bitvise SSH Client;C:\iverilog\bin\;C:\Program Files\Java\jdk-19\bin;C:\Program Files\Git\cmd;C:\Users\ASUS\AppData\Local\Programs\Python\Python311;D:\avr8-gnu-toolchain-win32_x86_64\bin;D:\avr;C:\Program Files\Docker\Docker\resources\bin;D:\mongosh-2.2.6-win32-x64\bin;C:\Program Files\nodejs\;C:\Program Files\Java\jdk-21\bin;C:\Users\ASUS\scoop\shims;C:\Users\ASUS\AppData\Local\Microsoft\WindowsApps;C:\Users\ASUS\AppData\Local\GitHubDesktop\bin;C:\Users\ASUS\AppData\Local\Programs\Python\Python311;C:\Users\ASUS\AppData\Local\Programs\Python\Python311\Scripts;D:\IntelliJ IDEA 2024.1.3\bin;;C:\Users\ASUS\AppData\Roaming\npm;C:\Users\ASUS\AppData\Local\Programs\Microsoft VS Code\bin
USERNAME=ASUS
OS=Windows_NT
PROCESSOR_IDENTIFIER=AMD64 Family 23 Model 24 Stepping 1, AuthenticAMD
TMP=C:\Users\ASUS\AppData\Local\Temp
TEMP=C:\Users\ASUS\AppData\Local\Temp




Periodic native trim disabled

---------------  S Y S T E M  ---------------

OS:
 Windows 11 , 64 bit Build 22621 (10.0.22621.5415)
OS uptime: 0 days 8:42 hours
Hyper-V role detected

CPU: total 4 (initial active 4) (4 cores per cpu, 2 threads per core) family 23 model 24 stepping 1 microcode 0x0, cx8, cmov, fxsr, ht, mmx, 3dnowpref, sse, sse2, sse3, ssse3, sse4a, sse4.1, sse4.2, popcnt, lzcnt, tsc, tscinvbit, avx, avx2, aes, clmul, bmi1, bmi2, adx, sha, fma, vzeroupper, clflush, clflushopt, hv, rdtscp, f16c
Processor Information for the first 4 processors :
  Max Mhz: 2600, Current Mhz: 2600, Mhz Limit: 2600

Memory: 4k page, system-wide physical 6094M (286M free)
TotalPageFile size 14286M (AvailPageFile size 5M)
current process WorkingSet (physical memory assigned to process): 43M, peak: 43M
current process commit charge ("private bytes"): 172M, peak: 173M

vm_info: OpenJDK 64-Bit Server VM (21.0.8+9-LTS) for windows-amd64 JRE (21.0.8+9-LTS), built on 2025-07-15T00:00:00Z by "admin" with MS VC++ 17.7 (VS2022)

END.
