#
# There is insufficient memory for the Java Runtime Environment to continue.
# Native memory allocation (malloc) failed to allocate 65552 bytes. Error detail: Chunk::new
# Possible reasons:
#   The system is out of physical RAM or swap space
#   This process is running with CompressedOops enabled, and the Java Heap may be blocking the growth of the native heap
# Possible solutions:
#   Reduce memory load on the system
#   Increase physical memory or swap space
#   Check if swap backing store is full
#   Decrease Java heap size (-Xmx/-Xms)
#   Decrease number of Java threads
#   Decrease Java thread stack sizes (-Xss)
#   Set larger code cache with -XX:ReservedCodeCacheSize=
#   JVM is running with Unscaled Compressed Oops mode in which the Java heap is
#     placed in the first 4GB address space. The Java Heap base address is the
#     maximum limit for the native heap growth. Please use -XX:HeapBaseMinAddress
#     to set the Java Heap base and to place the Java Heap above 4GB virtual address.
# This output file may be truncated or incomplete.
#
#  Out of Memory Error (arena.cpp:168), pid=7020, tid=9076
#
# JRE version: OpenJDK Runtime Environment Temurin-21.0.8+9 (21.0.8+9) (build 21.0.8+9-LTS)
# Java VM: OpenJDK 64-Bit Server VM Temurin-21.0.8+9 (21.0.8+9-LTS, mixed mode, sharing, tiered, compressed oops, compressed class ptrs, g1 gc, windows-amd64)
# No core dump will be written. Minidumps are not enabled by default on client versions of Windows
#

---------------  S U M M A R Y ------------

Command Line: C:\Users\ASUS\AppData\Local\Temp\surefire11125447783703210097\surefirebooter-20250916085057704_3.jar C:\Users\ASUS\AppData\Local\Temp\surefire11125447783703210097 2025-09-16T08-50-57_405-jvmRun1 surefire-20250916085057704_1tmp surefire_0-20250916085057704_2tmp

Host: AMD Ryzen 3 3250U with Radeon Graphics         , 4 cores, 5G,  Windows 11 , 64 bit Build 22621 (10.0.22621.5415)
Time: Tue Sep 16 08:52:23 2025 Sri Lanka Standard Time elapsed time: 85.036070 seconds (0d 0h 1m 25s)

---------------  T H R E A D  ---------------

Current thread (0x000002a85dcfd240):  JavaThread "C2 CompilerThread0" daemon [_thread_in_native, id=9076, stack(0x000000b4bd300000,0x000000b4bd400000) (1024K)]


Current CompileTask:
C2:85036 5307       4       org.springframework.core.annotation.AnnotationsScanner::getDeclaredAnnotations (166 bytes)

Stack: [0x000000b4bd300000,0x000000b4bd400000]
Native frames: (J=compiled Java code, j=interpreted, Vv=VM code, C=native code)
V  [jvm.dll+0x6d2449]
V  [jvm.dll+0x8ae341]
V  [jvm.dll+0x8b08be]
V  [jvm.dll+0x8b0fa3]
V  [jvm.dll+0x280c96]
V  [jvm.dll+0xc581d]
V  [jvm.dll+0xc5d53]
V  [jvm.dll+0xc5945]
V  [jvm.dll+0x6ad73c]
V  [jvm.dll+0x60861e]
V  [jvm.dll+0x5efa70]
V  [jvm.dll+0x5edad3]
V  [jvm.dll+0x5fa4c3]
V  [jvm.dll+0x252092]
V  [jvm.dll+0x24a56e]
V  [jvm.dll+0x2483a4]
V  [jvm.dll+0x1c89ee]
V  [jvm.dll+0x257d4d]
V  [jvm.dll+0x2562ea]
V  [jvm.dll+0x3f2d16]
V  [jvm.dll+0x857e6b]
V  [jvm.dll+0x6d0b0d]
C  [ucrtbase.dll+0x29333]
C  [KERNEL32.DLL+0x1259d]
C  [ntdll.dll+0x5af78]


---------------  P R O C E S S  ---------------

Threads class SMR info:
_java_thread_list=0x000002a8a44517e0, length=24, elements={
0x000002a84238bcc0, 0x000002a85dcf3110, 0x000002a85dcf5f30, 0x000002a85dcf8490,
0x000002a85dcf8ee0, 0x000002a85dcfba70, 0x000002a85dcfc4c0, 0x000002a85dcfd240,
0x000002a85dd0b970, 0x000002a8a30d57f0, 0x000002a8a30d8430, 0x000002a8a320d830,
0x000002a8a33fdf40, 0x000002a8a4bb9930, 0x000002a8a4bb9f90, 0x000002a8a4560b40,
0x000002a8a45611a0, 0x000002a8a4b5b3c0, 0x000002a8a4325650, 0x000002a8a4325ce0,
0x000002a8a4326370, 0x000002a8a4327db0, 0x000002a8a4324930, 0x000002a8a4324fc0
}

Java Threads: ( => current thread )
  0x000002a84238bcc0 JavaThread "main"                              [_thread_blocked, id=5584, stack(0x000000b4bc500000,0x000000b4bc600000) (1024K)]
  0x000002a85dcf3110 JavaThread "Reference Handler"          daemon [_thread_blocked, id=19596, stack(0x000000b4bcd00000,0x000000b4bce00000) (1024K)]
  0x000002a85dcf5f30 JavaThread "Finalizer"                  daemon [_thread_blocked, id=19064, stack(0x000000b4bce00000,0x000000b4bcf00000) (1024K)]
  0x000002a85dcf8490 JavaThread "Signal Dispatcher"          daemon [_thread_blocked, id=10192, stack(0x000000b4bcf00000,0x000000b4bd000000) (1024K)]
  0x000002a85dcf8ee0 JavaThread "Attach Listener"            daemon [_thread_blocked, id=1052, stack(0x000000b4bd000000,0x000000b4bd100000) (1024K)]
  0x000002a85dcfba70 JavaThread "Service Thread"             daemon [_thread_blocked, id=18032, stack(0x000000b4bd100000,0x000000b4bd200000) (1024K)]
  0x000002a85dcfc4c0 JavaThread "Monitor Deflation Thread"   daemon [_thread_blocked, id=692, stack(0x000000b4bd200000,0x000000b4bd300000) (1024K)]
=>0x000002a85dcfd240 JavaThread "C2 CompilerThread0"         daemon [_thread_in_native, id=9076, stack(0x000000b4bd300000,0x000000b4bd400000) (1024K)]
  0x000002a85dd0b970 JavaThread "C1 CompilerThread0"         daemon [_thread_in_native, id=20676, stack(0x000000b4bd400000,0x000000b4bd500000) (1024K)]
  0x000002a8a30d57f0 JavaThread "Notification Thread"        daemon [_thread_blocked, id=1568, stack(0x000000b4bd500000,0x000000b4bd600000) (1024K)]
  0x000002a8a30d8430 JavaThread "Common-Cleaner"             daemon [_thread_blocked, id=13804, stack(0x000000b4bd600000,0x000000b4bd700000) (1024K)]
  0x000002a8a320d830 JavaThread "surefire-forkedjvm-stream-flusher" daemon [_thread_blocked, id=17340, stack(0x000000b4bd700000,0x000000b4bd800000) (1024K)]
  0x000002a8a33fdf40 JavaThread "surefire-forkedjvm-command-thread" daemon [_thread_in_native, id=1040, stack(0x000000b4bd800000,0x000000b4bd900000) (1024K)]
  0x000002a8a4bb9930 JavaThread "Thread-1"                   daemon [_thread_in_native, id=16240, stack(0x000000b4bdd00000,0x000000b4bde00000) (1024K)]
  0x000002a8a4bb9f90 JavaThread "Thread-2"                   daemon [_thread_in_native, id=12408, stack(0x000000b4bde00000,0x000000b4bdf00000) (1024K)]
  0x000002a8a4560b40 JavaThread "Thread-3"                   daemon [_thread_in_native, id=9288, stack(0x000000b4bdf00000,0x000000b4be000000) (1024K)]
  0x000002a8a45611a0 JavaThread "Thread-4"                   daemon [_thread_in_native, id=17080, stack(0x000000b4be000000,0x000000b4be100000) (1024K)]
  0x000002a8a4b5b3c0 JavaThread "Thread-5"                   daemon [_thread_in_native, id=12500, stack(0x000000b4be100000,0x000000b4be200000) (1024K)]
  0x000002a8a4325650 JavaThread "Thread-10"                  daemon [_thread_blocked, id=12788, stack(0x000000b4be300000,0x000000b4be400000) (1024K)]
  0x000002a8a4325ce0 JavaThread "Thread-11"                  daemon [_thread_blocked, id=8664, stack(0x000000b4be400000,0x000000b4be500000) (1024K)]
  0x000002a8a4326370 JavaThread "testcontainers-ryuk"        daemon [_thread_blocked, id=17328, stack(0x000000b4bdc00000,0x000000b4bdd00000) (1024K)]
  0x000002a8a4327db0 JavaThread "Catalina-utility-1"                [_thread_blocked, id=14884, stack(0x000000b4be600000,0x000000b4be700000) (1024K)]
  0x000002a8a4324930 JavaThread "Catalina-utility-2"                [_thread_blocked, id=16604, stack(0x000000b4be900000,0x000000b4bea00000) (1024K)]
  0x000002a8a4324fc0 JavaThread "container-0"                       [_thread_blocked, id=5580, stack(0x000000b4bea00000,0x000000b4beb00000) (1024K)]
Total: 24

Other Threads:
  0x000002a85dcdc9d0 VMThread "VM Thread"                           [id=19360, stack(0x000000b4bcc00000,0x000000b4bcd00000) (1024K)]
  0x000002a85dcc7d50 WatcherThread "VM Periodic Task Thread"        [id=20048, stack(0x000000b4bcb00000,0x000000b4bcc00000) (1024K)]
  0x000002a8423d4120 WorkerThread "GC Thread#0"                     [id=6448, stack(0x000000b4bc600000,0x000000b4bc700000) (1024K)]
  0x000002a8a372dc50 WorkerThread "GC Thread#1"                     [id=15428, stack(0x000000b4bd900000,0x000000b4bda00000) (1024K)]
  0x000002a8a37857c0 WorkerThread "GC Thread#2"                     [id=13156, stack(0x000000b4bda00000,0x000000b4bdb00000) (1024K)]
  0x000002a8a3785b60 WorkerThread "GC Thread#3"                     [id=17684, stack(0x000000b4bdb00000,0x000000b4bdc00000) (1024K)]
  0x000002a8423e1040 ConcurrentGCThread "G1 Main Marker"            [id=17256, stack(0x000000b4bc700000,0x000000b4bc800000) (1024K)]
  0x000002a8423e1a50 WorkerThread "G1 Conc#0"                       [id=19068, stack(0x000000b4bc800000,0x000000b4bc900000) (1024K)]
  0x000002a85dba0090 ConcurrentGCThread "G1 Refine#0"               [id=2144, stack(0x000000b4bc900000,0x000000b4bca00000) (1024K)]
  0x000002a85dba0b10 ConcurrentGCThread "G1 Service"                [id=6420, stack(0x000000b4bca00000,0x000000b4bcb00000) (1024K)]
Total: 10

Threads with active compile tasks:
C2 CompilerThread0  85411 5307       4       org.springframework.core.annotation.AnnotationsScanner::getDeclaredAnnotations (166 bytes)
C1 CompilerThread0  85412 5311       3       java.util.Arrays$ArrayList::toArray (15 bytes)
Total: 2

VM state: not at safepoint (normal execution)

VM Mutex/Monitor currently owned by a thread: None

Heap address: 0x00000000a0c00000, size: 1524 MB, Compressed Oops mode: 32-bit

CDS archive(s) mapped at: [0x000002a85e000000-0x000002a85ec80000-0x000002a85ec80000), size 13107200, SharedBaseAddress: 0x000002a85e000000, ArchiveRelocationMode: 1.
Compressed class space mapped at: 0x000002a85f000000-0x000002a89f000000, reserved size: 1073741824
Narrow klass base: 0x000002a85e000000, Narrow klass shift: 0, Narrow klass range: 0x100000000

GC Precious Log:
 CardTable entry size: 512
 Card Set container configuration: InlinePtr #cards 5 size 8 Array Of Cards #cards 12 size 40 Howl #buckets 4 coarsen threshold 1843 Howl Bitmap #cards 512 size 80 coarsen threshold 460 Card regions per heap region 1 cards per card region 2048
 CPUs: 4 total, 4 available
 Memory: 6094M
 Large Page Support: Disabled
 NUMA Support: Disabled
 Compressed Oops: Enabled (32-bit)
 Heap Region Size: 1M
 Heap Min Capacity: 8M
 Heap Initial Capacity: 96M
 Heap Max Capacity: 1524M
 Pre-touch: Disabled
 Parallel Workers: 4
 Concurrent Workers: 1
 Concurrent Refinement Workers: 4
 Periodic GC: Disabled

Heap:
 garbage-first heap   total 65536K, used 34110K [0x00000000a0c00000, 0x0000000100000000)
  region size 1024K, 10 young (10240K), 4 survivors (4096K)
 Metaspace       used 46160K, committed 46656K, reserved 1114112K
  class space    used 5937K, committed 6144K, reserved 1048576K

Heap Regions: E=young(eden), S=young(survivor), O=old, HS=humongous(starts), HC=humongous(continues), CS=collection set, F=free, TAMS=top-at-mark-start, PB=parsable bottom
|   0|0x00000000a0c00000, 0x00000000a0d00000, 0x00000000a0d00000|100%|HS|  |TAMS 0x00000000a0c00000| PB 0x00000000a0c00000| Complete 
|   1|0x00000000a0d00000, 0x00000000a0e00000, 0x00000000a0e00000|100%|HS|  |TAMS 0x00000000a0d00000| PB 0x00000000a0d00000| Complete 
|   2|0x00000000a0e00000, 0x00000000a0f00000, 0x00000000a0f00000|100%|HC|  |TAMS 0x00000000a0e00000| PB 0x00000000a0e00000| Complete 
|   3|0x00000000a0f00000, 0x00000000a1000000, 0x00000000a1000000|100%| O|  |TAMS 0x00000000a0f00000| PB 0x00000000a0f00000| Untracked 
|   4|0x00000000a1000000, 0x00000000a1100000, 0x00000000a1100000|100%| O|  |TAMS 0x00000000a1000000| PB 0x00000000a1000000| Untracked 
|   5|0x00000000a1100000, 0x00000000a1200000, 0x00000000a1200000|100%| O|  |TAMS 0x00000000a1100000| PB 0x00000000a1100000| Untracked 
|   6|0x00000000a1200000, 0x00000000a1300000, 0x00000000a1300000|100%| O|  |TAMS 0x00000000a1200000| PB 0x00000000a1200000| Untracked 
|   7|0x00000000a1300000, 0x00000000a1400000, 0x00000000a1400000|100%| O|  |TAMS 0x00000000a1300000| PB 0x00000000a1300000| Untracked 
|   8|0x00000000a1400000, 0x00000000a1500000, 0x00000000a1500000|100%| O|  |TAMS 0x00000000a1400000| PB 0x00000000a1400000| Untracked 
|   9|0x00000000a1500000, 0x00000000a1600000, 0x00000000a1600000|100%| O|  |TAMS 0x00000000a1500000| PB 0x00000000a1500000| Untracked 
|  10|0x00000000a1600000, 0x00000000a1700000, 0x00000000a1700000|100%| O|  |TAMS 0x00000000a1600000| PB 0x00000000a1600000| Untracked 
|  11|0x00000000a1700000, 0x00000000a1800000, 0x00000000a1800000|100%| O|  |TAMS 0x00000000a1700000| PB 0x00000000a1700000| Untracked 
|  12|0x00000000a1800000, 0x00000000a1900000, 0x00000000a1900000|100%| O|  |TAMS 0x00000000a1800000| PB 0x00000000a1800000| Untracked 
|  13|0x00000000a1900000, 0x00000000a1a00000, 0x00000000a1a00000|100%| O|  |TAMS 0x00000000a1900000| PB 0x00000000a1900000| Untracked 
|  14|0x00000000a1a00000, 0x00000000a1b00000, 0x00000000a1b00000|100%| O|  |TAMS 0x00000000a1a00000| PB 0x00000000a1a00000| Untracked 
|  15|0x00000000a1b00000, 0x00000000a1c00000, 0x00000000a1c00000|100%| O|  |TAMS 0x00000000a1b00000| PB 0x00000000a1b00000| Untracked 
|  16|0x00000000a1c00000, 0x00000000a1d00000, 0x00000000a1d00000|100%| O|  |TAMS 0x00000000a1c00000| PB 0x00000000a1c00000| Untracked 
|  17|0x00000000a1d00000, 0x00000000a1e00000, 0x00000000a1e00000|100%| O|  |TAMS 0x00000000a1d00000| PB 0x00000000a1d00000| Untracked 
|  18|0x00000000a1e00000, 0x00000000a1f00000, 0x00000000a1f00000|100%| O|  |TAMS 0x00000000a1e00000| PB 0x00000000a1e00000| Untracked 
|  19|0x00000000a1f00000, 0x00000000a2000000, 0x00000000a2000000|100%| O|  |TAMS 0x00000000a1f00000| PB 0x00000000a1f00000| Untracked 
|  20|0x00000000a2000000, 0x00000000a2000000, 0x00000000a2100000|  0%| F|  |TAMS 0x00000000a2000000| PB 0x00000000a2000000| Untracked 
|  21|0x00000000a2100000, 0x00000000a2200000, 0x00000000a2200000|100%| O|  |TAMS 0x00000000a2100000| PB 0x00000000a2100000| Untracked 
|  22|0x00000000a2200000, 0x00000000a2300000, 0x00000000a2300000|100%| O|  |TAMS 0x00000000a2200000| PB 0x00000000a2200000| Untracked 
|  23|0x00000000a2300000, 0x00000000a2400000, 0x00000000a2400000|100%| O|  |TAMS 0x00000000a2300000| PB 0x00000000a2300000| Untracked 
|  24|0x00000000a2400000, 0x00000000a2500000, 0x00000000a2500000|100%| O|  |TAMS 0x00000000a2400000| PB 0x00000000a2400000| Untracked 
|  25|0x00000000a2500000, 0x00000000a2600000, 0x00000000a2600000|100%| O|  |TAMS 0x00000000a2500000| PB 0x00000000a2500000| Untracked 
|  26|0x00000000a2600000, 0x00000000a2600000, 0x00000000a2700000|  0%| F|  |TAMS 0x00000000a2600000| PB 0x00000000a2600000| Untracked 
|  27|0x00000000a2700000, 0x00000000a2700000, 0x00000000a2800000|  0%| F|  |TAMS 0x00000000a2700000| PB 0x00000000a2700000| Untracked 
|  28|0x00000000a2800000, 0x00000000a2800000, 0x00000000a2900000|  0%| F|  |TAMS 0x00000000a2800000| PB 0x00000000a2800000| Untracked 
|  29|0x00000000a2900000, 0x00000000a294f9e0, 0x00000000a2a00000| 31%| S|CS|TAMS 0x00000000a2900000| PB 0x00000000a2900000| Complete 
|  30|0x00000000a2a00000, 0x00000000a2b00000, 0x00000000a2b00000|100%| S|CS|TAMS 0x00000000a2a00000| PB 0x00000000a2a00000| Complete 
|  31|0x00000000a2b00000, 0x00000000a2b00000, 0x00000000a2c00000|  0%| F|  |TAMS 0x00000000a2b00000| PB 0x00000000a2b00000| Untracked 
|  32|0x00000000a2c00000, 0x00000000a2c00000, 0x00000000a2d00000|  0%| F|  |TAMS 0x00000000a2c00000| PB 0x00000000a2c00000| Untracked 
|  33|0x00000000a2d00000, 0x00000000a2d00000, 0x00000000a2e00000|  0%| F|  |TAMS 0x00000000a2d00000| PB 0x00000000a2d00000| Untracked 
|  34|0x00000000a2e00000, 0x00000000a2f00000, 0x00000000a2f00000|100%| S|CS|TAMS 0x00000000a2e00000| PB 0x00000000a2e00000| Complete 
|  35|0x00000000a2f00000, 0x00000000a3000000, 0x00000000a3000000|100%| S|CS|TAMS 0x00000000a2f00000| PB 0x00000000a2f00000| Complete 
|  36|0x00000000a3000000, 0x00000000a3000000, 0x00000000a3100000|  0%| F|  |TAMS 0x00000000a3000000| PB 0x00000000a3000000| Untracked 
|  37|0x00000000a3100000, 0x00000000a3100000, 0x00000000a3200000|  0%| F|  |TAMS 0x00000000a3100000| PB 0x00000000a3100000| Untracked 
|  38|0x00000000a3200000, 0x00000000a3200000, 0x00000000a3300000|  0%| F|  |TAMS 0x00000000a3200000| PB 0x00000000a3200000| Untracked 
|  39|0x00000000a3300000, 0x00000000a3300000, 0x00000000a3400000|  0%| F|  |TAMS 0x00000000a3300000| PB 0x00000000a3300000| Untracked 
|  40|0x00000000a3400000, 0x00000000a3400000, 0x00000000a3500000|  0%| F|  |TAMS 0x00000000a3400000| PB 0x00000000a3400000| Untracked 
|  41|0x00000000a3500000, 0x00000000a3500000, 0x00000000a3600000|  0%| F|  |TAMS 0x00000000a3500000| PB 0x00000000a3500000| Untracked 
|  42|0x00000000a3600000, 0x00000000a3600000, 0x00000000a3700000|  0%| F|  |TAMS 0x00000000a3600000| PB 0x00000000a3600000| Untracked 
|  43|0x00000000a3700000, 0x00000000a3700000, 0x00000000a3800000|  0%| F|  |TAMS 0x00000000a3700000| PB 0x00000000a3700000| Untracked 
|  44|0x00000000a3800000, 0x00000000a3800000, 0x00000000a3900000|  0%| F|  |TAMS 0x00000000a3800000| PB 0x00000000a3800000| Untracked 
|  45|0x00000000a3900000, 0x00000000a3900000, 0x00000000a3a00000|  0%| F|  |TAMS 0x00000000a3900000| PB 0x00000000a3900000| Untracked 
|  46|0x00000000a3a00000, 0x00000000a3a00000, 0x00000000a3b00000|  0%| F|  |TAMS 0x00000000a3a00000| PB 0x00000000a3a00000| Untracked 
|  47|0x00000000a3b00000, 0x00000000a3b00000, 0x00000000a3c00000|  0%| F|  |TAMS 0x00000000a3b00000| PB 0x00000000a3b00000| Untracked 
|  48|0x00000000a3c00000, 0x00000000a3c00000, 0x00000000a3d00000|  0%| F|  |TAMS 0x00000000a3c00000| PB 0x00000000a3c00000| Untracked 
|  49|0x00000000a3d00000, 0x00000000a3d00000, 0x00000000a3e00000|  0%| F|  |TAMS 0x00000000a3d00000| PB 0x00000000a3d00000| Untracked 
|  50|0x00000000a3e00000, 0x00000000a3e00000, 0x00000000a3f00000|  0%| F|  |TAMS 0x00000000a3e00000| PB 0x00000000a3e00000| Untracked 
|  51|0x00000000a3f00000, 0x00000000a3f00000, 0x00000000a4000000|  0%| F|  |TAMS 0x00000000a3f00000| PB 0x00000000a3f00000| Untracked 
|  52|0x00000000a4000000, 0x00000000a4000000, 0x00000000a4100000|  0%| F|  |TAMS 0x00000000a4000000| PB 0x00000000a4000000| Untracked 
|  53|0x00000000a4100000, 0x00000000a4100000, 0x00000000a4200000|  0%| F|  |TAMS 0x00000000a4100000| PB 0x00000000a4100000| Untracked 
|  54|0x00000000a4200000, 0x00000000a4200000, 0x00000000a4300000|  0%| F|  |TAMS 0x00000000a4200000| PB 0x00000000a4200000| Untracked 
|  55|0x00000000a4300000, 0x00000000a4300000, 0x00000000a4400000|  0%| F|  |TAMS 0x00000000a4300000| PB 0x00000000a4300000| Untracked 
|  56|0x00000000a4400000, 0x00000000a4400000, 0x00000000a4500000|  0%| F|  |TAMS 0x00000000a4400000| PB 0x00000000a4400000| Untracked 
|  57|0x00000000a4500000, 0x00000000a4500000, 0x00000000a4600000|  0%| F|  |TAMS 0x00000000a4500000| PB 0x00000000a4500000| Untracked 
|  58|0x00000000a4600000, 0x00000000a467b1e0, 0x00000000a4700000| 48%| E|  |TAMS 0x00000000a4600000| PB 0x00000000a4600000| Complete 
|  59|0x00000000a4700000, 0x00000000a4800000, 0x00000000a4800000|100%| E|CS|TAMS 0x00000000a4700000| PB 0x00000000a4700000| Complete 
|  60|0x00000000a4800000, 0x00000000a4900000, 0x00000000a4900000|100%| E|CS|TAMS 0x00000000a4800000| PB 0x00000000a4800000| Complete 
|  61|0x00000000a4900000, 0x00000000a4a00000, 0x00000000a4a00000|100%| E|CS|TAMS 0x00000000a4900000| PB 0x00000000a4900000| Complete 
|  62|0x00000000a4a00000, 0x00000000a4b00000, 0x00000000a4b00000|100%| E|CS|TAMS 0x00000000a4a00000| PB 0x00000000a4a00000| Complete 
|  95|0x00000000a6b00000, 0x00000000a6c00000, 0x00000000a6c00000|100%| E|CS|TAMS 0x00000000a6b00000| PB 0x00000000a6b00000| Complete 

Card table byte_map: [0x000002a859d90000,0x000002a85a090000] _byte_map_base: 0x000002a85988a000

Marking Bits: (CMBitMap*) 0x000002a8423d4730
 Bits: [0x000002a85a090000, 0x000002a85b860000)

Polling page: 0x000002a840280000

Metaspace:

Usage:
  Non-class:     39.28 MB used.
      Class:      5.80 MB used.
       Both:     45.08 MB used.

Virtual space:
  Non-class space:       64.00 MB reserved,      39.56 MB ( 62%) committed,  1 nodes.
      Class space:        1.00 GB reserved,       6.00 MB ( <1%) committed,  1 nodes.
             Both:        1.06 GB reserved,      45.56 MB (  4%) committed. 

Chunk freelists:
   Non-Class:  7.70 MB
       Class:  10.00 MB
        Both:  17.70 MB

MaxMetaspaceSize: unlimited
CompressedClassSpaceSize: 1.00 GB
Initial GC threshold: 21.00 MB
Current GC threshold: 59.31 MB
CDS: on
 - commit_granule_bytes: 65536.
 - commit_granule_words: 8192.
 - virtual_space_node_default_size: 8388608.
 - enlarge_chunks_in_place: 1.
 - use_allocation_guard: 0.


Internal statistics:

num_allocs_failed_limit: 9.
num_arena_births: 662.
num_arena_deaths: 0.
num_vsnodes_births: 2.
num_vsnodes_deaths: 0.
num_space_committed: 729.
num_space_uncommitted: 0.
num_chunks_returned_to_freelist: 9.
num_chunks_taken_from_freelist: 2372.
num_chunk_merges: 9.
num_chunk_splits: 1631.
num_chunks_enlarged: 1233.
num_inconsistent_stats: 0.

CodeHeap 'non-profiled nmethods': size=120000Kb used=2516Kb max_used=2516Kb free=117483Kb
 bounds [0x000002a852560000, 0x000002a8527e0000, 0x000002a859a90000]
CodeHeap 'profiled nmethods': size=120000Kb used=10035Kb max_used=10035Kb free=109964Kb
 bounds [0x000002a84aa90000, 0x000002a84b460000, 0x000002a851fc0000]
CodeHeap 'non-nmethods': size=5760Kb used=1924Kb max_used=1976Kb free=3835Kb
 bounds [0x000002a851fc0000, 0x000002a852230000, 0x000002a852560000]
CodeCache: size=245760Kb, used=14475Kb, max_used=14527Kb, free=231282Kb
 total_blobs=5625, nmethods=4932, adapters=596, full_count=0
Compilation: enabled, stopped_count=0, restarted_count=0

Compilation events (20 events):
Event: 84.758 Thread 0x000002a85dd0b970 nmethod 5298 0x000002a84b457090 code [0x000002a84b4572c0, 0x000002a84b457c90]
Event: 84.758 Thread 0x000002a85dd0b970 5299       3       sun.reflect.generics.tree.ClassSignature::make (11 bytes)
Event: 84.758 Thread 0x000002a85dd0b970 nmethod 5299 0x000002a84b457f90 code [0x000002a84b458140, 0x000002a84b458458]
Event: 84.761 Thread 0x000002a85dd0b970 5300       3       java.lang.PublicMethods$Key::equals (50 bytes)
Event: 84.761 Thread 0x000002a85dd0b970 nmethod 5300 0x000002a84b458590 code [0x000002a84b458760, 0x000002a84b458ba0]
Event: 84.761 Thread 0x000002a85dd0b970 5301       1       org.springframework.beans.GenericTypeAwarePropertyDescriptor::getReadMethod (5 bytes)
Event: 84.761 Thread 0x000002a85dd0b970 nmethod 5301 0x000002a8527d4410 code [0x000002a8527d45a0, 0x000002a8527d4668]
Event: 84.761 Thread 0x000002a85dd0b970 5302       3       org.springframework.core.ResolvableType::forMethodParameter (40 bytes)
Event: 84.763 Thread 0x000002a85dd0b970 nmethod 5302 0x000002a84b458c90 code [0x000002a84b458f00, 0x000002a84b459a58]
Event: 84.763 Thread 0x000002a85dd0b970 5303       3       org.springframework.core.convert.support.GenericConversionService$Converters::addToClassHierarchy (30 bytes)
Event: 84.764 Thread 0x000002a85dd0b970 nmethod 5303 0x000002a84b459e10 code [0x000002a84b45a020, 0x000002a84b45a578]
Event: 84.764 Thread 0x000002a85dd0b970 5304       3       java.lang.Throwable::<init> (34 bytes)
Event: 84.764 Thread 0x000002a85dd0b970 nmethod 5304 0x000002a84b45a810 code [0x000002a84b45a9e0, 0x000002a84b45adb0]
Event: 84.768 Thread 0x000002a85dcfd240 5305       4       org.springframework.core.annotation.AnnotationFilter::matches (11 bytes)
Event: 84.768 Thread 0x000002a85dd0b970 5306       3       org.springframework.core.annotation.TypeMappedAnnotations::spliterator (14 bytes)
Event: 84.768 Thread 0x000002a85dd0b970 nmethod 5306 0x000002a84b45ae90 code [0x000002a84b45b060, 0x000002a84b45b3f8]
Event: 84.777 Thread 0x000002a85dd0b970 5308   !   3       org.springframework.beans.factory.support.AbstractBeanFactory::resolveBeanClass (96 bytes)
Event: 84.780 Thread 0x000002a85dd0b970 nmethod 5308 0x000002a84b45b510 code [0x000002a84b45b8a0, 0x000002a84b45d8a8]
Event: 84.781 Thread 0x000002a85dcfd240 nmethod 5305 0x000002a8527d4710 code [0x000002a8527d48e0, 0x000002a8527d4e08]
Event: 84.781 Thread 0x000002a85dcfd240 5307       4       org.springframework.core.annotation.AnnotationsScanner::getDeclaredAnnotations (166 bytes)

GC Heap History (18 events):
Event: 0.843 GC heap before
{Heap before GC invocations=0 (full 0):
 garbage-first heap   total 98304K, used 16384K [0x00000000a0c00000, 0x0000000100000000)
  region size 1024K, 13 young (13312K), 0 survivors (0K)
 Metaspace       used 2386K, committed 2496K, reserved 1114112K
  class space    used 209K, committed 256K, reserved 1048576K
}
Event: 0.858 GC heap after
{Heap after GC invocations=1 (full 0):
 garbage-first heap   total 98304K, used 10624K [0x00000000a0c00000, 0x0000000100000000)
  region size 1024K, 2 young (2048K), 2 survivors (2048K)
 Metaspace       used 2386K, committed 2496K, reserved 1114112K
  class space    used 209K, committed 256K, reserved 1048576K
}
Event: 1.574 GC heap before
{Heap before GC invocations=1 (full 0):
 garbage-first heap   total 98304K, used 19840K [0x00000000a0c00000, 0x0000000100000000)
  region size 1024K, 11 young (11264K), 2 survivors (2048K)
 Metaspace       used 4691K, committed 4864K, reserved 1114112K
  class space    used 523K, committed 640K, reserved 1048576K
}
Event: 1.580 GC heap after
{Heap after GC invocations=2 (full 0):
 garbage-first heap   total 98304K, used 11245K [0x00000000a0c00000, 0x0000000100000000)
  region size 1024K, 1 young (1024K), 1 survivors (1024K)
 Metaspace       used 4691K, committed 4864K, reserved 1114112K
  class space    used 523K, committed 640K, reserved 1048576K
}
Event: 3.493 GC heap before
{Heap before GC invocations=2 (full 0):
 garbage-first heap   total 98304K, used 38893K [0x00000000a0c00000, 0x0000000100000000)
  region size 1024K, 29 young (29696K), 1 survivors (1024K)
 Metaspace       used 12562K, committed 12800K, reserved 1114112K
  class space    used 1488K, committed 1600K, reserved 1048576K
}
Event: 3.503 GC heap after
{Heap after GC invocations=3 (full 0):
 garbage-first heap   total 98304K, used 13129K [0x00000000a0c00000, 0x0000000100000000)
  region size 1024K, 3 young (3072K), 3 survivors (3072K)
 Metaspace       used 12562K, committed 12800K, reserved 1114112K
  class space    used 1488K, committed 1600K, reserved 1048576K
}
Event: 37.017 GC heap before
{Heap before GC invocations=3 (full 0):
 garbage-first heap   total 98304K, used 60233K [0x00000000a0c00000, 0x0000000100000000)
  region size 1024K, 50 young (51200K), 3 survivors (3072K)
 Metaspace       used 21130K, committed 21504K, reserved 1114112K
  class space    used 2617K, committed 2752K, reserved 1048576K
}
Event: 37.048 GC heap after
{Heap after GC invocations=4 (full 0):
 garbage-first heap   total 98304K, used 18567K [0x00000000a0c00000, 0x0000000100000000)
  region size 1024K, 8 young (8192K), 8 survivors (8192K)
 Metaspace       used 21130K, committed 21504K, reserved 1114112K
  class space    used 2617K, committed 2752K, reserved 1048576K
}
Event: 40.321 GC heap before
{Heap before GC invocations=5 (full 0):
 garbage-first heap   total 65536K, used 48263K [0x00000000a0c00000, 0x0000000100000000)
  region size 1024K, 38 young (38912K), 8 survivors (8192K)
 Metaspace       used 28900K, committed 29312K, reserved 1114112K
  class space    used 3707K, committed 3904K, reserved 1048576K
}
Event: 40.344 GC heap after
{Heap after GC invocations=6 (full 0):
 garbage-first heap   total 65536K, used 20949K [0x00000000a0c00000, 0x0000000100000000)
  region size 1024K, 3 young (3072K), 3 survivors (3072K)
 Metaspace       used 28900K, committed 29312K, reserved 1114112K
  class space    used 3707K, committed 3904K, reserved 1048576K
}
Event: 42.244 GC heap before
{Heap before GC invocations=6 (full 0):
 garbage-first heap   total 65536K, used 45525K [0x00000000a0c00000, 0x0000000100000000)
  region size 1024K, 29 young (29696K), 3 survivors (3072K)
 Metaspace       used 35574K, committed 35968K, reserved 1114112K
  class space    used 4531K, committed 4736K, reserved 1048576K
}
Event: 42.256 GC heap after
{Heap after GC invocations=7 (full 0):
 garbage-first heap   total 65536K, used 23552K [0x00000000a0c00000, 0x0000000100000000)
  region size 1024K, 3 young (3072K), 3 survivors (3072K)
 Metaspace       used 35574K, committed 35968K, reserved 1114112K
  class space    used 4531K, committed 4736K, reserved 1048576K
}
Event: 42.679 GC heap before
{Heap before GC invocations=7 (full 0):
 garbage-first heap   total 65536K, used 26624K [0x00000000a0c00000, 0x0000000100000000)
  region size 1024K, 7 young (7168K), 3 survivors (3072K)
 Metaspace       used 35913K, committed 36288K, reserved 1114112K
  class space    used 4577K, committed 4736K, reserved 1048576K
}
Event: 42.690 GC heap after
{Heap after GC invocations=8 (full 0):
 garbage-first heap   total 65536K, used 23988K [0x00000000a0c00000, 0x0000000100000000)
  region size 1024K, 1 young (1024K), 1 survivors (1024K)
 Metaspace       used 35913K, committed 36288K, reserved 1114112K
  class space    used 4577K, committed 4736K, reserved 1048576K
}
Event: 45.585 GC heap before
{Heap before GC invocations=9 (full 0):
 garbage-first heap   total 65536K, used 52660K [0x00000000a0c00000, 0x0000000100000000)
  region size 1024K, 30 young (30720K), 1 survivors (1024K)
 Metaspace       used 39559K, committed 39936K, reserved 1114112K
  class space    used 5020K, committed 5184K, reserved 1048576K
}
Event: 45.594 GC heap after
{Heap after GC invocations=10 (full 0):
 garbage-first heap   total 65536K, used 26034K [0x00000000a0c00000, 0x0000000100000000)
  region size 1024K, 3 young (3072K), 3 survivors (3072K)
 Metaspace       used 39559K, committed 39936K, reserved 1114112K
  class space    used 5020K, committed 5184K, reserved 1048576K
}
Event: 50.235 GC heap before
{Heap before GC invocations=10 (full 0):
 garbage-first heap   total 65536K, used 53682K [0x00000000a0c00000, 0x0000000100000000)
  region size 1024K, 31 young (31744K), 3 survivors (3072K)
 Metaspace       used 45158K, committed 45696K, reserved 1114112K
  class space    used 5798K, committed 6016K, reserved 1048576K
}
Event: 50.246 GC heap after
{Heap after GC invocations=11 (full 0):
 garbage-first heap   total 65536K, used 28990K [0x00000000a0c00000, 0x0000000100000000)
  region size 1024K, 4 young (4096K), 4 survivors (4096K)
 Metaspace       used 45158K, committed 45696K, reserved 1114112K
  class space    used 5798K, committed 6016K, reserved 1048576K
}

Dll operation events (11 events):
Event: 0.013 Loaded shared library C:\Program Files\Java\jdk-21\bin\java.dll
Event: 0.078 Loaded shared library C:\Program Files\Java\jdk-21\bin\jsvml.dll
Event: 0.129 Loaded shared library C:\Program Files\Java\jdk-21\bin\net.dll
Event: 0.131 Loaded shared library C:\Program Files\Java\jdk-21\bin\nio.dll
Event: 0.138 Loaded shared library C:\Program Files\Java\jdk-21\bin\zip.dll
Event: 0.283 Loaded shared library C:\Program Files\Java\jdk-21\bin\management.dll
Event: 0.295 Loaded shared library C:\Program Files\Java\jdk-21\bin\management_ext.dll
Event: 0.349 Loaded shared library C:\Program Files\Java\jdk-21\bin\jimage.dll
Event: 2.868 Loaded shared library C:\Program Files\Java\jdk-21\bin\verify.dll
Event: 4.703 Loaded shared library C:\Program Files\Java\jdk-21\bin\extnet.dll
Event: 41.810 Loaded shared library C:\Program Files\Java\jdk-21\bin\sunmscapi.dll

Deoptimization events (20 events):
Event: 48.456 Thread 0x000002a84238bcc0 DEOPT PACKING pc=0x000002a85269d9d0 sp=0x000000b4bc5faf70
Event: 48.456 Thread 0x000002a84238bcc0 DEOPT UNPACKING pc=0x000002a8520146a2 sp=0x000000b4bc5faf30 mode 2
Event: 48.671 Thread 0x000002a84238bcc0 Uncommon trap: trap_request=0xffffff45 fr.pc=0x000002a85276068c relative=0x000000000000006c
Event: 48.671 Thread 0x000002a84238bcc0 Uncommon trap: reason=unstable_if action=reinterpret pc=0x000002a85276068c method=java.lang.ClassLoader.createOrGetClassLoaderValueMap()Ljava/util/concurrent/ConcurrentHashMap; @ 6 c2
Event: 48.671 Thread 0x000002a84238bcc0 DEOPT PACKING pc=0x000002a85276068c sp=0x000000b4bc5f99b0
Event: 48.671 Thread 0x000002a84238bcc0 DEOPT UNPACKING pc=0x000002a8520146a2 sp=0x000000b4bc5f9938 mode 2
Event: 48.986 Thread 0x000002a84238bcc0 DEOPT PACKING pc=0x000002a84b2c8648 sp=0x000000b4bc5fa0b0
Event: 48.986 Thread 0x000002a84238bcc0 DEOPT UNPACKING pc=0x000002a852014e42 sp=0x000000b4bc5f9568 mode 0
Event: 49.124 Thread 0x000002a84238bcc0 Uncommon trap: trap_request=0xffffff54 fr.pc=0x000002a85275a3f0 relative=0x0000000000000590
Event: 49.124 Thread 0x000002a84238bcc0 Uncommon trap: reason=speculate_null_assert action=make_not_entrant pc=0x000002a85275a3f0 method=org.springframework.core.SimpleAliasRegistry.canonicalName(Ljava/lang/String;)Ljava/lang/String; @ 17 c2
Event: 49.124 Thread 0x000002a84238bcc0 DEOPT PACKING pc=0x000002a85275a3f0 sp=0x000000b4bc5fc0c0
Event: 49.124 Thread 0x000002a84238bcc0 DEOPT UNPACKING pc=0x000002a8520146a2 sp=0x000000b4bc5fc008 mode 2
Event: 49.124 Thread 0x000002a84238bcc0 Uncommon trap: trap_request=0xffffff54 fr.pc=0x000002a8527a7ef8 relative=0x00000000000003b8
Event: 49.124 Thread 0x000002a84238bcc0 Uncommon trap: reason=speculate_null_assert action=make_not_entrant pc=0x000002a8527a7ef8 method=org.springframework.core.SimpleAliasRegistry.canonicalName(Ljava/lang/String;)Ljava/lang/String; @ 17 c2
Event: 49.124 Thread 0x000002a84238bcc0 DEOPT PACKING pc=0x000002a8527a7ef8 sp=0x000000b4bc5fc000
Event: 49.124 Thread 0x000002a84238bcc0 DEOPT UNPACKING pc=0x000002a8520146a2 sp=0x000000b4bc5fbee8 mode 2
Event: 50.256 Thread 0x000002a84238bcc0 Uncommon trap: trap_request=0xffffff45 fr.pc=0x000002a852566ef8 relative=0x0000000000000238
Event: 50.256 Thread 0x000002a84238bcc0 Uncommon trap: reason=unstable_if action=reinterpret pc=0x000002a852566ef8 method=org.springframework.util.ConcurrentReferenceHashMap$Segment.findInChain(Lorg/springframework/util/ConcurrentReferenceHashMap$Reference;Ljava/lang/Object;I)Lorg/springframewo
Event: 50.256 Thread 0x000002a84238bcc0 DEOPT PACKING pc=0x000002a852566ef8 sp=0x000000b4bc5faa10
Event: 50.256 Thread 0x000002a84238bcc0 DEOPT UNPACKING pc=0x000002a8520146a2 sp=0x000000b4bc5fa9b8 mode 2

Classes loaded (20 events):
Event: 48.042 Loading class javax/management/NotificationBroadcasterSupport
Event: 48.043 Loading class javax/management/NotificationBroadcasterSupport done
Event: 48.043 Loading class javax/management/NotificationBroadcasterSupport$1
Event: 48.043 Loading class javax/management/NotificationBroadcasterSupport$1 done
Event: 48.043 Loading class javax/management/MBeanNotificationInfo
Event: 48.043 Loading class javax/management/MBeanNotificationInfo done
Event: 48.043 Loading class com/sun/jmx/remote/util/ClassLogger
Event: 48.044 Loading class com/sun/jmx/remote/util/ClassLogger done
Event: 48.090 Loading class java/lang/instrument/IllegalClassFormatException
Event: 48.092 Loading class java/lang/instrument/IllegalClassFormatException done
Event: 48.093 Loading class java/lang/UnsupportedClassVersionError
Event: 48.093 Loading class java/lang/UnsupportedClassVersionError done
Event: 48.153 Loading class com/sun/jmx/mbeanserver/GetPropertyAction
Event: 48.153 Loading class com/sun/jmx/mbeanserver/GetPropertyAction done
Event: 48.153 Loading class javax/management/ObjectName$Property
Event: 48.153 Loading class javax/management/ObjectName$Property done
Event: 48.153 Loading class com/sun/jmx/mbeanserver/Util
Event: 48.154 Loading class com/sun/jmx/mbeanserver/Util done
Event: 48.258 Loading class java/util/logging/LogRecord
Event: 48.259 Loading class java/util/logging/LogRecord done

Classes unloaded (0 events):
No events

Classes redefined (0 events):
No events

Internal exceptions (20 events):
Event: 46.687 Thread 0x000002a84238bcc0 Exception <a 'java/lang/NoSuchMethodError'{0x00000000a4244ff8}: 'java.lang.Object java.lang.invoke.DirectMethodHandle$Holder.invokeSpecialIFC(java.lang.Object, java.lang.Object, java.lang.Object)'> (0x00000000a4244ff8) 
thrown [s\src\hotspot\share\interpreter\linkResolver.cpp, line 773]
Event: 46.781 Thread 0x000002a84238bcc0 Exception <a 'java/lang/NoSuchMethodError'{0x00000000a4111668}: 'java.lang.Object java.lang.invoke.DirectMethodHandle$Holder.invokeVirtual(java.lang.Object, java.lang.Object, java.lang.Object, java.lang.Object, java.lang.Object)'> (0x00000000a4111668) 
thrown [s\src\hotspot\share\interpreter\linkResolver.cpp, line 773]
Event: 47.155 Thread 0x000002a84238bcc0 Exception <a 'java/lang/NoSuchMethodError'{0x00000000a3f9bcb8}: 'java.lang.Object java.lang.invoke.DirectMethodHandle$Holder.invokeVirtual(java.lang.Object, java.lang.Object, java.lang.Object, java.lang.Object, java.lang.Object, java.lang.Object)'> (0x00000000a3f9bcb8) 
thrown [s\src\hotspot\share\interpreter\linkResolver.cpp, line 773]
Event: 47.220 Thread 0x000002a84238bcc0 Exception <a 'java/lang/NoSuchMethodError'{0x00000000a3e24598}: 'void java.lang.invoke.DirectMethodHandle$Holder.invokeSpecial(java.lang.Object, java.lang.Object, java.lang.Object, java.lang.Object, java.lang.Object, java.lang.Object, java.lang.Object)'> (0x00000000a3e24598) 
thrown [s\src\hotspot\share\interpreter\linkResolver.cpp, line 773]
Event: 47.324 Thread 0x000002a84238bcc0 Exception <a 'java/lang/NoSuchMethodError'{0x00000000a3eb8dd8}: 'void java.lang.invoke.DirectMethodHandle$Holder.invokeInterface(java.lang.Object, java.lang.Object, int)'> (0x00000000a3eb8dd8) 
thrown [s\src\hotspot\share\interpreter\linkResolver.cpp, line 773]
Event: 47.332 Thread 0x000002a84238bcc0 Exception <a 'java/lang/IncompatibleClassChangeError'{0x00000000a3efa648}: Found class java.lang.Object, but interface was expected> (0x00000000a3efa648) 
thrown [s\src\hotspot\share\interpreter\linkResolver.cpp, line 840]
Event: 47.336 Thread 0x000002a84238bcc0 Exception <a 'java/lang/NoSuchMethodError'{0x00000000a3d08a00}: 'int java.lang.invoke.DirectMethodHandle$Holder.invokeSpecialIFC(java.lang.Object, java.lang.Object, java.lang.Object)'> (0x00000000a3d08a00) 
thrown [s\src\hotspot\share\interpreter\linkResolver.cpp, line 773]
Event: 47.339 Thread 0x000002a84238bcc0 Exception <a 'java/lang/NoSuchMethodError'{0x00000000a3d1da30}: 'void java.lang.invoke.DirectMethodHandle$Holder.invokeStatic(java.lang.Object, int, java.lang.Object)'> (0x00000000a3d1da30) 
thrown [s\src\hotspot\share\interpreter\linkResolver.cpp, line 773]
Event: 47.345 Thread 0x000002a84238bcc0 Exception <a 'java/lang/NoSuchMethodError'{0x00000000a3d4a6c0}: 'int java.lang.invoke.DirectMethodHandle$Holder.invokeSpecial(java.lang.Object, java.lang.Object, int)'> (0x00000000a3d4a6c0) 
thrown [s\src\hotspot\share\interpreter\linkResolver.cpp, line 773]
Event: 47.352 Thread 0x000002a84238bcc0 Exception <a 'java/lang/NoSuchMethodError'{0x00000000a3d59400}: 'void java.lang.invoke.DirectMethodHandle$Holder.invokeStatic(java.lang.Object, java.lang.Object, java.lang.Object, int, java.lang.Object)'> (0x00000000a3d59400) 
thrown [s\src\hotspot\share\interpreter\linkResolver.cpp, line 773]
Event: 47.353 Thread 0x000002a84238bcc0 Exception <a 'java/lang/NoSuchMethodError'{0x00000000a3d60250}: 'java.lang.Object java.lang.invoke.DirectMethodHandle$Holder.newInvokeSpecial(java.lang.Object, java.lang.Object, java.lang.Object, int)'> (0x00000000a3d60250) 
thrown [s\src\hotspot\share\interpreter\linkResolver.cpp, line 773]
Event: 47.354 Thread 0x000002a84238bcc0 Exception <a 'java/lang/NoSuchMethodError'{0x00000000a3d64828}: 'java.lang.Object java.lang.invoke.DirectMethodHandle$Holder.invokeSpecial(java.lang.Object, java.lang.Object, java.lang.Object, java.lang.Object, int)'> (0x00000000a3d64828) 
thrown [s\src\hotspot\share\interpreter\linkResolver.cpp, line 773]
Event: 47.354 Thread 0x000002a84238bcc0 Exception <a 'java/lang/NoSuchMethodError'{0x00000000a3d684d0}: 'java.lang.Object java.lang.invoke.Invokers$Holder.linkToTargetMethod(java.lang.Object, java.lang.Object, int, java.lang.Object)'> (0x00000000a3d684d0) 
thrown [s\src\hotspot\share\interpreter\linkResolver.cpp, line 773]
Event: 48.143 Thread 0x000002a84238bcc0 Exception <a 'java/lang/NoSuchMethodError'{0x00000000a3665fb8}: 'int java.lang.invoke.DirectMethodHandle$Holder.invokeVirtual(java.lang.Object, java.lang.Object, java.lang.Object, java.lang.Object)'> (0x00000000a3665fb8) 
thrown [s\src\hotspot\share\interpreter\linkResolver.cpp, line 773]
Event: 48.144 Thread 0x000002a84238bcc0 Exception <a 'java/lang/NoSuchMethodError'{0x00000000a3669fa0}: 'int java.lang.invoke.DelegatingMethodHandle$Holder.reinvoke_L(java.lang.Object, java.lang.Object, java.lang.Object, java.lang.Object)'> (0x00000000a3669fa0) 
thrown [s\src\hotspot\share\interpreter\linkResolver.cpp, line 773]
Event: 48.287 Thread 0x000002a84238bcc0 Exception <a 'java/io/FileNotFoundException'{0x00000000a3574cb0}> (0x00000000a3574cb0) 
thrown [s\src\hotspot\share\prims\jni.cpp, line 520]
Event: 48.288 Thread 0x000002a84238bcc0 Exception <a 'java/io/FileNotFoundException'{0x00000000a3576c58}> (0x00000000a3576c58) 
thrown [s\src\hotspot\share\prims\jni.cpp, line 520]
Event: 48.555 Thread 0x000002a84238bcc0 Exception <a 'java/lang/NoSuchMethodError'{0x00000000a32050a0}: 'int java.lang.invoke.DirectMethodHandle$Holder.invokeInterface(java.lang.Object, java.lang.Object, java.lang.Object, java.lang.Object)'> (0x00000000a32050a0) 
thrown [s\src\hotspot\share\interpreter\linkResolver.cpp, line 773]
Event: 48.997 Thread 0x000002a84238bcc0 Exception <a 'java/lang/NoSuchMethodError'{0x00000000a31b5508}: 'long java.lang.invoke.DirectMethodHandle$Holder.invokeVirtual(java.lang.Object, java.lang.Object)'> (0x00000000a31b5508) 
thrown [s\src\hotspot\share\interpreter\linkResolver.cpp, line 773]
Event: 49.397 Thread 0x000002a84238bcc0 Exception <a 'java/lang/NoSuchMethodError'{0x00000000a30bab10}: 'void java.lang.invoke.DirectMethodHandle$Holder.invokeVirtual(java.lang.Object, java.lang.Object, long)'> (0x00000000a30bab10) 
thrown [s\src\hotspot\share\interpreter\linkResolver.cpp, line 773]

ZGC Phase Switch (0 events):
No events

VM Operations (20 events):
Event: 51.250 Executing VM operation: Cleanup
Event: 51.250 Executing VM operation: Cleanup done
Event: 54.281 Executing VM operation: Cleanup
Event: 54.281 Executing VM operation: Cleanup done
Event: 56.286 Executing VM operation: Cleanup
Event: 56.286 Executing VM operation: Cleanup done
Event: 58.290 Executing VM operation: Cleanup
Event: 58.290 Executing VM operation: Cleanup done
Event: 59.304 Executing VM operation: Cleanup
Event: 59.304 Executing VM operation: Cleanup done
Event: 60.113 Executing VM operation: HandshakeAllThreads (HandshakeForDeflation)
Event: 60.113 Executing VM operation: HandshakeAllThreads (HandshakeForDeflation) done
Event: 60.113 Executing VM operation: RendezvousGCThreads
Event: 60.113 Executing VM operation: RendezvousGCThreads done
Event: 61.112 Executing VM operation: Cleanup
Event: 61.112 Executing VM operation: Cleanup done
Event: 76.234 Executing VM operation: Cleanup
Event: 76.234 Executing VM operation: Cleanup done
Event: 84.445 Executing VM operation: Cleanup
Event: 84.445 Executing VM operation: Cleanup done

Memory protections (0 events):
No events

Nmethod flushes (20 events):
Event: 42.759 Thread 0x000002a85dcdc9d0 flushing  nmethod 0x000002a84adf7e10
Event: 42.759 Thread 0x000002a85dcdc9d0 flushing  nmethod 0x000002a84ae07e90
Event: 42.759 Thread 0x000002a85dcdc9d0 flushing  nmethod 0x000002a84ae09890
Event: 42.759 Thread 0x000002a85dcdc9d0 flushing  nmethod 0x000002a84ae0aa10
Event: 42.759 Thread 0x000002a85dcdc9d0 flushing  nmethod 0x000002a84ae37510
Event: 42.759 Thread 0x000002a85dcdc9d0 flushing  nmethod 0x000002a84ae37890
Event: 42.759 Thread 0x000002a85dcdc9d0 flushing  nmethod 0x000002a84ae40710
Event: 42.759 Thread 0x000002a85dcdc9d0 flushing osr nmethod 0x000002a84ae42710
Event: 42.759 Thread 0x000002a85dcdc9d0 flushing  nmethod 0x000002a84ae52d90
Event: 42.759 Thread 0x000002a85dcdc9d0 flushing  nmethod 0x000002a84ae53190
Event: 42.759 Thread 0x000002a85dcdc9d0 flushing  nmethod 0x000002a84ae5a590
Event: 42.759 Thread 0x000002a85dcdc9d0 flushing  nmethod 0x000002a84ae5be90
Event: 42.759 Thread 0x000002a85dcdc9d0 flushing  nmethod 0x000002a84ae63d90
Event: 42.759 Thread 0x000002a85dcdc9d0 flushing  nmethod 0x000002a84ae9fb90
Event: 42.759 Thread 0x000002a85dcdc9d0 flushing  nmethod 0x000002a84aeecf10
Event: 42.759 Thread 0x000002a85dcdc9d0 flushing  nmethod 0x000002a84af45610
Event: 42.759 Thread 0x000002a85dcdc9d0 flushing  nmethod 0x000002a84afbd610
Event: 42.759 Thread 0x000002a85dcdc9d0 flushing  nmethod 0x000002a84affcd10
Event: 42.759 Thread 0x000002a85dcdc9d0 flushing  nmethod 0x000002a84affd510
Event: 42.759 Thread 0x000002a85dcdc9d0 flushing  nmethod 0x000002a84b022d10

Events (20 events):
Event: 19.841 Thread 0x000002a84238bcc0 Thread added: 0x000002a8a4327090
Event: 24.908 Thread 0x000002a8a4327090 Thread exited: 0x000002a8a4327090
Event: 25.048 Thread 0x000002a84238bcc0 Thread added: 0x000002a8a4324fc0
Event: 32.892 Thread 0x000002a8a4324fc0 Thread exited: 0x000002a8a4324fc0
Event: 32.963 Thread 0x000002a84238bcc0 Thread added: 0x000002a8a4327090
Event: 36.727 Thread 0x000002a8a4327090 Thread exited: 0x000002a8a4327090
Event: 39.374 Thread 0x000002a84238bcc0 Thread added: 0x000002a8a4327090
Event: 41.895 Thread 0x000002a8a4327090 Thread exited: 0x000002a8a4327090
Event: 42.790 Thread 0x000002a84238bcc0 Thread added: 0x000002a8a4327db0
Event: 42.974 Thread 0x000002a8a4327db0 Thread exited: 0x000002a8a4327db0
Event: 49.108 Thread 0x000002a84238bcc0 Thread added: 0x000002a8a4327db0
Event: 49.113 Thread 0x000002a84238bcc0 Thread added: 0x000002a8a4324930
Event: 49.121 Thread 0x000002a84238bcc0 Thread added: 0x000002a8a4324fc0
Event: 54.059 Thread 0x000002a84238bcc0 Thread added: 0x000002a8a4301780
Event: 58.729 Thread 0x000002a8a4301780 Thread exited: 0x000002a8a4301780
Event: 58.773 Thread 0x000002a84238bcc0 Thread added: 0x000002a8a42fdc70
Event: 75.536 Thread 0x000002a8a4327720 Thread exited: 0x000002a8a4327720
Event: 75.751 Thread 0x000002a8a42fdc70 Thread exited: 0x000002a8a42fdc70
Event: 75.940 Thread 0x000002a84238bcc0 Thread added: 0x000002a8a4327720
Event: 84.244 Thread 0x000002a8a4327720 Thread exited: 0x000002a8a4327720


Dynamic libraries:
0x00007ff66ffd0000 - 0x00007ff66ffde000 	C:\Program Files\Java\jdk-21\bin\java.exe
0x00007ffeefc10000 - 0x00007ffeefe27000 	C:\WINDOWS\SYSTEM32\ntdll.dll
0x00007ffeee990000 - 0x00007ffeeea54000 	C:\WINDOWS\System32\KERNEL32.DLL
0x00007ffeed0e0000 - 0x00007ffeed4b2000 	C:\WINDOWS\System32\KERNELBASE.dll
0x00007ffeecd00000 - 0x00007ffeece11000 	C:\WINDOWS\System32\ucrtbase.dll
0x00007ffed8f80000 - 0x00007ffed8f98000 	C:\Program Files\Java\jdk-21\bin\jli.dll
0x00007ffeb3ab0000 - 0x00007ffeb3ace000 	C:\Program Files\Java\jdk-21\bin\VCRUNTIME140.dll
0x00007ffeed8a0000 - 0x00007ffeeda51000 	C:\WINDOWS\System32\USER32.dll
0x00007ffedb2c0000 - 0x00007ffedb55b000 	C:\WINDOWS\WinSxS\amd64_microsoft.windows.common-controls_6595b64144ccf1df_6.0.22621.5415_none_270d77d17387d7da\COMCTL32.dll
0x00007ffeecea0000 - 0x00007ffeecec6000 	C:\WINDOWS\System32\win32u.dll
0x00007ffeedbc0000 - 0x00007ffeedc67000 	C:\WINDOWS\System32\msvcrt.dll
0x00007ffeefaf0000 - 0x00007ffeefb19000 	C:\WINDOWS\System32\GDI32.dll
0x00007ffeed4c0000 - 0x00007ffeed5e3000 	C:\WINDOWS\System32\gdi32full.dll
0x00007ffeeced0000 - 0x00007ffeecf6a000 	C:\WINDOWS\System32\msvcp_win.dll
0x00007ffeedb80000 - 0x00007ffeedbb1000 	C:\WINDOWS\System32\IMM32.DLL
0x00007ffec4700000 - 0x00007ffec470c000 	C:\Program Files\Java\jdk-21\bin\vcruntime140_1.dll
0x00007ffea1380000 - 0x00007ffea140d000 	C:\Program Files\Java\jdk-21\bin\msvcp140.dll
0x00007ffe35bd0000 - 0x00007ffe36967000 	C:\Program Files\Java\jdk-21\bin\server\jvm.dll
0x00007ffeee1f0000 - 0x00007ffeee2a1000 	C:\WINDOWS\System32\ADVAPI32.dll
0x00007ffeeda60000 - 0x00007ffeedb08000 	C:\WINDOWS\System32\sechost.dll
0x00007ffeecf70000 - 0x00007ffeecf98000 	C:\WINDOWS\System32\bcrypt.dll
0x00007ffeedf00000 - 0x00007ffeee014000 	C:\WINDOWS\System32\RPCRT4.dll
0x00007ffeee910000 - 0x00007ffeee981000 	C:\WINDOWS\System32\WS2_32.dll
0x00007ffeecbd0000 - 0x00007ffeecc1d000 	C:\WINDOWS\SYSTEM32\POWRPROF.dll
0x00007ffee87c0000 - 0x00007ffee87f4000 	C:\WINDOWS\SYSTEM32\WINMM.dll
0x00007ffee8460000 - 0x00007ffee846a000 	C:\WINDOWS\SYSTEM32\VERSION.dll
0x00007ffeecbb0000 - 0x00007ffeecbc3000 	C:\WINDOWS\SYSTEM32\UMPDC.dll
0x00007ffeebcf0000 - 0x00007ffeebd08000 	C:\WINDOWS\SYSTEM32\kernel.appcore.dll
0x00007ffebf950000 - 0x00007ffebf95a000 	C:\Program Files\Java\jdk-21\bin\jimage.dll
0x00007ffeea600000 - 0x00007ffeea833000 	C:\WINDOWS\SYSTEM32\DBGHELP.DLL
0x00007ffeeea60000 - 0x00007ffeeedf3000 	C:\WINDOWS\System32\combase.dll
0x00007ffeedc70000 - 0x00007ffeedd47000 	C:\WINDOWS\System32\OLEAUT32.dll
0x00007ffed9d90000 - 0x00007ffed9dc2000 	C:\WINDOWS\SYSTEM32\dbgcore.DLL
0x00007ffeed820000 - 0x00007ffeed89b000 	C:\WINDOWS\System32\bcryptPrimitives.dll
0x00007ffeb3a40000 - 0x00007ffeb3a5f000 	C:\Program Files\Java\jdk-21\bin\java.dll
0x00007ffeef240000 - 0x00007ffeefae2000 	C:\WINDOWS\System32\SHELL32.dll
0x00007ffeecfa0000 - 0x00007ffeed0df000 	C:\WINDOWS\System32\wintypes.dll
0x00007ffeeabe0000 - 0x00007ffeeb4fe000 	C:\WINDOWS\SYSTEM32\windows.storage.dll
0x00007ffeee030000 - 0x00007ffeee13b000 	C:\WINDOWS\System32\SHCORE.dll
0x00007ffeeefa0000 - 0x00007ffeef009000 	C:\WINDOWS\System32\shlwapi.dll
0x00007ffeecc30000 - 0x00007ffeecc5b000 	C:\WINDOWS\SYSTEM32\profapi.dll
0x00007ffe8c180000 - 0x00007ffe8c257000 	C:\Program Files\Java\jdk-21\bin\jsvml.dll
0x00007ffebf610000 - 0x00007ffebf620000 	C:\Program Files\Java\jdk-21\bin\net.dll
0x00007ffee8090000 - 0x00007ffee81bc000 	C:\WINDOWS\SYSTEM32\WINHTTP.dll
0x00007ffeec160000 - 0x00007ffeec1c9000 	C:\WINDOWS\system32\mswsock.dll
0x00007ffeb2f60000 - 0x00007ffeb2f76000 	C:\Program Files\Java\jdk-21\bin\nio.dll
0x00007ffe99f30000 - 0x00007ffe99f48000 	C:\Program Files\Java\jdk-21\bin\zip.dll
0x00007ffee89d0000 - 0x00007ffee89da000 	C:\Program Files\Java\jdk-21\bin\management.dll
0x00007ffee89c0000 - 0x00007ffee89cb000 	C:\Program Files\Java\jdk-21\bin\management_ext.dll
0x00007ffeee020000 - 0x00007ffeee028000 	C:\WINDOWS\System32\PSAPI.DLL
0x00007ffebf2f0000 - 0x00007ffebf300000 	C:\Program Files\Java\jdk-21\bin\verify.dll
0x00007ffeec4b0000 - 0x00007ffeec4cb000 	C:\WINDOWS\SYSTEM32\CRYPTSP.dll
0x00007ffeebc50000 - 0x00007ffeebc87000 	C:\WINDOWS\system32\rsaenh.dll
0x00007ffeec200000 - 0x00007ffeec228000 	C:\WINDOWS\SYSTEM32\USERENV.dll
0x00007ffeec490000 - 0x00007ffeec49c000 	C:\WINDOWS\SYSTEM32\CRYPTBASE.dll
0x00007ffeeb760000 - 0x00007ffeeb78d000 	C:\WINDOWS\SYSTEM32\IPHLPAPI.DLL
0x00007ffeee730000 - 0x00007ffeee739000 	C:\WINDOWS\System32\NSI.dll
0x00007ffeeb7d0000 - 0x00007ffeeb8c8000 	C:\WINDOWS\SYSTEM32\DNSAPI.dll
0x00007ffee2bc0000 - 0x00007ffee2bca000 	C:\Windows\System32\rasadhlp.dll
0x00007ffee5680000 - 0x00007ffee5704000 	C:\WINDOWS\System32\fwpuclnt.dll
0x00007ffedf4e0000 - 0x00007ffedf4e9000 	C:\Program Files\Java\jdk-21\bin\extnet.dll
0x00007ffed8f60000 - 0x00007ffed8f6e000 	C:\Program Files\Java\jdk-21\bin\sunmscapi.dll
0x00007ffeed5f0000 - 0x00007ffeed757000 	C:\WINDOWS\System32\CRYPT32.dll
0x00007ffeec5c0000 - 0x00007ffeec5ed000 	C:\WINDOWS\SYSTEM32\ncrypt.dll
0x00007ffeec580000 - 0x00007ffeec5b7000 	C:\WINDOWS\SYSTEM32\NTASN1.dll

JVMTI agents: none

dbghelp: loaded successfully - version: 4.0.5 - missing functions: none
symbol engine: initialized successfully - sym options: 0x614 - pdb path: .;C:\Program Files\Java\jdk-21\bin;C:\WINDOWS\SYSTEM32;C:\WINDOWS\WinSxS\amd64_microsoft.windows.common-controls_6595b64144ccf1df_6.0.22621.5415_none_270d77d17387d7da;C:\Program Files\Java\jdk-21\bin\server

VM Arguments:
java_command: C:\Users\ASUS\AppData\Local\Temp\surefire11125447783703210097\surefirebooter-20250916085057704_3.jar C:\Users\ASUS\AppData\Local\Temp\surefire11125447783703210097 2025-09-16T08-50-57_405-jvmRun1 surefire-20250916085057704_1tmp surefire_0-20250916085057704_2tmp
java_class_path (initial): C:\Users\ASUS\AppData\Local\Temp\surefire11125447783703210097\surefirebooter-20250916085057704_3.jar
Launcher Type: SUN_STANDARD

[Global flags]
     intx CICompilerCount                          = 3                                         {product} {ergonomic}
     uint ConcGCThreads                            = 1                                         {product} {ergonomic}
     uint G1ConcRefinementThreads                  = 4                                         {product} {ergonomic}
   size_t G1HeapRegionSize                         = 1048576                                   {product} {ergonomic}
    uintx GCDrainStackTargetSize                   = 64                                        {product} {ergonomic}
   size_t InitialHeapSize                          = 100663296                                 {product} {ergonomic}
   size_t MarkStackSize                            = 4194304                                   {product} {ergonomic}
   size_t MaxHeapSize                              = 1598029824                                {product} {ergonomic}
   size_t MaxNewSize                               = 958398464                                 {product} {ergonomic}
   size_t MinHeapDeltaBytes                        = 1048576                                   {product} {ergonomic}
   size_t MinHeapSize                              = 8388608                                   {product} {ergonomic}
    uintx NonNMethodCodeHeapSize                   = 5832780                                {pd product} {ergonomic}
    uintx NonProfiledCodeHeapSize                  = 122912730                              {pd product} {ergonomic}
    uintx ProfiledCodeHeapSize                     = 122912730                              {pd product} {ergonomic}
    uintx ReservedCodeCacheSize                    = 251658240                              {pd product} {ergonomic}
     bool SegmentedCodeCache                       = true                                      {product} {ergonomic}
   size_t SoftMaxHeapSize                          = 1598029824                             {manageable} {ergonomic}
     bool UseCompressedOops                        = true                           {product lp64_product} {ergonomic}
     bool UseG1GC                                  = true                                      {product} {ergonomic}
     bool UseLargePagesIndividualAllocation        = false                                  {pd product} {ergonomic}

Logging:
Log output configuration:
 #0: stdout all=warning uptime,level,tags foldmultilines=false
 #1: stderr all=off uptime,level,tags foldmultilines=false

Environment Variables:
JAVA_HOME=C:\Program Files\Java\jdk-21
PATH=C:\Program Files\Java\jdk-21\bin;C:\Program Files\Common Files\Oracle\Java\javapath;C:\Program Files (x86)\Common Files\Oracle\Java\javapath;C:\WINDOWS\system32;C:\WINDOWS;C:\WINDOWS\System32\Wbem;C:\WINDOWS\System32\WindowsPowerShell\v1.0\;C:\WINDOWS\System32\OpenSSH\;C:\Program Files (x86)\Bitvise SSH Client;C:\iverilog\bin\;C:\Program Files\Java\jdk-19\bin;C:\Program Files\Git\cmd;C:\Users\ASUS\AppData\Local\Programs\Python\Python311;D:\avr8-gnu-toolchain-win32_x86_64\bin;D:\avr;C:\Program Files\Docker\Docker\resources\bin;D:\mongosh-2.2.6-win32-x64\bin;C:\Program Files\nodejs\;C:\Program Files\Java\jdk-21\bin;C:\Users\ASUS\scoop\shims;C:\Users\ASUS\AppData\Local\Microsoft\WindowsApps;C:\Users\ASUS\AppData\Local\GitHubDesktop\bin;C:\Users\ASUS\AppData\Local\Programs\Python\Python311;C:\Users\ASUS\AppData\Local\Programs\Python\Python311\Scripts;D:\IntelliJ IDEA 2024.1.3\bin;;C:\Users\ASUS\AppData\Roaming\npm;C:\Users\ASUS\AppData\Local\Programs\Microsoft VS Code\bin
USERNAME=ASUS
OS=Windows_NT
PROCESSOR_IDENTIFIER=AMD64 Family 23 Model 24 Stepping 1, AuthenticAMD
TMP=C:\Users\ASUS\AppData\Local\Temp
TEMP=C:\Users\ASUS\AppData\Local\Temp




Periodic native trim disabled

---------------  S Y S T E M  ---------------

OS:
 Windows 11 , 64 bit Build 22621 (10.0.22621.5415)
OS uptime: 0 days 8:35 hours
Hyper-V role detected

CPU: total 4 (initial active 4) (4 cores per cpu, 2 threads per core) family 23 model 24 stepping 1 microcode 0x0, cx8, cmov, fxsr, ht, mmx, 3dnowpref, sse, sse2, sse3, ssse3, sse4a, sse4.1, sse4.2, popcnt, lzcnt, tsc, tscinvbit, avx, avx2, aes, clmul, bmi1, bmi2, adx, sha, fma, vzeroupper, clflush, clflushopt, hv, rdtscp, f16c
Processor Information for the first 4 processors :
  Max Mhz: 2600, Current Mhz: 2600, Mhz Limit: 2600

Memory: 4k page, system-wide physical 6094M (380M free)
TotalPageFile size 14286M (AvailPageFile size 22M)
current process WorkingSet (physical memory assigned to process): 195M, peak: 212M
current process commit charge ("private bytes"): 224M, peak: 243M

vm_info: OpenJDK 64-Bit Server VM (21.0.8+9-LTS) for windows-amd64 JRE (21.0.8+9-LTS), built on 2025-07-15T00:00:00Z by "admin" with MS VC++ 17.7 (VS2022)

END.
