#
# There is insufficient memory for the Java Runtime Environment to continue.
# Native memory allocation (malloc) failed to allocate 1048576 bytes. Error detail: AllocateHeap
# Possible reasons:
#   The system is out of physical RAM or swap space
#   This process is running with CompressedOops enabled, and the Java Heap may be blocking the growth of the native heap
# Possible solutions:
#   Reduce memory load on the system
#   Increase physical memory or swap space
#   Check if swap backing store is full
#   Decrease Java heap size (-Xmx/-Xms)
#   Decrease number of Java threads
#   Decrease Java thread stack sizes (-Xss)
#   Set larger code cache with -XX:ReservedCodeCacheSize=
#   JVM is running with Unscaled Compressed Oops mode in which the Java heap is
#     placed in the first 4GB address space. The Java Heap base address is the
#     maximum limit for the native heap growth. Please use -XX:HeapBaseMinAddress
#     to set the Java Heap base and to place the Java Heap above 4GB virtual address.
# This output file may be truncated or incomplete.
#
#  Out of Memory Error (allocation.cpp:44), pid=17132, tid=10692
#
# JRE version: OpenJDK Runtime Environment Temurin-21.0.8+9 (21.0.8+9) (build 21.0.8+9-LTS)
# Java VM: OpenJDK 64-Bit Server VM Temurin-21.0.8+9 (21.0.8+9-LTS, mixed mode, sharing, tiered, compressed oops, compressed class ptrs, parallel gc, windows-amd64)
# No core dump will be written. Minidumps are not enabled by default on client versions of Windows
#

---------------  S U M M A R Y ------------

Command Line: --add-modules=ALL-SYSTEM --add-opens=java.base/java.util=ALL-UNNAMED --add-opens=java.base/java.lang=ALL-UNNAMED --add-opens=java.base/sun.nio.fs=ALL-UNNAMED -Declipse.application=org.eclipse.jdt.ls.core.id1 -Dosgi.bundles.defaultStartLevel=4 -Declipse.product=org.eclipse.jdt.ls.core.product -Djava.import.generatesMetadataFilesAtProjectRoot=false -DDetectVMInstallationsJob.disabled=true -Dfile.encoding=utf8 -XX:+UseParallelGC -XX:GCTimeRatio=4 -XX:AdaptiveSizePolicyWeight=90 -Dsun.zip.disableMemoryMapping=true -Xmx2G -Xms100m -Xlog:disable -javaagent:c:\Users\ASUS\.vscode\extensions\redhat.java-1.46.0-win32-x64\lombok\lombok-1.18.39-4050.jar -XX:+HeapDumpOnOutOfMemoryError -XX:HeapDumpPath=c:\Users\ASUS\AppData\Roaming\Code\User\workspaceStorage\d3041f1ac404f2711eac36abcf155074\redhat.java -Daether.dependencyCollector.impl=bf c:\Users\ASUS\.vscode\extensions\redhat.java-1.46.0-win32-x64\server\plugins\org.eclipse.equinox.launcher_1.7.0.v20250519-0528.jar -configuration c:\Users\ASUS\AppData\Roaming\Code\User\globalStorage\redhat.java\1.46.0\config_win -data c:\Users\ASUS\AppData\Roaming\Code\User\workspaceStorage\d3041f1ac404f2711eac36abcf155074\redhat.java\jdt_ws --pipe=\\.\pipe\lsp-79101c075552d3722a0b9d944c72e9d7-sock

Host: AMD Ryzen 3 3250U with Radeon Graphics         , 4 cores, 5G,  Windows 11 , 64 bit Build 22621 (10.0.22621.5415)
Time: Mon Oct 20 09:56:48 2025 Sri Lanka Standard Time elapsed time: 217.209265 seconds (0d 0h 3m 37s)

---------------  T H R E A D  ---------------

Current thread (0x00000193e7031840):  JavaThread "Attach Listener" daemon [_thread_in_vm, id=10692, stack(0x0000000fcf500000,0x0000000fcf600000) (1024K)]

Stack: [0x0000000fcf500000,0x0000000fcf600000]
Native frames: (J=compiled Java code, j=interpreted, Vv=VM code, C=native code)
V  [jvm.dll+0x6d2449]
V  [jvm.dll+0x8ae341]
V  [jvm.dll+0x8b08be]
V  [jvm.dll+0x8b0fa3]
V  [jvm.dll+0x280c96]
V  [jvm.dll+0xc0347]
V  [jvm.dll+0x6d2cf9]
V  [jvm.dll+0x131116]
V  [jvm.dll+0x3f2d16]
V  [jvm.dll+0x857e6b]
V  [jvm.dll+0x6d0b0d]
C  [ucrtbase.dll+0x29333]
C  [KERNEL32.DLL+0x1259d]
C  [ntdll.dll+0x5af78]


---------------  P R O C E S S  ---------------

Threads class SMR info:
_java_thread_list=0x00000193fe9b2b40, length=37, elements={
0x00000193e713b1d0, 0x00000193e7028ac0, 0x00000193e702a3c0, 0x00000193e702d7a0,
0x00000193e7031840, 0x00000193e702f7f0, 0x00000193e7032870, 0x00000193e70356d0,
0x00000193e709bdf0, 0x00000193e70df6d0, 0x00000193fe919c40, 0x00000193fee2b760,
0x00000193fefc3920, 0x00000193c5004aa0, 0x00000193fefc0be0, 0x00000193fed841c0,
0x00000193fe96e150, 0x00000193fec258a0, 0x00000193ff129fd0, 0x00000193c5b13790,
0x00000193c5b144b0, 0x00000193c5b123e0, 0x00000193c56aeb70, 0x00000193c56ac410,
0x00000193c56ade50, 0x00000193c56af200, 0x00000193c56ae4e0, 0x00000193c56af890,
0x00000193c56ad7c0, 0x00000193c56aff20, 0x00000193c56b12d0, 0x00000193c56b0c40,
0x00000193c56b1ff0, 0x00000193c56ab060, 0x00000193c56ad130, 0x00000193c73e1ac0,
0x00000193c73e0080
}

Java Threads: ( => current thread )
  0x00000193e713b1d0 JavaThread "main"                              [_thread_blocked, id=16292, stack(0x0000000fcee00000,0x0000000fcef00000) (1024K)]
  0x00000193e7028ac0 JavaThread "Reference Handler"          daemon [_thread_blocked, id=12340, stack(0x0000000fcf200000,0x0000000fcf300000) (1024K)]
  0x00000193e702a3c0 JavaThread "Finalizer"                  daemon [_thread_blocked, id=6632, stack(0x0000000fcf300000,0x0000000fcf400000) (1024K)]
  0x00000193e702d7a0 JavaThread "Signal Dispatcher"          daemon [_thread_blocked, id=13508, stack(0x0000000fcf400000,0x0000000fcf500000) (1024K)]
=>0x00000193e7031840 JavaThread "Attach Listener"            daemon [_thread_in_vm, id=10692, stack(0x0000000fcf500000,0x0000000fcf600000) (1024K)]
  0x00000193e702f7f0 JavaThread "Service Thread"             daemon [_thread_blocked, id=11784, stack(0x0000000fcf600000,0x0000000fcf700000) (1024K)]
  0x00000193e7032870 JavaThread "Monitor Deflation Thread"   daemon [_thread_blocked, id=16720, stack(0x0000000fcf700000,0x0000000fcf800000) (1024K)]
  0x00000193e70356d0 JavaThread "C2 CompilerThread0"         daemon [_thread_blocked, id=8468, stack(0x0000000fcf800000,0x0000000fcf900000) (1024K)]
  0x00000193e709bdf0 JavaThread "C1 CompilerThread0"         daemon [_thread_blocked, id=8732, stack(0x0000000fcf900000,0x0000000fcfa00000) (1024K)]
  0x00000193e70df6d0 JavaThread "Common-Cleaner"             daemon [_thread_blocked, id=8636, stack(0x0000000fcfa00000,0x0000000fcfb00000) (1024K)]
  0x00000193fe919c40 JavaThread "Notification Thread"        daemon [_thread_blocked, id=15832, stack(0x0000000fcfb00000,0x0000000fcfc00000) (1024K)]
  0x00000193fee2b760 JavaThread "Active Thread: Equinox Container: 147556b4-d2d1-4745-9b84-fedeed3cae0d"        [_thread_blocked, id=13016, stack(0x0000000fcff00000,0x0000000fd0000000) (1024K)]
  0x00000193fefc3920 JavaThread "Refresh Thread: Equinox Container: 147556b4-d2d1-4745-9b84-fedeed3cae0d" daemon [_thread_blocked, id=11592, stack(0x0000000fd0000000,0x0000000fd0100000) (1024K)]
  0x00000193c5004aa0 JavaThread "Framework Event Dispatcher: Equinox Container: 147556b4-d2d1-4745-9b84-fedeed3cae0d" daemon [_thread_blocked, id=8472, stack(0x0000000fd0100000,0x0000000fd0200000) (1024K)]
  0x00000193fefc0be0 JavaThread "Start Level: Equinox Container: 147556b4-d2d1-4745-9b84-fedeed3cae0d" daemon [_thread_blocked, id=10988, stack(0x0000000fd0200000,0x0000000fd0300000) (1024K)]
  0x00000193fed841c0 JavaThread "Bundle File Closer"         daemon [_thread_blocked, id=14592, stack(0x0000000fd0300000,0x0000000fd0400000) (1024K)]
  0x00000193fe96e150 JavaThread "SCR Component Actor"        daemon [_thread_blocked, id=9444, stack(0x0000000fd0400000,0x0000000fd0500000) (1024K)]
  0x00000193fec258a0 JavaThread "Worker-JM"                         [_thread_blocked, id=11292, stack(0x0000000fd0500000,0x0000000fd0600000) (1024K)]
  0x00000193ff129fd0 JavaThread "JNA Cleaner"                daemon [_thread_blocked, id=3296, stack(0x0000000fd0600000,0x0000000fd0700000) (1024K)]
  0x00000193c5b13790 JavaThread "Worker-2"                          [_thread_blocked, id=15308, stack(0x0000000fd0900000,0x0000000fd0a00000) (1024K)]
  0x00000193c5b144b0 JavaThread "Java indexing"              daemon [_thread_blocked, id=8872, stack(0x0000000fd0a00000,0x0000000fd0b00000) (1024K)]
  0x00000193c5b123e0 JavaThread "Worker-5"                          [_thread_blocked, id=12940, stack(0x0000000fd0f00000,0x0000000fd1000000) (1024K)]
  0x00000193c56aeb70 JavaThread "Thread-1"                   daemon [_thread_in_native, id=6832, stack(0x0000000fd1000000,0x0000000fd1100000) (1024K)]
  0x00000193c56ac410 JavaThread "Thread-2"                   daemon [_thread_in_native, id=14028, stack(0x0000000fd1100000,0x0000000fd1200000) (1024K)]
  0x00000193c56ade50 JavaThread "Thread-3"                   daemon [_thread_in_native, id=9416, stack(0x0000000fd1200000,0x0000000fd1300000) (1024K)]
  0x00000193c56af200 JavaThread "Thread-4"                   daemon [_thread_in_native, id=14524, stack(0x0000000fd1300000,0x0000000fd1400000) (1024K)]
  0x00000193c56ae4e0 JavaThread "Thread-5"                   daemon [_thread_in_native, id=8836, stack(0x0000000fd1400000,0x0000000fd1500000) (1024K)]
  0x00000193c56af890 JavaThread "pool-2-thread-1"                   [_thread_blocked, id=7048, stack(0x0000000fd1500000,0x0000000fd1600000) (1024K)]
  0x00000193c56ad7c0 JavaThread "WorkspaceEventsHandler"            [_thread_blocked, id=7988, stack(0x0000000fd1600000,0x0000000fd1700000) (1024K)]
  0x00000193c56aff20 JavaThread "pool-1-thread-1"                   [_thread_blocked, id=15668, stack(0x0000000fd1700000,0x0000000fd1800000) (1024K)]
  0x00000193c56b12d0 JavaThread "LocalFile Deleter"          daemon [_thread_blocked, id=17316, stack(0x0000000fd1a00000,0x0000000fd1b00000) (1024K)]
  0x00000193c56b0c40 JavaThread "LocalFile Deleter"          daemon [_thread_blocked, id=14060, stack(0x0000000fd1b00000,0x0000000fd1c00000) (1024K)]
  0x00000193c56b1ff0 JavaThread "Compiler Source File Reader" daemon [_thread_blocked, id=17420, stack(0x0000000fd1c00000,0x0000000fd1d00000) (1024K)]
  0x00000193c56ab060 JavaThread "Compiler Source File Reader" daemon [_thread_blocked, id=16896, stack(0x0000000fd1d00000,0x0000000fd1e00000) (1024K)]
  0x00000193c56ad130 JavaThread "Compiler Class File Writer" daemon [_thread_blocked, id=11664, stack(0x0000000fd1f00000,0x0000000fd2000000) (1024K)]
  0x00000193c73e1ac0 JavaThread "Compiler Class File Writer" daemon [_thread_blocked, id=8828, stack(0x0000000fd2000000,0x0000000fd2100000) (1024K)]
  0x00000193c73e0080 JavaThread "ForkJoinPool.commonPool-worker-1" daemon [_thread_blocked, id=11164, stack(0x0000000fd2100000,0x0000000fd2200000) (1024K)]
Total: 37

Other Threads:
  0x00000193e700eaf0 VMThread "VM Thread"                           [id=18124, stack(0x0000000fcf100000,0x0000000fcf200000) (1024K)]
  0x00000193e71a5630 WatcherThread "VM Periodic Task Thread"        [id=16568, stack(0x0000000fcf000000,0x0000000fcf100000) (1024K)]
  0x00000193e71596f0 WorkerThread "GC Thread#0"                     [id=8708, stack(0x0000000fcef00000,0x0000000fcf000000) (1024K)]
  0x00000193fecda5e0 WorkerThread "GC Thread#1"                     [id=17476, stack(0x0000000fcfc00000,0x0000000fcfd00000) (1024K)]
  0x00000193fed4fdd0 WorkerThread "GC Thread#2"                     [id=16368, stack(0x0000000fcfd00000,0x0000000fcfe00000) (1024K)]
  0x00000193fecda980 WorkerThread "GC Thread#3"                     [id=18304, stack(0x0000000fcfe00000,0x0000000fcff00000) (1024K)]
Total: 6

Threads with active compile tasks:
Total: 0

VM state: not at safepoint (normal execution)

VM Mutex/Monitor currently owned by a thread: None

Heap address: 0x0000000080000000, size: 2048 MB, Compressed Oops mode: 32-bit

CDS archive(s) mapped at: [0x0000019380000000-0x0000019380ba0000-0x0000019380ba0000), size 12189696, SharedBaseAddress: 0x0000019380000000, ArchiveRelocationMode: 1.
Compressed class space mapped at: 0x0000019381000000-0x00000193c1000000, reserved size: 1073741824
Narrow klass base: 0x0000019380000000, Narrow klass shift: 0, Narrow klass range: 0x100000000

GC Precious Log:
 CardTable entry size: 512
 CPUs: 4 total, 4 available
 Memory: 6094M
 Large Page Support: Disabled
 NUMA Support: Disabled
 Compressed Oops: Enabled (32-bit)
 Alignments: Space 512K, Generation 512K, Heap 2M
 Heap Min Capacity: 100M
 Heap Initial Capacity: 100M
 Heap Max Capacity: 2G
 Pre-touch: Disabled
 Parallel Workers: 4

Heap:
 PSYoungGen      total 4608K, used 1301K [0x00000000d5580000, 0x00000000d5b00000, 0x0000000100000000)
  eden space 4096K, 28% used [0x00000000d5580000,0x00000000d56a0550,0x00000000d5980000)
  from space 512K, 29% used [0x00000000d5a00000,0x00000000d5a25200,0x00000000d5a80000)
  to   space 512K, 0% used [0x00000000d5a80000,0x00000000d5a80000,0x00000000d5b00000)
 ParOldGen       total 245760K, used 245450K [0x0000000080000000, 0x000000008f000000, 0x00000000d5580000)
  object space 245760K, 99% used [0x0000000080000000,0x000000008efb29d0,0x000000008f000000)
 Metaspace       used 68125K, committed 69824K, reserved 1114112K
  class space    used 7217K, committed 8000K, reserved 1048576K

Card table byte_map: [0x00000193e6ae0000,0x00000193e6ef0000] _byte_map_base: 0x00000193e66e0000

Marking Bits: (ParMarkBitMap*) 0x00007ff81f3ba340
 Begin Bits: [0x00000193f95e0000, 0x00000193fb5e0000)
 End Bits:   [0x00000193fb5e0000, 0x00000193fd5e0000)

Polling page: 0x00000193e4fd0000

Metaspace:

Usage:
  Non-class:     59.48 MB used.
      Class:      7.05 MB used.
       Both:     66.53 MB used.

Virtual space:
  Non-class space:       64.00 MB reserved,      60.38 MB ( 94%) committed,  1 nodes.
      Class space:        1.00 GB reserved,       7.81 MB ( <1%) committed,  1 nodes.
             Both:        1.06 GB reserved,      68.19 MB (  6%) committed. 

Chunk freelists:
   Non-Class:  3.58 MB
       Class:  8.11 MB
        Both:  11.69 MB

MaxMetaspaceSize: unlimited
CompressedClassSpaceSize: 1.00 GB
Initial GC threshold: 21.00 MB
Current GC threshold: 97.31 MB
CDS: on
 - commit_granule_bytes: 65536.
 - commit_granule_words: 8192.
 - virtual_space_node_default_size: 8388608.
 - enlarge_chunks_in_place: 1.
 - use_allocation_guard: 0.


Internal statistics:

num_allocs_failed_limit: 9.
num_arena_births: 1328.
num_arena_deaths: 14.
num_vsnodes_births: 2.
num_vsnodes_deaths: 0.
num_space_committed: 1090.
num_space_uncommitted: 0.
num_chunks_returned_to_freelist: 23.
num_chunks_taken_from_freelist: 4637.
num_chunk_merges: 15.
num_chunk_splits: 2839.
num_chunks_enlarged: 1510.
num_inconsistent_stats: 0.

CodeHeap 'non-profiled nmethods': size=120000Kb used=8271Kb max_used=8271Kb free=111728Kb
 bounds [0x00000193f1e00000, 0x00000193f2620000, 0x00000193f9330000]
CodeHeap 'profiled nmethods': size=120000Kb used=28184Kb max_used=28184Kb free=91816Kb
 bounds [0x00000193ea330000, 0x00000193ebec0000, 0x00000193f1860000]
CodeHeap 'non-nmethods': size=5760Kb used=1456Kb max_used=1529Kb free=4303Kb
 bounds [0x00000193f1860000, 0x00000193f1ad0000, 0x00000193f1e00000]
CodeCache: size=245760Kb, used=37911Kb, max_used=37984Kb, free=207847Kb
 total_blobs=12800, nmethods=12023, adapters=681, full_count=0
Compilation: enabled, stopped_count=0, restarted_count=0

Compilation events (20 events):
Event: 196.387 Thread 0x00000193e709bdf0 12787   !   3       org.eclipse.jdt.internal.compiler.lookup.BinaryTypeBinding::hasValueBasedTypeAnnotation (108 bytes)
Event: 196.388 Thread 0x00000193e709bdf0 nmethod 12787 0x00000193ebeb5390 code [0x00000193ebeb5580, 0x00000193ebeb5a10]
Event: 196.389 Thread 0x00000193e709bdf0 12788       3       java.util.concurrent.ConcurrentHashMap::isEmpty (15 bytes)
Event: 196.389 Thread 0x00000193e709bdf0 nmethod 12788 0x00000193ebeb5c10 code [0x00000193ebeb5dc0, 0x00000193ebeb5f50]
Event: 196.392 Thread 0x00000193c7a9d700 nmethod 12783 0x00000193f25f5210 code [0x00000193f25f5420, 0x00000193f25f59a0]
Event: 196.392 Thread 0x00000193c7a9d700 12782   !   4       org.eclipse.jdt.internal.core.JarPackageFragmentRoot::<init> (87 bytes)
Event: 196.395 Thread 0x00000193c7a9d700 nmethod 12782 0x00000193f25f5f10 code [0x00000193f25f60a0, 0x00000193f25f61e0]
Event: 196.395 Thread 0x00000193c7a9d700 12789       4       java.net.URI$Parser::parseHierarchical (178 bytes)
Event: 196.414 Thread 0x00000193e70356d0 nmethod 12724 0x00000193f25f6310 code [0x00000193f25f6980, 0x00000193f25feed8]
Event: 196.418 Thread 0x00000193e70356d0 12791       4       org.eclipse.core.resources.ResourcesPlugin::getWorkspace (44 bytes)
Event: 196.420 Thread 0x00000193e70356d0 nmethod 12791 0x00000193f2602190 code [0x00000193f2602320, 0x00000193f26023e8]
Event: 196.420 Thread 0x00000193e70356d0 12792   !   4       org.eclipse.jdt.internal.core.JavaProject::getOption (43 bytes)
Event: 196.434 Thread 0x00000193c7a9d700 nmethod 12789 0x00000193f2602510 code [0x00000193f26027e0, 0x00000193f2603a78]
Event: 196.434 Thread 0x00000193c7a9d700 12793   !   4       org.eclipse.jdt.internal.compiler.parser.Scanner::getNextToken0 (3060 bytes)
Event: 196.536 Thread 0x00000193c7a9d700 nmethod 12793 0x00000193f2604990 code [0x00000193f2605300, 0x00000193f2607d10]
Event: 196.537 Thread 0x00000193c7a9d700 12790       4       sun.nio.fs.WindowsPath::getParent (74 bytes)
Event: 196.553 Thread 0x00000193c7a9d700 nmethod 12790 0x00000193f2609810 code [0x00000193f2609a00, 0x00000193f260a338]
Event: 196.626 Thread 0x00000193e70356d0 nmethod 12792 0x00000193f260a910 code [0x00000193f260aec0, 0x00000193f2610510]
Event: 203.893 Thread 0x00000193e70356d0 12794       4       java.util.concurrent.locks.ReentrantLock$Sync::isHeldExclusively (16 bytes)
Event: 203.895 Thread 0x00000193e70356d0 nmethod 12794 0x00000193f2613a90 code [0x00000193f2613c20, 0x00000193f2613cc8]

GC Heap History (20 events):
Event: 195.902 GC heap before
{Heap before GC invocations=249 (full 3):
 PSYoungGen      total 4608K, used 4250K [0x00000000d5580000, 0x00000000d5b00000, 0x0000000100000000)
  eden space 4096K, 100% used [0x00000000d5580000,0x00000000d5980000,0x00000000d5980000)
  from space 512K, 30% used [0x00000000d5a00000,0x00000000d5a26900,0x00000000d5a80000)
  to   space 512K, 0% used [0x00000000d5a80000,0x00000000d5a80000,0x00000000d5b00000)
 ParOldGen       total 245248K, used 244785K [0x0000000080000000, 0x000000008ef80000, 0x00000000d5580000)
  object space 245248K, 99% used [0x0000000080000000,0x000000008ef0c5d0,0x000000008ef80000)
 Metaspace       used 68062K, committed 69824K, reserved 1114112K
  class space    used 7210K, committed 8000K, reserved 1048576K
}
Event: 195.906 GC heap after
{Heap after GC invocations=249 (full 3):
 PSYoungGen      total 4608K, used 186K [0x00000000d5580000, 0x00000000d5b00000, 0x0000000100000000)
  eden space 4096K, 0% used [0x00000000d5580000,0x00000000d5580000,0x00000000d5980000)
  from space 512K, 36% used [0x00000000d5a80000,0x00000000d5aae900,0x00000000d5b00000)
  to   space 512K, 0% used [0x00000000d5a00000,0x00000000d5a00000,0x00000000d5a80000)
 ParOldGen       total 245248K, used 244801K [0x0000000080000000, 0x000000008ef80000, 0x00000000d5580000)
  object space 245248K, 99% used [0x0000000080000000,0x000000008ef105d0,0x000000008ef80000)
 Metaspace       used 68062K, committed 69824K, reserved 1114112K
  class space    used 7210K, committed 8000K, reserved 1048576K
}
Event: 195.933 GC heap before
{Heap before GC invocations=250 (full 3):
 PSYoungGen      total 4608K, used 4282K [0x00000000d5580000, 0x00000000d5b00000, 0x0000000100000000)
  eden space 4096K, 100% used [0x00000000d5580000,0x00000000d5980000,0x00000000d5980000)
  from space 512K, 36% used [0x00000000d5a80000,0x00000000d5aae900,0x00000000d5b00000)
  to   space 512K, 0% used [0x00000000d5a00000,0x00000000d5a00000,0x00000000d5a80000)
 ParOldGen       total 245248K, used 244801K [0x0000000080000000, 0x000000008ef80000, 0x00000000d5580000)
  object space 245248K, 99% used [0x0000000080000000,0x000000008ef105d0,0x000000008ef80000)
 Metaspace       used 68072K, committed 69824K, reserved 1114112K
  class space    used 7210K, committed 8000K, reserved 1048576K
}
Event: 195.934 GC heap after
{Heap after GC invocations=250 (full 3):
 PSYoungGen      total 4608K, used 250K [0x00000000d5580000, 0x00000000d5b00000, 0x0000000100000000)
  eden space 4096K, 0% used [0x00000000d5580000,0x00000000d5580000,0x00000000d5980000)
  from space 512K, 48% used [0x00000000d5a00000,0x00000000d5a3e900,0x00000000d5a80000)
  to   space 512K, 0% used [0x00000000d5a80000,0x00000000d5a80000,0x00000000d5b00000)
 ParOldGen       total 245248K, used 244817K [0x0000000080000000, 0x000000008ef80000, 0x00000000d5580000)
  object space 245248K, 99% used [0x0000000080000000,0x000000008ef145d0,0x000000008ef80000)
 Metaspace       used 68072K, committed 69824K, reserved 1114112K
  class space    used 7210K, committed 8000K, reserved 1048576K
}
Event: 195.977 GC heap before
{Heap before GC invocations=251 (full 3):
 PSYoungGen      total 4608K, used 3154K [0x00000000d5580000, 0x00000000d5b00000, 0x0000000100000000)
  eden space 4096K, 70% used [0x00000000d5580000,0x00000000d58561a0,0x00000000d5980000)
  from space 512K, 48% used [0x00000000d5a00000,0x00000000d5a3e900,0x00000000d5a80000)
  to   space 512K, 0% used [0x00000000d5a80000,0x00000000d5a80000,0x00000000d5b00000)
 ParOldGen       total 245248K, used 244817K [0x0000000080000000, 0x000000008ef80000, 0x00000000d5580000)
  object space 245248K, 99% used [0x0000000080000000,0x000000008ef145d0,0x000000008ef80000)
 Metaspace       used 68074K, committed 69824K, reserved 1114112K
  class space    used 7210K, committed 8000K, reserved 1048576K
}
Event: 195.978 GC heap after
{Heap after GC invocations=251 (full 3):
 PSYoungGen      total 4608K, used 154K [0x00000000d5580000, 0x00000000d5b00000, 0x0000000100000000)
  eden space 4096K, 0% used [0x00000000d5580000,0x00000000d5580000,0x00000000d5980000)
  from space 512K, 30% used [0x00000000d5a80000,0x00000000d5aa6900,0x00000000d5b00000)
  to   space 512K, 0% used [0x00000000d5a00000,0x00000000d5a00000,0x00000000d5a80000)
 ParOldGen       total 245248K, used 244841K [0x0000000080000000, 0x000000008ef80000, 0x00000000d5580000)
  object space 245248K, 99% used [0x0000000080000000,0x000000008ef1a5d0,0x000000008ef80000)
 Metaspace       used 68074K, committed 69824K, reserved 1114112K
  class space    used 7210K, committed 8000K, reserved 1048576K
}
Event: 196.014 GC heap before
{Heap before GC invocations=252 (full 3):
 PSYoungGen      total 4608K, used 4216K [0x00000000d5580000, 0x00000000d5b00000, 0x0000000100000000)
  eden space 4096K, 99% used [0x00000000d5580000,0x00000000d5977910,0x00000000d5980000)
  from space 512K, 30% used [0x00000000d5a80000,0x00000000d5aa6900,0x00000000d5b00000)
  to   space 512K, 0% used [0x00000000d5a00000,0x00000000d5a00000,0x00000000d5a80000)
 ParOldGen       total 245248K, used 244841K [0x0000000080000000, 0x000000008ef80000, 0x00000000d5580000)
  object space 245248K, 99% used [0x0000000080000000,0x000000008ef1a5d0,0x000000008ef80000)
 Metaspace       used 68077K, committed 69824K, reserved 1114112K
  class space    used 7210K, committed 8000K, reserved 1048576K
}
Event: 196.015 GC heap after
{Heap after GC invocations=252 (full 3):
 PSYoungGen      total 4608K, used 148K [0x00000000d5580000, 0x00000000d5b00000, 0x0000000100000000)
  eden space 4096K, 0% used [0x00000000d5580000,0x00000000d5580000,0x00000000d5980000)
  from space 512K, 29% used [0x00000000d5a00000,0x00000000d5a25200,0x00000000d5a80000)
  to   space 512K, 0% used [0x00000000d5a80000,0x00000000d5a80000,0x00000000d5b00000)
 ParOldGen       total 245248K, used 244865K [0x0000000080000000, 0x000000008ef80000, 0x00000000d5580000)
  object space 245248K, 99% used [0x0000000080000000,0x000000008ef205d0,0x000000008ef80000)
 Metaspace       used 68077K, committed 69824K, reserved 1114112K
  class space    used 7210K, committed 8000K, reserved 1048576K
}
Event: 196.193 GC heap before
{Heap before GC invocations=253 (full 3):
 PSYoungGen      total 4608K, used 3963K [0x00000000d5580000, 0x00000000d5b00000, 0x0000000100000000)
  eden space 4096K, 93% used [0x00000000d5580000,0x00000000d5939b90,0x00000000d5980000)
  from space 512K, 29% used [0x00000000d5a00000,0x00000000d5a25200,0x00000000d5a80000)
  to   space 512K, 0% used [0x00000000d5a80000,0x00000000d5a80000,0x00000000d5b00000)
 ParOldGen       total 245248K, used 244865K [0x0000000080000000, 0x000000008ef80000, 0x00000000d5580000)
  object space 245248K, 99% used [0x0000000080000000,0x000000008ef205d0,0x000000008ef80000)
 Metaspace       used 68077K, committed 69824K, reserved 1114112K
  class space    used 7210K, committed 8000K, reserved 1048576K
}
Event: 196.194 GC heap after
{Heap after GC invocations=253 (full 3):
 PSYoungGen      total 4608K, used 128K [0x00000000d5580000, 0x00000000d5b00000, 0x0000000100000000)
  eden space 4096K, 0% used [0x00000000d5580000,0x00000000d5580000,0x00000000d5980000)
  from space 512K, 25% used [0x00000000d5a80000,0x00000000d5aa0000,0x00000000d5b00000)
  to   space 512K, 0% used [0x00000000d5a00000,0x00000000d5a00000,0x00000000d5a80000)
 ParOldGen       total 245248K, used 244973K [0x0000000080000000, 0x000000008ef80000, 0x00000000d5580000)
  object space 245248K, 99% used [0x0000000080000000,0x000000008ef3b7d0,0x000000008ef80000)
 Metaspace       used 68077K, committed 69824K, reserved 1114112K
  class space    used 7210K, committed 8000K, reserved 1048576K
}
Event: 196.208 GC heap before
{Heap before GC invocations=254 (full 3):
 PSYoungGen      total 4608K, used 4224K [0x00000000d5580000, 0x00000000d5b00000, 0x0000000100000000)
  eden space 4096K, 100% used [0x00000000d5580000,0x00000000d5980000,0x00000000d5980000)
  from space 512K, 25% used [0x00000000d5a80000,0x00000000d5aa0000,0x00000000d5b00000)
  to   space 512K, 0% used [0x00000000d5a00000,0x00000000d5a00000,0x00000000d5a80000)
 ParOldGen       total 245248K, used 244973K [0x0000000080000000, 0x000000008ef80000, 0x00000000d5580000)
  object space 245248K, 99% used [0x0000000080000000,0x000000008ef3b7d0,0x000000008ef80000)
 Metaspace       used 68083K, committed 69824K, reserved 1114112K
  class space    used 7210K, committed 8000K, reserved 1048576K
}
Event: 196.210 GC heap after
{Heap after GC invocations=254 (full 3):
 PSYoungGen      total 4608K, used 352K [0x00000000d5580000, 0x00000000d5b00000, 0x0000000100000000)
  eden space 4096K, 0% used [0x00000000d5580000,0x00000000d5580000,0x00000000d5980000)
  from space 512K, 68% used [0x00000000d5a00000,0x00000000d5a58000,0x00000000d5a80000)
  to   space 512K, 0% used [0x00000000d5a80000,0x00000000d5a80000,0x00000000d5b00000)
 ParOldGen       total 245248K, used 245013K [0x0000000080000000, 0x000000008ef80000, 0x00000000d5580000)
  object space 245248K, 99% used [0x0000000080000000,0x000000008ef457d0,0x000000008ef80000)
 Metaspace       used 68083K, committed 69824K, reserved 1114112K
  class space    used 7210K, committed 8000K, reserved 1048576K
}
Event: 196.221 GC heap before
{Heap before GC invocations=255 (full 3):
 PSYoungGen      total 4608K, used 4253K [0x00000000d5580000, 0x00000000d5b00000, 0x0000000100000000)
  eden space 4096K, 95% used [0x00000000d5580000,0x00000000d594f6f0,0x00000000d5980000)
  from space 512K, 68% used [0x00000000d5a00000,0x00000000d5a58000,0x00000000d5a80000)
  to   space 512K, 0% used [0x00000000d5a80000,0x00000000d5a80000,0x00000000d5b00000)
 ParOldGen       total 245248K, used 245013K [0x0000000080000000, 0x000000008ef80000, 0x00000000d5580000)
  object space 245248K, 99% used [0x0000000080000000,0x000000008ef457d0,0x000000008ef80000)
 Metaspace       used 68091K, committed 69824K, reserved 1114112K
  class space    used 7210K, committed 8000K, reserved 1048576K
}
Event: 196.223 GC heap after
{Heap after GC invocations=255 (full 3):
 PSYoungGen      total 4608K, used 160K [0x00000000d5580000, 0x00000000d5b00000, 0x0000000100000000)
  eden space 4096K, 0% used [0x00000000d5580000,0x00000000d5580000,0x00000000d5980000)
  from space 512K, 31% used [0x00000000d5a80000,0x00000000d5aa8000,0x00000000d5b00000)
  to   space 512K, 0% used [0x00000000d5a00000,0x00000000d5a00000,0x00000000d5a80000)
 ParOldGen       total 245760K, used 245269K [0x0000000080000000, 0x000000008f000000, 0x00000000d5580000)
  object space 245760K, 99% used [0x0000000080000000,0x000000008ef857d0,0x000000008f000000)
 Metaspace       used 68091K, committed 69824K, reserved 1114112K
  class space    used 7210K, committed 8000K, reserved 1048576K
}
Event: 196.367 GC heap before
{Heap before GC invocations=256 (full 3):
 PSYoungGen      total 4608K, used 4256K [0x00000000d5580000, 0x00000000d5b00000, 0x0000000100000000)
  eden space 4096K, 100% used [0x00000000d5580000,0x00000000d5980000,0x00000000d5980000)
  from space 512K, 31% used [0x00000000d5a80000,0x00000000d5aa8000,0x00000000d5b00000)
  to   space 512K, 0% used [0x00000000d5a00000,0x00000000d5a00000,0x00000000d5a80000)
 ParOldGen       total 245760K, used 245269K [0x0000000080000000, 0x000000008f000000, 0x00000000d5580000)
  object space 245760K, 99% used [0x0000000080000000,0x000000008ef857d0,0x000000008f000000)
 Metaspace       used 68091K, committed 69824K, reserved 1114112K
  class space    used 7210K, committed 8000K, reserved 1048576K
}
Event: 196.369 GC heap after
{Heap after GC invocations=256 (full 3):
 PSYoungGen      total 4608K, used 96K [0x00000000d5580000, 0x00000000d5b00000, 0x0000000100000000)
  eden space 4096K, 0% used [0x00000000d5580000,0x00000000d5580000,0x00000000d5980000)
  from space 512K, 18% used [0x00000000d5a00000,0x00000000d5a18000,0x00000000d5a80000)
  to   space 512K, 0% used [0x00000000d5a80000,0x00000000d5a80000,0x00000000d5b00000)
 ParOldGen       total 245760K, used 245341K [0x0000000080000000, 0x000000008f000000, 0x00000000d5580000)
  object space 245760K, 99% used [0x0000000080000000,0x000000008ef977d0,0x000000008f000000)
 Metaspace       used 68091K, committed 69824K, reserved 1114112K
  class space    used 7210K, committed 8000K, reserved 1048576K
}
Event: 196.384 GC heap before
{Heap before GC invocations=257 (full 3):
 PSYoungGen      total 4608K, used 4192K [0x00000000d5580000, 0x00000000d5b00000, 0x0000000100000000)
  eden space 4096K, 100% used [0x00000000d5580000,0x00000000d5980000,0x00000000d5980000)
  from space 512K, 18% used [0x00000000d5a00000,0x00000000d5a18000,0x00000000d5a80000)
  to   space 512K, 0% used [0x00000000d5a80000,0x00000000d5a80000,0x00000000d5b00000)
 ParOldGen       total 245760K, used 245341K [0x0000000080000000, 0x000000008f000000, 0x00000000d5580000)
  object space 245760K, 99% used [0x0000000080000000,0x000000008ef977d0,0x000000008f000000)
 Metaspace       used 68093K, committed 69824K, reserved 1114112K
  class space    used 7210K, committed 8000K, reserved 1048576K
}
Event: 196.386 GC heap after
{Heap after GC invocations=257 (full 3):
 PSYoungGen      total 4608K, used 288K [0x00000000d5580000, 0x00000000d5b00000, 0x0000000100000000)
  eden space 4096K, 0% used [0x00000000d5580000,0x00000000d5580000,0x00000000d5980000)
  from space 512K, 56% used [0x00000000d5a80000,0x00000000d5ac8000,0x00000000d5b00000)
  to   space 512K, 0% used [0x00000000d5a00000,0x00000000d5a00000,0x00000000d5a80000)
 ParOldGen       total 245760K, used 245418K [0x0000000080000000, 0x000000008f000000, 0x00000000d5580000)
  object space 245760K, 99% used [0x0000000080000000,0x000000008efaa9d0,0x000000008f000000)
 Metaspace       used 68093K, committed 69824K, reserved 1114112K
  class space    used 7210K, committed 8000K, reserved 1048576K
}
Event: 196.427 GC heap before
{Heap before GC invocations=258 (full 3):
 PSYoungGen      total 4608K, used 4384K [0x00000000d5580000, 0x00000000d5b00000, 0x0000000100000000)
  eden space 4096K, 100% used [0x00000000d5580000,0x00000000d5980000,0x00000000d5980000)
  from space 512K, 56% used [0x00000000d5a80000,0x00000000d5ac8000,0x00000000d5b00000)
  to   space 512K, 0% used [0x00000000d5a00000,0x00000000d5a00000,0x00000000d5a80000)
 ParOldGen       total 245760K, used 245418K [0x0000000080000000, 0x000000008f000000, 0x00000000d5580000)
  object space 245760K, 99% used [0x0000000080000000,0x000000008efaa9d0,0x000000008f000000)
 Metaspace       used 68125K, committed 69824K, reserved 1114112K
  class space    used 7217K, committed 8000K, reserved 1048576K
}
Event: 196.429 GC heap after
{Heap after GC invocations=258 (full 3):
 PSYoungGen      total 4608K, used 148K [0x00000000d5580000, 0x00000000d5b00000, 0x0000000100000000)
  eden space 4096K, 0% used [0x00000000d5580000,0x00000000d5580000,0x00000000d5980000)
  from space 512K, 29% used [0x00000000d5a00000,0x00000000d5a25200,0x00000000d5a80000)
  to   space 512K, 0% used [0x00000000d5a80000,0x00000000d5a80000,0x00000000d5b00000)
 ParOldGen       total 245760K, used 245450K [0x0000000080000000, 0x000000008f000000, 0x00000000d5580000)
  object space 245760K, 99% used [0x0000000080000000,0x000000008efb29d0,0x000000008f000000)
 Metaspace       used 68125K, committed 69824K, reserved 1114112K
  class space    used 7217K, committed 8000K, reserved 1048576K
}

Dll operation events (11 events):
Event: 0.020 Loaded shared library c:\Users\ASUS\.vscode\extensions\redhat.java-1.46.0-win32-x64\jre\21.0.8-win32-x86_64\bin\java.dll
Event: 0.164 Loaded shared library c:\Users\ASUS\.vscode\extensions\redhat.java-1.46.0-win32-x64\jre\21.0.8-win32-x86_64\bin\zip.dll
Event: 0.219 Loaded shared library C:\Users\ASUS\.vscode\extensions\redhat.java-1.46.0-win32-x64\jre\21.0.8-win32-x86_64\bin\instrument.dll
Event: 0.232 Loaded shared library C:\Users\ASUS\.vscode\extensions\redhat.java-1.46.0-win32-x64\jre\21.0.8-win32-x86_64\bin\net.dll
Event: 0.238 Loaded shared library C:\Users\ASUS\.vscode\extensions\redhat.java-1.46.0-win32-x64\jre\21.0.8-win32-x86_64\bin\nio.dll
Event: 0.244 Loaded shared library C:\Users\ASUS\.vscode\extensions\redhat.java-1.46.0-win32-x64\jre\21.0.8-win32-x86_64\bin\zip.dll
Event: 0.311 Loaded shared library C:\Users\ASUS\.vscode\extensions\redhat.java-1.46.0-win32-x64\jre\21.0.8-win32-x86_64\bin\jimage.dll
Event: 0.642 Loaded shared library c:\Users\ASUS\.vscode\extensions\redhat.java-1.46.0-win32-x64\jre\21.0.8-win32-x86_64\bin\verify.dll
Event: 6.035 Loaded shared library C:\Users\ASUS\AppData\Roaming\Code\User\globalStorage\redhat.java\1.46.0\config_win\org.eclipse.equinox.launcher\org.eclipse.equinox.launcher.win32.win32.x86_64_1.2.1400.v20250801-0854\eclipse_11916.dll
Event: 10.938 Loaded shared library C:\Users\ASUS\AppData\Local\Temp\jna-2018896\jna5820556117946838075.dll
Event: 59.131 Loaded shared library C:\Users\ASUS\.vscode\extensions\redhat.java-1.46.0-win32-x64\jre\21.0.8-win32-x86_64\bin\sunmscapi.dll

Deoptimization events (20 events):
Event: 196.395 Thread 0x00000193c73e0080 Uncommon trap: trap_request=0xffffffc6 fr.pc=0x00000193f25e1db8 relative=0x0000000000000398
Event: 196.395 Thread 0x00000193c73e0080 Uncommon trap: reason=bimorphic_or_optimized_type_check action=maybe_recompile pc=0x00000193f25e1db8 method=java.util.stream.ReduceOps$ReduceOp.evaluateSequential(Ljava/util/stream/PipelineHelper;Ljava/util/Spliterator;)Ljava/lang/Object; @ 2 c2
Event: 196.395 Thread 0x00000193c73e0080 DEOPT PACKING pc=0x00000193f25e1db8 sp=0x0000000fd21fe570
Event: 196.396 Thread 0x00000193c73e0080 DEOPT UNPACKING pc=0x00000193f18b3aa2 sp=0x0000000fd21fe510 mode 2
Event: 196.422 Thread 0x00000193c73e0080 Uncommon trap: trap_request=0xffffffde fr.pc=0x00000193f25e8974 relative=0x0000000000000534
Event: 196.422 Thread 0x00000193c73e0080 Uncommon trap: reason=class_check action=maybe_recompile pc=0x00000193f25e8974 method=org.eclipse.jdt.internal.compiler.parser.Scanner.getNextToken0()Lorg/eclipse/jdt/internal/compiler/parser/TerminalToken; @ 2880 c2
Event: 196.422 Thread 0x00000193c73e0080 DEOPT PACKING pc=0x00000193f25e8974 sp=0x0000000fd21fd810
Event: 196.422 Thread 0x00000193c73e0080 DEOPT UNPACKING pc=0x00000193f18b3aa2 sp=0x0000000fd21fd7a0 mode 2
Event: 196.422 Thread 0x00000193c73e0080 Uncommon trap: trap_request=0xffffffde fr.pc=0x00000193f25e8974 relative=0x0000000000000534
Event: 196.422 Thread 0x00000193c73e0080 Uncommon trap: reason=class_check action=maybe_recompile pc=0x00000193f25e8974 method=org.eclipse.jdt.internal.compiler.parser.Scanner.getNextToken0()Lorg/eclipse/jdt/internal/compiler/parser/TerminalToken; @ 2880 c2
Event: 196.422 Thread 0x00000193c73e0080 DEOPT PACKING pc=0x00000193f25e8974 sp=0x0000000fd21fd810
Event: 196.422 Thread 0x00000193c73e0080 DEOPT UNPACKING pc=0x00000193f18b3aa2 sp=0x0000000fd21fd7a0 mode 2
Event: 196.422 Thread 0x00000193c73e0080 Uncommon trap: trap_request=0xffffffde fr.pc=0x00000193f25e8974 relative=0x0000000000000534
Event: 196.422 Thread 0x00000193c73e0080 Uncommon trap: reason=class_check action=maybe_recompile pc=0x00000193f25e8974 method=org.eclipse.jdt.internal.compiler.parser.Scanner.getNextToken0()Lorg/eclipse/jdt/internal/compiler/parser/TerminalToken; @ 2880 c2
Event: 196.422 Thread 0x00000193c73e0080 DEOPT PACKING pc=0x00000193f25e8974 sp=0x0000000fd21fd810
Event: 196.422 Thread 0x00000193c73e0080 DEOPT UNPACKING pc=0x00000193f18b3aa2 sp=0x0000000fd21fd7a0 mode 2
Event: 196.422 Thread 0x00000193c73e0080 Uncommon trap: trap_request=0xffffffde fr.pc=0x00000193f25e8974 relative=0x0000000000000534
Event: 196.422 Thread 0x00000193c73e0080 Uncommon trap: reason=class_check action=maybe_recompile pc=0x00000193f25e8974 method=org.eclipse.jdt.internal.compiler.parser.Scanner.getNextToken0()Lorg/eclipse/jdt/internal/compiler/parser/TerminalToken; @ 2880 c2
Event: 196.422 Thread 0x00000193c73e0080 DEOPT PACKING pc=0x00000193f25e8974 sp=0x0000000fd21fd810
Event: 196.422 Thread 0x00000193c73e0080 DEOPT UNPACKING pc=0x00000193f18b3aa2 sp=0x0000000fd21fd7a0 mode 2

Classes loaded (20 events):
Event: 59.220 Loading class javax/crypto/NullCipher
Event: 59.220 Loading class javax/crypto/NullCipher done
Event: 59.220 Loading class sun/security/util/ArrayUtil
Event: 59.221 Loading class sun/security/util/ArrayUtil done
Event: 59.280 Loading class java/lang/invoke/MethodHandleImpl$CountingWrapper$1
Event: 59.280 Loading class java/lang/invoke/MethodHandleImpl$CountingWrapper$1 done
Event: 59.309 Loading class java/util/zip/CheckedInputStream
Event: 59.309 Loading class java/util/zip/CheckedInputStream done
Event: 59.455 Loading class java/util/zip/GZIPInputStream$1
Event: 59.455 Loading class java/util/zip/GZIPInputStream$1 done
Event: 196.412 Loading class java/util/stream/ReferencePipeline$4
Event: 196.413 Loading class java/util/stream/ReferencePipeline$4 done
Event: 196.413 Loading class java/util/stream/Nodes$IntFixedNodeBuilder
Event: 196.414 Loading class java/util/stream/Node$Builder$OfInt
Event: 196.414 Loading class java/util/stream/Node$Builder$OfInt done
Event: 196.414 Loading class java/util/stream/Nodes$IntArrayNode
Event: 196.414 Loading class java/util/stream/Nodes$IntArrayNode done
Event: 196.414 Loading class java/util/stream/Nodes$IntFixedNodeBuilder done
Event: 196.420 Loading class java/util/stream/ReferencePipeline$4$1
Event: 196.420 Loading class java/util/stream/ReferencePipeline$4$1 done

Classes unloaded (7 events):
Event: 12.493 Thread 0x00000193e700eaf0 Unloading class 0x00000193811b0c00 'java/lang/invoke/LambdaForm$MH+0x00000193811b0c00'
Event: 12.493 Thread 0x00000193e700eaf0 Unloading class 0x00000193811b0800 'java/lang/invoke/LambdaForm$MH+0x00000193811b0800'
Event: 12.493 Thread 0x00000193e700eaf0 Unloading class 0x00000193811b0400 'java/lang/invoke/LambdaForm$MH+0x00000193811b0400'
Event: 12.493 Thread 0x00000193e700eaf0 Unloading class 0x00000193811b0000 'java/lang/invoke/LambdaForm$MH+0x00000193811b0000'
Event: 12.493 Thread 0x00000193e700eaf0 Unloading class 0x00000193811afc00 'java/lang/invoke/LambdaForm$BMH+0x00000193811afc00'
Event: 12.493 Thread 0x00000193e700eaf0 Unloading class 0x00000193811af800 'java/lang/invoke/LambdaForm$DMH+0x00000193811af800'
Event: 12.493 Thread 0x00000193e700eaf0 Unloading class 0x00000193811ae400 'java/lang/invoke/LambdaForm$DMH+0x00000193811ae400'

Classes redefined (0 events):
No events

Internal exceptions (20 events):
Event: 61.526 Thread 0x00000193c5b123e0 Exception <a 'java/lang/NoSuchMethodError'{0x00000000d55d9a10}: 'java.lang.Object java.lang.invoke.Invokers$Holder.linkToTargetMethod(java.lang.Object, java.lang.Object, int, int, java.lang.Object)'> (0x00000000d55d9a10) 
thrown [s\src\hotspot\share\interpreter\linkResolver.cpp, line 773]
Event: 61.555 Thread 0x00000193c5b123e0 Exception <a 'java/lang/NoSuchMethodError'{0x00000000d56646e0}: method resolution failed> (0x00000000d56646e0) 
thrown [s\src\hotspot\share\prims\methodHandles.cpp, line 1144]
Event: 61.840 Thread 0x00000193c73e0da0 Exception <a 'java/lang/IncompatibleClassChangeError'{0x00000000d584a470}: Found class java.lang.Object, but interface was expected> (0x00000000d584a470) 
thrown [s\src\hotspot\share\interpreter\linkResolver.cpp, line 840]
Event: 70.780 Thread 0x00000193c5b13100 Exception <a 'sun/nio/fs/WindowsException'{0x00000000d56534c8}> (0x00000000d56534c8) 
thrown [s\src\hotspot\share\prims\jni.cpp, line 520]
Event: 70.780 Thread 0x00000193c5b13100 Exception <a 'sun/nio/fs/WindowsException'{0x00000000d5653d78}> (0x00000000d5653d78) 
thrown [s\src\hotspot\share\prims\jni.cpp, line 520]
Event: 192.428 Thread 0x00000193c73e0080 Implicit null exception at 0x00000193f2407d5a to 0x00000193f2407db3
Event: 195.141 Thread 0x00000193c73e0080 Exception <a 'sun/nio/fs/WindowsException'{0x00000000d5806728}> (0x00000000d5806728) 
thrown [s\src\hotspot\share\prims\jni.cpp, line 520]
Event: 195.141 Thread 0x00000193c73e0080 Exception <a 'sun/nio/fs/WindowsException'{0x00000000d5807008}> (0x00000000d5807008) 
thrown [s\src\hotspot\share\prims\jni.cpp, line 520]
Event: 195.545 Thread 0x00000193c73e0080 Exception <a 'sun/nio/fs/WindowsException'{0x00000000d58d3798}> (0x00000000d58d3798) 
thrown [s\src\hotspot\share\prims\jni.cpp, line 520]
Event: 195.545 Thread 0x00000193c73e0080 Exception <a 'sun/nio/fs/WindowsException'{0x00000000d58d4078}> (0x00000000d58d4078) 
thrown [s\src\hotspot\share\prims\jni.cpp, line 520]
Event: 195.959 Thread 0x00000193c73e0080 Exception <a 'sun/nio/fs/WindowsException'{0x00000000d577fe48}> (0x00000000d577fe48) 
thrown [s\src\hotspot\share\prims\jni.cpp, line 520]
Event: 195.959 Thread 0x00000193c73e0080 Exception <a 'sun/nio/fs/WindowsException'{0x00000000d5780728}> (0x00000000d5780728) 
thrown [s\src\hotspot\share\prims\jni.cpp, line 520]
Event: 195.993 Thread 0x00000193c73e0080 Exception <a 'sun/nio/fs/WindowsException'{0x00000000d58b49a8}> (0x00000000d58b49a8) 
thrown [s\src\hotspot\share\prims\jni.cpp, line 520]
Event: 195.993 Thread 0x00000193c73e0080 Exception <a 'sun/nio/fs/WindowsException'{0x00000000d58b5288}> (0x00000000d58b5288) 
thrown [s\src\hotspot\share\prims\jni.cpp, line 520]
Event: 196.354 Thread 0x00000193c73e0080 Exception <a 'sun/nio/fs/WindowsException'{0x00000000d57447a8}> (0x00000000d57447a8) 
thrown [s\src\hotspot\share\prims\jni.cpp, line 520]
Event: 196.354 Thread 0x00000193c73e0080 Exception <a 'sun/nio/fs/WindowsException'{0x00000000d5912d70}> (0x00000000d5912d70) 
thrown [s\src\hotspot\share\prims\jni.cpp, line 520]
Event: 196.388 Thread 0x00000193c73e0080 Exception <a 'sun/nio/fs/WindowsException'{0x00000000d55b5cc8}> (0x00000000d55b5cc8) 
thrown [s\src\hotspot\share\prims\jni.cpp, line 520]
Event: 196.388 Thread 0x00000193c73e0080 Exception <a 'sun/nio/fs/WindowsException'{0x00000000d55b65a8}> (0x00000000d55b65a8) 
thrown [s\src\hotspot\share\prims\jni.cpp, line 520]
Event: 196.434 Thread 0x00000193c73e0080 Exception <a 'sun/nio/fs/WindowsException'{0x00000000d568ec88}> (0x00000000d568ec88) 
thrown [s\src\hotspot\share\prims\jni.cpp, line 520]
Event: 196.434 Thread 0x00000193c73e0080 Exception <a 'sun/nio/fs/WindowsException'{0x00000000d568f568}> (0x00000000d568f568) 
thrown [s\src\hotspot\share\prims\jni.cpp, line 520]

ZGC Phase Switch (0 events):
No events

VM Operations (20 events):
Event: 195.933 Executing VM operation: ParallelGCFailedAllocation (Allocation Failure)
Event: 195.934 Executing VM operation: ParallelGCFailedAllocation (Allocation Failure) done
Event: 195.977 Executing VM operation: ParallelGCFailedAllocation (Allocation Failure)
Event: 195.978 Executing VM operation: ParallelGCFailedAllocation (Allocation Failure) done
Event: 196.013 Executing VM operation: ParallelGCFailedAllocation (Allocation Failure)
Event: 196.016 Executing VM operation: ParallelGCFailedAllocation (Allocation Failure) done
Event: 196.193 Executing VM operation: ParallelGCFailedAllocation (Allocation Failure)
Event: 196.194 Executing VM operation: ParallelGCFailedAllocation (Allocation Failure) done
Event: 196.208 Executing VM operation: ParallelGCFailedAllocation (Allocation Failure)
Event: 196.210 Executing VM operation: ParallelGCFailedAllocation (Allocation Failure) done
Event: 196.221 Executing VM operation: ParallelGCFailedAllocation (Allocation Failure)
Event: 196.223 Executing VM operation: ParallelGCFailedAllocation (Allocation Failure) done
Event: 196.367 Executing VM operation: ParallelGCFailedAllocation (Allocation Failure)
Event: 196.369 Executing VM operation: ParallelGCFailedAllocation (Allocation Failure) done
Event: 196.384 Executing VM operation: ParallelGCFailedAllocation (Allocation Failure)
Event: 196.386 Executing VM operation: ParallelGCFailedAllocation (Allocation Failure) done
Event: 196.427 Executing VM operation: ParallelGCFailedAllocation (Allocation Failure)
Event: 196.429 Executing VM operation: ParallelGCFailedAllocation (Allocation Failure) done
Event: 214.578 Executing VM operation: Cleanup
Event: 214.578 Executing VM operation: Cleanup done

Memory protections (0 events):
No events

Nmethod flushes (20 events):
Event: 38.878 Thread 0x00000193e700eaf0 flushing  nmethod 0x00000193eac55690
Event: 38.878 Thread 0x00000193e700eaf0 flushing  nmethod 0x00000193eac56190
Event: 38.878 Thread 0x00000193e700eaf0 flushing  nmethod 0x00000193eac56510
Event: 38.878 Thread 0x00000193e700eaf0 flushing  nmethod 0x00000193eac65d10
Event: 38.878 Thread 0x00000193e700eaf0 flushing  nmethod 0x00000193eac66310
Event: 38.878 Thread 0x00000193e700eaf0 flushing  nmethod 0x00000193eac66910
Event: 38.878 Thread 0x00000193e700eaf0 flushing  nmethod 0x00000193eac66d10
Event: 38.878 Thread 0x00000193e700eaf0 flushing  nmethod 0x00000193eac67310
Event: 38.878 Thread 0x00000193e700eaf0 flushing  nmethod 0x00000193eac6fa90
Event: 38.878 Thread 0x00000193e700eaf0 flushing  nmethod 0x00000193eac84010
Event: 38.878 Thread 0x00000193e700eaf0 flushing  nmethod 0x00000193eacac190
Event: 38.878 Thread 0x00000193e700eaf0 flushing  nmethod 0x00000193eacaf890
Event: 38.878 Thread 0x00000193e700eaf0 flushing  nmethod 0x00000193eacb0410
Event: 38.878 Thread 0x00000193e700eaf0 flushing  nmethod 0x00000193eacb0a10
Event: 38.878 Thread 0x00000193e700eaf0 flushing  nmethod 0x00000193eacb8810
Event: 38.878 Thread 0x00000193e700eaf0 flushing  nmethod 0x00000193eacbe390
Event: 38.878 Thread 0x00000193e700eaf0 flushing  nmethod 0x00000193eacbec90
Event: 38.878 Thread 0x00000193e700eaf0 flushing  nmethod 0x00000193eacc3990
Event: 38.878 Thread 0x00000193e700eaf0 flushing  nmethod 0x00000193eacc9390
Event: 38.878 Thread 0x00000193e700eaf0 flushing  nmethod 0x00000193eaccc890

Events (20 events):
Event: 60.194 Thread 0x00000193e709bdf0 Thread added: 0x00000193c7860450
Event: 60.409 Thread 0x00000193c7860450 Thread exited: 0x00000193c7860450
Event: 60.446 Thread 0x00000193c73decd0 Thread exited: 0x00000193c73decd0
Event: 61.561 Thread 0x00000193e709bdf0 Thread added: 0x00000193c5ba07c0
Event: 62.065 Thread 0x00000193c5ba07c0 Thread exited: 0x00000193c5ba07c0
Event: 62.212 Thread 0x00000193e70356d0 Thread added: 0x00000193c5ba07c0
Event: 67.368 Thread 0x00000193c5ba07c0 Thread exited: 0x00000193c5ba07c0
Event: 97.594 Thread 0x00000193c56ab6f0 Thread exited: 0x00000193c56ab6f0
Event: 98.275 Thread 0x00000193c56acaa0 Thread exited: 0x00000193c56acaa0
Event: 121.780 Thread 0x00000193c5b11d50 Thread exited: 0x00000193c5b11d50
Event: 130.525 Thread 0x00000193c5b12a70 Thread exited: 0x00000193c5b12a70
Event: 130.780 Thread 0x00000193c5b116c0 Thread exited: 0x00000193c5b116c0
Event: 130.795 Thread 0x00000193c73e0da0 Thread exited: 0x00000193c73e0da0
Event: 130.900 Thread 0x00000193c5b13100 Thread exited: 0x00000193c5b13100
Event: 157.599 Thread 0x00000193c56b1960 Thread exited: 0x00000193c56b1960
Event: 190.812 Thread 0x00000193c73de640 Thread exited: 0x00000193c73de640
Event: 192.601 Thread 0x00000193e709bdf0 Thread added: 0x00000193c6ce9b50
Event: 194.103 Thread 0x00000193c6ce9b50 Thread exited: 0x00000193c6ce9b50
Event: 194.324 Thread 0x00000193e709bdf0 Thread added: 0x00000193c7a9d700
Event: 201.557 Thread 0x00000193c7a9d700 Thread exited: 0x00000193c7a9d700


Dynamic libraries:
0x00007ff68f690000 - 0x00007ff68f69e000 	c:\Users\ASUS\.vscode\extensions\redhat.java-1.46.0-win32-x64\jre\21.0.8-win32-x86_64\bin\java.exe
0x00007ff8c5850000 - 0x00007ff8c5a67000 	C:\WINDOWS\SYSTEM32\ntdll.dll
0x00007ff8c4460000 - 0x00007ff8c4524000 	C:\WINDOWS\System32\KERNEL32.DLL
0x00007ff8c2f60000 - 0x00007ff8c3332000 	C:\WINDOWS\System32\KERNELBASE.dll
0x00007ff8c33c0000 - 0x00007ff8c34d1000 	C:\WINDOWS\System32\ucrtbase.dll
0x00007ff872910000 - 0x00007ff872928000 	c:\Users\ASUS\.vscode\extensions\redhat.java-1.46.0-win32-x64\jre\21.0.8-win32-x86_64\bin\jli.dll
0x00007ff8c36a0000 - 0x00007ff8c3851000 	C:\WINDOWS\System32\USER32.dll
0x00007ff8c2d90000 - 0x00007ff8c2db6000 	C:\WINDOWS\System32\win32u.dll
0x00007ff8c4260000 - 0x00007ff8c4289000 	C:\WINDOWS\System32\GDI32.dll
0x00007ff8c2a60000 - 0x00007ff8c2b83000 	C:\WINDOWS\System32\gdi32full.dll
0x00007ff8c29c0000 - 0x00007ff8c2a5a000 	C:\WINDOWS\System32\msvcp_win.dll
0x00007ff835e90000 - 0x00007ff835eae000 	c:\Users\ASUS\.vscode\extensions\redhat.java-1.46.0-win32-x64\jre\21.0.8-win32-x86_64\bin\VCRUNTIME140.dll
0x00007ff8b31f0000 - 0x00007ff8b348b000 	C:\WINDOWS\WinSxS\amd64_microsoft.windows.common-controls_6595b64144ccf1df_6.0.22621.5415_none_270d77d17387d7da\COMCTL32.dll
0x00007ff8c35f0000 - 0x00007ff8c3697000 	C:\WINDOWS\System32\msvcrt.dll
0x00007ff8c5120000 - 0x00007ff8c5151000 	C:\WINDOWS\System32\IMM32.DLL
0x00007ff8b1c10000 - 0x00007ff8b1c1c000 	c:\Users\ASUS\.vscode\extensions\redhat.java-1.46.0-win32-x64\jre\21.0.8-win32-x86_64\bin\vcruntime140_1.dll
0x00007ff834ba0000 - 0x00007ff834c2d000 	c:\Users\ASUS\.vscode\extensions\redhat.java-1.46.0-win32-x64\jre\21.0.8-win32-x86_64\bin\msvcp140.dll
0x00007ff81e700000 - 0x00007ff81f497000 	c:\Users\ASUS\.vscode\extensions\redhat.java-1.46.0-win32-x64\jre\21.0.8-win32-x86_64\bin\server\jvm.dll
0x00007ff8c4040000 - 0x00007ff8c40f1000 	C:\WINDOWS\System32\ADVAPI32.dll
0x00007ff8c55e0000 - 0x00007ff8c5688000 	C:\WINDOWS\System32\sechost.dll
0x00007ff8c2f30000 - 0x00007ff8c2f58000 	C:\WINDOWS\System32\bcrypt.dll
0x00007ff8c56f0000 - 0x00007ff8c5804000 	C:\WINDOWS\System32\RPCRT4.dll
0x00007ff8c3fc0000 - 0x00007ff8c4031000 	C:\WINDOWS\System32\WS2_32.dll
0x00007ff8c2810000 - 0x00007ff8c285d000 	C:\WINDOWS\SYSTEM32\POWRPROF.dll
0x00007ff8be5c0000 - 0x00007ff8be5f4000 	C:\WINDOWS\SYSTEM32\WINMM.dll
0x00007ff8bd350000 - 0x00007ff8bd35a000 	C:\WINDOWS\SYSTEM32\VERSION.dll
0x00007ff8c27f0000 - 0x00007ff8c2803000 	C:\WINDOWS\SYSTEM32\UMPDC.dll
0x00007ff8c1930000 - 0x00007ff8c1948000 	C:\WINDOWS\SYSTEM32\kernel.appcore.dll
0x00007ff87a010000 - 0x00007ff87a01a000 	c:\Users\ASUS\.vscode\extensions\redhat.java-1.46.0-win32-x64\jre\21.0.8-win32-x86_64\bin\jimage.dll
0x00007ff8c0240000 - 0x00007ff8c0473000 	C:\WINDOWS\SYSTEM32\DBGHELP.DLL
0x00007ff8c38e0000 - 0x00007ff8c3c73000 	C:\WINDOWS\System32\combase.dll
0x00007ff8c3de0000 - 0x00007ff8c3eb7000 	C:\WINDOWS\System32\OLEAUT32.dll
0x00007ff8abd30000 - 0x00007ff8abd62000 	C:\WINDOWS\SYSTEM32\dbgcore.DLL
0x00007ff8c3340000 - 0x00007ff8c33bb000 	C:\WINDOWS\System32\bcryptPrimitives.dll
0x00007ff874550000 - 0x00007ff87455f000 	c:\Users\ASUS\.vscode\extensions\redhat.java-1.46.0-win32-x64\jre\21.0.8-win32-x86_64\bin\instrument.dll
0x00007ff835e50000 - 0x00007ff835e6f000 	c:\Users\ASUS\.vscode\extensions\redhat.java-1.46.0-win32-x64\jre\21.0.8-win32-x86_64\bin\java.dll
0x00007ff8c4870000 - 0x00007ff8c5112000 	C:\WINDOWS\System32\SHELL32.dll
0x00007ff8c2b90000 - 0x00007ff8c2ccf000 	C:\WINDOWS\System32\wintypes.dll
0x00007ff8c0820000 - 0x00007ff8c113e000 	C:\WINDOWS\SYSTEM32\windows.storage.dll
0x00007ff8c3c80000 - 0x00007ff8c3d8b000 	C:\WINDOWS\System32\SHCORE.dll
0x00007ff8c4660000 - 0x00007ff8c46c9000 	C:\WINDOWS\System32\shlwapi.dll
0x00007ff8c2870000 - 0x00007ff8c289b000 	C:\WINDOWS\SYSTEM32\profapi.dll
0x00007ff8b2220000 - 0x00007ff8b2238000 	c:\Users\ASUS\.vscode\extensions\redhat.java-1.46.0-win32-x64\jre\21.0.8-win32-x86_64\bin\zip.dll
0x00007ff8af210000 - 0x00007ff8af220000 	C:\Users\ASUS\.vscode\extensions\redhat.java-1.46.0-win32-x64\jre\21.0.8-win32-x86_64\bin\net.dll
0x00007ff8bc6d0000 - 0x00007ff8bc7fc000 	C:\WINDOWS\SYSTEM32\WINHTTP.dll
0x00007ff8c1da0000 - 0x00007ff8c1e09000 	C:\WINDOWS\system32\mswsock.dll
0x00007ff8727d0000 - 0x00007ff8727e6000 	C:\Users\ASUS\.vscode\extensions\redhat.java-1.46.0-win32-x64\jre\21.0.8-win32-x86_64\bin\nio.dll
0x00007ff873d40000 - 0x00007ff873d50000 	c:\Users\ASUS\.vscode\extensions\redhat.java-1.46.0-win32-x64\jre\21.0.8-win32-x86_64\bin\verify.dll
0x00007ff861150000 - 0x00007ff861194000 	C:\Users\ASUS\AppData\Roaming\Code\User\globalStorage\redhat.java\1.46.0\config_win\org.eclipse.equinox.launcher\org.eclipse.equinox.launcher.win32.win32.x86_64_1.2.1400.v20250801-0854\eclipse_11916.dll
0x00007ff8c46d0000 - 0x00007ff8c4870000 	C:\WINDOWS\System32\ole32.dll
0x00007ff8c20f0000 - 0x00007ff8c210b000 	C:\WINDOWS\SYSTEM32\CRYPTSP.dll
0x00007ff8c1890000 - 0x00007ff8c18c7000 	C:\WINDOWS\system32\rsaenh.dll
0x00007ff8c1e40000 - 0x00007ff8c1e68000 	C:\WINDOWS\SYSTEM32\USERENV.dll
0x00007ff8c20d0000 - 0x00007ff8c20dc000 	C:\WINDOWS\SYSTEM32\CRYPTBASE.dll
0x00007ff8c13e0000 - 0x00007ff8c140d000 	C:\WINDOWS\SYSTEM32\IPHLPAPI.DLL
0x00007ff8c3ee0000 - 0x00007ff8c3ee9000 	C:\WINDOWS\System32\NSI.dll
0x00007ff8bb640000 - 0x00007ff8bb689000 	C:\Users\ASUS\AppData\Local\Temp\jna-2018896\jna5820556117946838075.dll
0x00007ff8c3ec0000 - 0x00007ff8c3ec8000 	C:\WINDOWS\System32\PSAPI.DLL
0x00007ff8bd360000 - 0x00007ff8bd379000 	C:\WINDOWS\SYSTEM32\dhcpcsvc6.DLL
0x00007ff8bc830000 - 0x00007ff8bc84f000 	C:\WINDOWS\SYSTEM32\dhcpcsvc.DLL
0x00007ff8c1a40000 - 0x00007ff8c1a74000 	C:\WINDOWS\SYSTEM32\ntmarta.dll
0x00007ff8bb6c0000 - 0x00007ff8bb6ce000 	C:\Users\ASUS\.vscode\extensions\redhat.java-1.46.0-win32-x64\jre\21.0.8-win32-x86_64\bin\sunmscapi.dll
0x00007ff8c2dc0000 - 0x00007ff8c2f27000 	C:\WINDOWS\System32\CRYPT32.dll
0x00007ff8c2200000 - 0x00007ff8c222d000 	C:\WINDOWS\SYSTEM32\ncrypt.dll
0x00007ff8c21c0000 - 0x00007ff8c21f7000 	C:\WINDOWS\SYSTEM32\NTASN1.dll

JVMTI agents:
c:\Users\ASUS\.vscode\extensions\redhat.java-1.46.0-win32-x64\lombok\lombok-1.18.39-4050.jar path:c:\Users\ASUS\.vscode\extensions\redhat.java-1.46.0-win32-x64\jre\21.0.8-win32-x86_64\bin\instrument.dll, loaded, initialized, instrumentlib options:none

dbghelp: loaded successfully - version: 4.0.5 - missing functions: none
symbol engine: initialized successfully - sym options: 0x614 - pdb path: .;c:\Users\ASUS\.vscode\extensions\redhat.java-1.46.0-win32-x64\jre\21.0.8-win32-x86_64\bin;C:\WINDOWS\SYSTEM32;C:\WINDOWS\WinSxS\amd64_microsoft.windows.common-controls_6595b64144ccf1df_6.0.22621.5415_none_270d77d17387d7da;c:\Users\ASUS\.vscode\extensions\redhat.java-1.46.0-win32-x64\jre\21.0.8-win32-x86_64\bin\server;C:\Users\ASUS\AppData\Roaming\Code\User\globalStorage\redhat.java\1.46.0\config_win\org.eclipse.equinox.launcher\org.eclipse.equinox.launcher.win32.win32.x86_64_1.2.1400.v20250801-0854;C:\Users\ASUS\AppData\Local\Temp\jna-2018896

VM Arguments:
jvm_args: --add-modules=ALL-SYSTEM --add-opens=java.base/java.util=ALL-UNNAMED --add-opens=java.base/java.lang=ALL-UNNAMED --add-opens=java.base/sun.nio.fs=ALL-UNNAMED -Declipse.application=org.eclipse.jdt.ls.core.id1 -Dosgi.bundles.defaultStartLevel=4 -Declipse.product=org.eclipse.jdt.ls.core.product -Djava.import.generatesMetadataFilesAtProjectRoot=false -DDetectVMInstallationsJob.disabled=true -Dfile.encoding=utf8 -XX:+UseParallelGC -XX:GCTimeRatio=4 -XX:AdaptiveSizePolicyWeight=90 -Dsun.zip.disableMemoryMapping=true -Xmx2G -Xms100m -Xlog:disable -javaagent:c:\Users\ASUS\.vscode\extensions\redhat.java-1.46.0-win32-x64\lombok\lombok-1.18.39-4050.jar -XX:+HeapDumpOnOutOfMemoryError -XX:HeapDumpPath=c:\Users\ASUS\AppData\Roaming\Code\User\workspaceStorage\d3041f1ac404f2711eac36abcf155074\redhat.java -Daether.dependencyCollector.impl=bf 
java_command: c:\Users\ASUS\.vscode\extensions\redhat.java-1.46.0-win32-x64\server\plugins\org.eclipse.equinox.launcher_1.7.0.v20250519-0528.jar -configuration c:\Users\ASUS\AppData\Roaming\Code\User\globalStorage\redhat.java\1.46.0\config_win -data c:\Users\ASUS\AppData\Roaming\Code\User\workspaceStorage\d3041f1ac404f2711eac36abcf155074\redhat.java\jdt_ws --pipe=\\.\pipe\lsp-79101c075552d3722a0b9d944c72e9d7-sock
java_class_path (initial): c:\Users\ASUS\.vscode\extensions\redhat.java-1.46.0-win32-x64\server\plugins\org.eclipse.equinox.launcher_1.7.0.v20250519-0528.jar
Launcher Type: SUN_STANDARD

[Global flags]
    uintx AdaptiveSizePolicyWeight                 = 90                                        {product} {command line}
     intx CICompilerCount                          = 3                                         {product} {ergonomic}
    uintx GCTimeRatio                              = 4                                         {product} {command line}
     bool HeapDumpOnOutOfMemoryError               = true                                   {manageable} {command line}
    ccstr HeapDumpPath                             = c:\Users\ASUS\AppData\Roaming\Code\User\workspaceStorage\d3041f1ac404f2711eac36abcf155074\redhat.java         {manageable} {command line}
   size_t InitialHeapSize                          = 104857600                                 {product} {command line}
   size_t MaxHeapSize                              = 2147483648                                {product} {command line}
   size_t MaxNewSize                               = 715653120                                 {product} {ergonomic}
   size_t MinHeapDeltaBytes                        = 524288                                    {product} {ergonomic}
   size_t MinHeapSize                              = 104857600                                 {product} {command line}
   size_t NewSize                                  = 34603008                                  {product} {ergonomic}
    uintx NonNMethodCodeHeapSize                   = 5832780                                {pd product} {ergonomic}
    uintx NonProfiledCodeHeapSize                  = 122912730                              {pd product} {ergonomic}
   size_t OldSize                                  = 70254592                                  {product} {ergonomic}
    uintx ProfiledCodeHeapSize                     = 122912730                              {pd product} {ergonomic}
    uintx ReservedCodeCacheSize                    = 251658240                              {pd product} {ergonomic}
     bool SegmentedCodeCache                       = true                                      {product} {ergonomic}
   size_t SoftMaxHeapSize                          = 2147483648                             {manageable} {ergonomic}
     bool UseCompressedOops                        = true                           {product lp64_product} {ergonomic}
     bool UseLargePagesIndividualAllocation        = false                                  {pd product} {ergonomic}
     bool UseParallelGC                            = true                                      {product} {command line}

Logging:
Log output configuration:
 #0: stdout all=off uptime,level,tags foldmultilines=false
 #1: stderr all=off uptime,level,tags foldmultilines=false

Environment Variables:
JAVA_HOME=C:\Program Files\Java\jdk-21
PATH=C:\Program Files\Java\jdk-21\bin;C:\Program Files\Common Files\Oracle\Java\javapath;C:\Program Files (x86)\Common Files\Oracle\Java\javapath;C:\WINDOWS\system32;C:\WINDOWS;C:\WINDOWS\System32\Wbem;C:\WINDOWS\System32\WindowsPowerShell\v1.0\;C:\WINDOWS\System32\OpenSSH\;C:\Program Files (x86)\Bitvise SSH Client;C:\iverilog\bin\;C:\Program Files\Java\jdk-19\bin;C:\Program Files\Git\cmd;C:\Users\ASUS\AppData\Local\Programs\Python\Python311;D:\avr8-gnu-toolchain-win32_x86_64\bin;D:\avr;C:\Program Files\Docker\Docker\resources\bin;D:\mongosh-2.2.6-win32-x64\bin;C:\Program Files\nodejs\;C:\Program Files\Java\jdk-21\bin;C:\Users\ASUS\scoop\shims;C:\Users\ASUS\AppData\Local\Microsoft\WindowsApps;C:\Users\ASUS\AppData\Local\GitHubDesktop\bin;C:\Users\ASUS\AppData\Local\Programs\Python\Python311;C:\Users\ASUS\AppData\Local\Programs\Python\Python311\Scripts;D:\IntelliJ IDEA 2024.1.3\bin;;C:\Users\ASUS\AppData\Roaming\npm;C:\Users\ASUS\AppData\Local\Programs\Microsoft VS Code\bin
USERNAME=ASUS
OS=Windows_NT
PROCESSOR_IDENTIFIER=AMD64 Family 23 Model 24 Stepping 1, AuthenticAMD
TMP=C:\Users\ASUS\AppData\Local\Temp
TEMP=C:\Users\ASUS\AppData\Local\Temp




Periodic native trim disabled

---------------  S Y S T E M  ---------------

OS:
 Windows 11 , 64 bit Build 22621 (10.0.22621.5415)
OS uptime: 0 days 0:18 hours
Hyper-V role detected

CPU: total 4 (initial active 4) (4 cores per cpu, 2 threads per core) family 23 model 24 stepping 1 microcode 0x0, cx8, cmov, fxsr, ht, mmx, 3dnowpref, sse, sse2, sse3, ssse3, sse4a, sse4.1, sse4.2, popcnt, lzcnt, tsc, tscinvbit, avx, avx2, aes, clmul, bmi1, bmi2, adx, sha, fma, vzeroupper, clflush, clflushopt, hv, rdtscp, f16c
Processor Information for the first 4 processors :
  Max Mhz: 2600, Current Mhz: 2600, Mhz Limit: 2600

Memory: 4k page, system-wide physical 6094M (373M free)
TotalPageFile size 14286M (AvailPageFile size 104M)
current process WorkingSet (physical memory assigned to process): 342M, peak: 473M
current process commit charge ("private bytes"): 500M, peak: 547M

vm_info: OpenJDK 64-Bit Server VM (21.0.8+9-LTS) for windows-amd64 JRE (21.0.8+9-LTS), built on 2025-07-15T00:00:00Z by "admin" with MS VC++ 17.7 (VS2022)

END.
