#
# There is insufficient memory for the Java Runtime Environment to continue.
# Native memory allocation (malloc) failed to allocate 1710912 bytes. Error detail: Chunk::new
# Possible reasons:
#   The system is out of physical RAM or swap space
#   This process is running with CompressedOops enabled, and the Java Heap may be blocking the growth of the native heap
# Possible solutions:
#   Reduce memory load on the system
#   Increase physical memory or swap space
#   Check if swap backing store is full
#   Decrease Java heap size (-Xmx/-Xms)
#   Decrease number of Java threads
#   Decrease Java thread stack sizes (-Xss)
#   Set larger code cache with -XX:ReservedCodeCacheSize=
#   JVM is running with Unscaled Compressed Oops mode in which the Java heap is
#     placed in the first 4GB address space. The Java Heap base address is the
#     maximum limit for the native heap growth. Please use -XX:HeapBaseMinAddress
#     to set the Java Heap base and to place the Java Heap above 4GB virtual address.
# This output file may be truncated or incomplete.
#
#  Out of Memory Error (arena.cpp:168), pid=13068, tid=4680
#
# JRE version: OpenJDK Runtime Environment Temurin-21.0.8+9 (21.0.8+9) (build 21.0.8+9-LTS)
# Java VM: OpenJDK 64-Bit Server VM Temurin-21.0.8+9 (21.0.8+9-LTS, mixed mode, sharing, tiered, compressed oops, compressed class ptrs, parallel gc, windows-amd64)
# No core dump will be written. Minidumps are not enabled by default on client versions of Windows
#

---------------  S U M M A R Y ------------

Command Line: --add-modules=ALL-SYSTEM --add-opens=java.base/java.util=ALL-UNNAMED --add-opens=java.base/java.lang=ALL-UNNAMED --add-opens=java.base/sun.nio.fs=ALL-UNNAMED -Declipse.application=org.eclipse.jdt.ls.core.id1 -Dosgi.bundles.defaultStartLevel=4 -Declipse.product=org.eclipse.jdt.ls.core.product -Djava.import.generatesMetadataFilesAtProjectRoot=false -DDetectVMInstallationsJob.disabled=true -Dfile.encoding=utf8 -XX:+UseParallelGC -XX:GCTimeRatio=4 -XX:AdaptiveSizePolicyWeight=90 -Dsun.zip.disableMemoryMapping=true -Xmx2G -Xms100m -Xlog:disable -javaagent:c:\Users\ASUS\.vscode\extensions\redhat.java-1.46.0-win32-x64\lombok\lombok-1.18.39-4050.jar c:\Users\ASUS\.vscode\extensions\redhat.java-1.46.0-win32-x64\server\plugins\org.eclipse.equinox.launcher_1.7.0.v20250519-0528.jar -configuration c:\Users\ASUS\AppData\Roaming\Code\User\globalStorage\redhat.java\1.46.0\config_ss_win -data c:\Users\ASUS\AppData\Roaming\Code\User\workspaceStorage\d3041f1ac404f2711eac36abcf155074\redhat.java\ss_ws --pipe=\\.\pipe\lsp-bf2207256ab88f9119cbda9641e33710-sock

Host: AMD Ryzen 3 3250U with Radeon Graphics         , 4 cores, 5G,  Windows 11 , 64 bit Build 22621 (10.0.22621.5415)
Time: Mon Oct 20 13:30:44 2025 Sri Lanka Standard Time elapsed time: 9.216781 seconds (0d 0h 0m 9s)

---------------  T H R E A D  ---------------

Current thread (0x0000023db8cc56e0):  JavaThread "C2 CompilerThread0" daemon [_thread_in_native, id=4680, stack(0x000000f7e5c00000,0x000000f7e5d00000) (1024K)]


Current CompileTask:
C2:9216 2714       4       org.lombokweb.asm.ClassReader::readMethod (1070 bytes)

Stack: [0x000000f7e5c00000,0x000000f7e5d00000]
Native frames: (J=compiled Java code, j=interpreted, Vv=VM code, C=native code)
V  [jvm.dll+0x6d2449]
V  [jvm.dll+0x8ae341]
V  [jvm.dll+0x8b08be]
V  [jvm.dll+0x8b0fa3]
V  [jvm.dll+0x280c96]
V  [jvm.dll+0xc581d]
V  [jvm.dll+0xc5d53]
V  [jvm.dll+0x3b919c]
V  [jvm.dll+0x385315]
V  [jvm.dll+0x38477a]
V  [jvm.dll+0x248ed0]
V  [jvm.dll+0x2484af]
V  [jvm.dll+0x1c89ee]
V  [jvm.dll+0x257d4d]
V  [jvm.dll+0x2562ea]
V  [jvm.dll+0x3f2d16]
V  [jvm.dll+0x857e6b]
V  [jvm.dll+0x6d0b0d]
C  [ucrtbase.dll+0x29333]
C  [KERNEL32.DLL+0x1259d]
C  [ntdll.dll+0x5af78]


---------------  P R O C E S S  ---------------

Threads class SMR info:
_java_thread_list=0x0000023d802704e0, length=21, elements={
0x0000023da22de560, 0x0000023db8cba880, 0x0000023db8cbd420, 0x0000023db8cbe330,
0x0000023db8cbf240, 0x0000023db8cc1000, 0x0000023db8cc2640, 0x0000023db8cc56e0,
0x0000023db8d35180, 0x0000023da2349020, 0x0000023dfac53100, 0x0000023dff73c780,
0x0000023dff768220, 0x0000023dff768b50, 0x0000023dff5116e0, 0x0000023dff4ebdd0,
0x0000023dff1c5610, 0x0000023dff1c6040, 0x0000023dff240920, 0x0000023d80fb6770,
0x0000023d80100990
}

Java Threads: ( => current thread )
  0x0000023da22de560 JavaThread "main"                              [_thread_blocked, id=17348, stack(0x000000f7e5200000,0x000000f7e5300000) (1024K)]
  0x0000023db8cba880 JavaThread "Reference Handler"          daemon [_thread_blocked, id=1892, stack(0x000000f7e5600000,0x000000f7e5700000) (1024K)]
  0x0000023db8cbd420 JavaThread "Finalizer"                  daemon [_thread_blocked, id=15868, stack(0x000000f7e5700000,0x000000f7e5800000) (1024K)]
  0x0000023db8cbe330 JavaThread "Signal Dispatcher"          daemon [_thread_blocked, id=18252, stack(0x000000f7e5800000,0x000000f7e5900000) (1024K)]
  0x0000023db8cbf240 JavaThread "Attach Listener"            daemon [_thread_blocked, id=13660, stack(0x000000f7e5900000,0x000000f7e5a00000) (1024K)]
  0x0000023db8cc1000 JavaThread "Service Thread"             daemon [_thread_blocked, id=3172, stack(0x000000f7e5a00000,0x000000f7e5b00000) (1024K)]
  0x0000023db8cc2640 JavaThread "Monitor Deflation Thread"   daemon [_thread_blocked, id=4932, stack(0x000000f7e5b00000,0x000000f7e5c00000) (1024K)]
=>0x0000023db8cc56e0 JavaThread "C2 CompilerThread0"         daemon [_thread_in_native, id=4680, stack(0x000000f7e5c00000,0x000000f7e5d00000) (1024K)]
  0x0000023db8d35180 JavaThread "C1 CompilerThread0"         daemon [_thread_blocked, id=2320, stack(0x000000f7e5d00000,0x000000f7e5e00000) (1024K)]
  0x0000023da2349020 JavaThread "Common-Cleaner"             daemon [_thread_blocked, id=13924, stack(0x000000f7e5e00000,0x000000f7e5f00000) (1024K)]
  0x0000023dfac53100 JavaThread "Notification Thread"        daemon [_thread_blocked, id=14660, stack(0x000000f7e5f00000,0x000000f7e6000000) (1024K)]
  0x0000023dff73c780 JavaThread "Active Thread: Equinox Container: c1daba92-6aff-4b83-980b-17ba48c2dd83"        [_thread_blocked, id=9440, stack(0x000000f7e6300000,0x000000f7e6400000) (1024K)]
  0x0000023dff768220 JavaThread "Framework Event Dispatcher: Equinox Container: c1daba92-6aff-4b83-980b-17ba48c2dd83" daemon [_thread_blocked, id=3736, stack(0x000000f7e6400000,0x000000f7e6500000) (1024K)]
  0x0000023dff768b50 JavaThread "Start Level: Equinox Container: c1daba92-6aff-4b83-980b-17ba48c2dd83" daemon [_thread_in_vm, id=10380, stack(0x000000f7e6500000,0x000000f7e6600000) (1024K)]
  0x0000023dff5116e0 JavaThread "SCR Component Actor"        daemon [_thread_blocked, id=16140, stack(0x000000f7e6600000,0x000000f7e6700000) (1024K)]
  0x0000023dff4ebdd0 JavaThread "Worker-JM"                         [_thread_blocked, id=6088, stack(0x000000f7e6700000,0x000000f7e6800000) (1024K)]
  0x0000023dff1c5610 JavaThread "JNA Cleaner"                daemon [_thread_blocked, id=10480, stack(0x000000f7e6800000,0x000000f7e6900000) (1024K)]
  0x0000023dff1c6040 JavaThread "Worker-0"                          [_thread_blocked, id=4444, stack(0x000000f7e6900000,0x000000f7e6a00000) (1024K)]
  0x0000023dff240920 JavaThread "Worker-1"                          [_thread_blocked, id=13780, stack(0x000000f7e6a00000,0x000000f7e6b00000) (1024K)]
  0x0000023d80fb6770 JavaThread "Worker-2"                          [_thread_blocked, id=13320, stack(0x000000f7e6b00000,0x000000f7e6c00000) (1024K)]
  0x0000023d80100990 JavaThread "C2 CompilerThread1"         daemon [_thread_in_vm, id=16436, stack(0x000000f7e6c00000,0x000000f7e6d00000) (1024K)]
Total: 21

Other Threads:
  0x0000023da239ea40 VMThread "VM Thread"                           [id=12240, stack(0x000000f7e5500000,0x000000f7e5600000) (1024K)]
  0x0000023db8c5ca00 WatcherThread "VM Periodic Task Thread"        [id=17276, stack(0x000000f7e5400000,0x000000f7e5500000) (1024K)]
  0x0000023da22fb8b0 WorkerThread "GC Thread#0"                     [id=7052, stack(0x000000f7e5300000,0x000000f7e5400000) (1024K)]
  0x0000023dff080d00 WorkerThread "GC Thread#1"                     [id=14204, stack(0x000000f7e6000000,0x000000f7e6100000) (1024K)]
  0x0000023dff0810a0 WorkerThread "GC Thread#2"                     [id=4124, stack(0x000000f7e6100000,0x000000f7e6200000) (1024K)]
  0x0000023dff081440 WorkerThread "GC Thread#3"                     [id=3860, stack(0x000000f7e6200000,0x000000f7e6300000) (1024K)]
Total: 6

Threads with active compile tasks:
C2 CompilerThread0  9274 2714       4       org.lombokweb.asm.ClassReader::readMethod (1070 bytes)
C2 CompilerThread1  9274 2803       4       jdk.internal.module.SystemModuleFinders$SystemModuleReader::containsImageLocation (42 bytes)
Total: 2

VM state: not at safepoint (normal execution)

VM Mutex/Monitor currently owned by a thread: None

Heap address: 0x0000000080000000, size: 2048 MB, Compressed Oops mode: 32-bit

CDS archive(s) mapped at: [0x0000023db9000000-0x0000023db9ba0000-0x0000023db9ba0000), size 12189696, SharedBaseAddress: 0x0000023db9000000, ArchiveRelocationMode: 1.
Compressed class space mapped at: 0x0000023dba000000-0x0000023dfa000000, reserved size: 1073741824
Narrow klass base: 0x0000023db9000000, Narrow klass shift: 0, Narrow klass range: 0x100000000

GC Precious Log:
 CardTable entry size: 512
 CPUs: 4 total, 4 available
 Memory: 6094M
 Large Page Support: Disabled
 NUMA Support: Disabled
 Compressed Oops: Enabled (32-bit)
 Alignments: Space 512K, Generation 512K, Heap 2M
 Heap Min Capacity: 100M
 Heap Initial Capacity: 100M
 Heap Max Capacity: 2G
 Pre-touch: Disabled
 Parallel Workers: 4

Heap:
 PSYoungGen      total 29696K, used 21623K [0x00000000d5580000, 0x00000000d7780000, 0x0000000100000000)
  eden space 25088K, 86% used [0x00000000d5580000,0x00000000d6a9ddf8,0x00000000d6e00000)
  from space 4608K, 0% used [0x00000000d7300000,0x00000000d7300000,0x00000000d7780000)
  to   space 4608K, 0% used [0x00000000d6e80000,0x00000000d6e80000,0x00000000d7300000)
 ParOldGen       total 68608K, used 8674K [0x0000000080000000, 0x0000000084300000, 0x00000000d5580000)
  object space 68608K, 12% used [0x0000000080000000,0x00000000808789d0,0x0000000084300000)
 Metaspace       used 22186K, committed 22848K, reserved 1114112K
  class space    used 2145K, committed 2432K, reserved 1048576K

Card table byte_map: [0x0000023da1cb0000,0x0000023da20c0000] _byte_map_base: 0x0000023da18b0000

Marking Bits: (ParMarkBitMap*) 0x00007ff848bda340
 Begin Bits: [0x0000023db4780000, 0x0000023db6780000)
 End Bits:   [0x0000023db6780000, 0x0000023db8780000)

Polling page: 0x0000023da1aa0000

Metaspace:

Usage:
  Non-class:     19.57 MB used.
      Class:      2.09 MB used.
       Both:     21.67 MB used.

Virtual space:
  Non-class space:       64.00 MB reserved,      19.94 MB ( 31%) committed,  1 nodes.
      Class space:        1.00 GB reserved,       2.38 MB ( <1%) committed,  1 nodes.
             Both:        1.06 GB reserved,      22.31 MB (  2%) committed. 

Chunk freelists:
   Non-Class:  11.58 MB
       Class:  13.47 MB
        Both:  25.05 MB

MaxMetaspaceSize: unlimited
CompressedClassSpaceSize: 1.00 GB
Initial GC threshold: 21.00 MB
Current GC threshold: 35.00 MB
CDS: on
 - commit_granule_bytes: 65536.
 - commit_granule_words: 8192.
 - virtual_space_node_default_size: 8388608.
 - enlarge_chunks_in_place: 1.
 - use_allocation_guard: 0.


Internal statistics:

num_allocs_failed_limit: 3.
num_arena_births: 512.
num_arena_deaths: 14.
num_vsnodes_births: 2.
num_vsnodes_deaths: 0.
num_space_committed: 357.
num_space_uncommitted: 0.
num_chunks_returned_to_freelist: 17.
num_chunks_taken_from_freelist: 1367.
num_chunk_merges: 9.
num_chunk_splits: 885.
num_chunks_enlarged: 575.
num_inconsistent_stats: 0.

CodeHeap 'non-profiled nmethods': size=120000Kb used=1256Kb max_used=1256Kb free=118743Kb
 bounds [0x0000023dacfa0000, 0x0000023dad210000, 0x0000023db44d0000]
CodeHeap 'profiled nmethods': size=120000Kb used=5572Kb max_used=5572Kb free=114427Kb
 bounds [0x0000023da54d0000, 0x0000023da5a50000, 0x0000023daca00000]
CodeHeap 'non-nmethods': size=5760Kb used=1316Kb max_used=1334Kb free=4443Kb
 bounds [0x0000023daca00000, 0x0000023dacc70000, 0x0000023dacfa0000]
CodeCache: size=245760Kb, used=8144Kb, max_used=8162Kb, free=237613Kb
 total_blobs=3416, nmethods=2815, adapters=507, full_count=0
Compilation: enabled, stopped_count=0, restarted_count=0

Compilation events (20 events):
Event: 9.122 Thread 0x0000023db8d35180 nmethod 2784 0x0000023da5a23210 code [0x0000023da5a233c0, 0x0000023da5a23518]
Event: 9.134 Thread 0x0000023d80100990 nmethod 2773 0x0000023dad0d4010 code [0x0000023dad0d4280, 0x0000023dad0d4f38]
Event: 9.134 Thread 0x0000023d80100990 2715       4       org.lombokweb.asm.MethodVisitor::<init> (79 bytes)
Event: 9.135 Thread 0x0000023d80100990 nmethod 2715 0x0000023dad0d5910 code [0x0000023dad0d5aa0, 0x0000023dad0d5b70]
Event: 9.135 Thread 0x0000023d80100990 2776       4       org.lombokweb.asm.ClassReader::readShort (27 bytes)
Event: 9.136 Thread 0x0000023d80100990 nmethod 2776 0x0000023dad0d5c10 code [0x0000023dad0d5da0, 0x0000023dad0d5eb0]
Event: 9.147 Thread 0x0000023d80100990 2786       4       java.lang.StringLatin1::indexOf (25 bytes)
Event: 9.148 Thread 0x0000023d80100990 nmethod 2786 0x0000023dad0d5f90 code [0x0000023dad0d6120, 0x0000023dad0d6328]
Event: 9.151 Thread 0x0000023d80100990 2787       4       java.lang.String::indexOf (64 bytes)
Event: 9.152 Thread 0x0000023d80100990 nmethod 2787 0x0000023dad0d6410 code [0x0000023dad0d65a0, 0x0000023dad0d6800]
Event: 9.154 Thread 0x0000023db8d35180 2788 %     3       lombok.launch.PackageShader::apply @ 76 (252 bytes)
Event: 9.156 Thread 0x0000023db8d35180 nmethod 2788% 0x0000023da5a23610 code [0x0000023da5a23880, 0x0000023da5a246f0]
Event: 9.157 Thread 0x0000023db8d35180 2789       3       lombok.launch.PackageShader::apply (252 bytes)
Event: 9.159 Thread 0x0000023db8d35180 nmethod 2789 0x0000023da5a24e90 code [0x0000023da5a250e0, 0x0000023da5a25ba0]
Event: 9.160 Thread 0x0000023db8d35180 2790       3       java.net.URI$Parser::checkChar (14 bytes)
Event: 9.160 Thread 0x0000023db8d35180 nmethod 2790 0x0000023da5a26190 code [0x0000023da5a26340, 0x0000023da5a26498]
Event: 9.161 Thread 0x0000023db8d35180 2791       3       org.eclipse.osgi.internal.hookregistry.ClassLoaderHook::preFindLocalResource (1 bytes)
Event: 9.162 Thread 0x0000023db8d35180 nmethod 2791 0x0000023da5a26590 code [0x0000023da5a26720, 0x0000023da5a26828]
Event: 9.162 Thread 0x0000023db8d35180 2792       3       org.eclipse.osgi.internal.hookregistry.ClassLoaderHook::postFindLocalResource (1 bytes)
Event: 9.162 Thread 0x0000023db8d35180 nmethod 2792 0x0000023da5a26890 code [0x0000023da5a26a20, 0x0000023da5a26b28]

GC Heap History (14 events):
Event: 3.095 GC heap before
{Heap before GC invocations=1 (full 0):
 PSYoungGen      total 29696K, used 25600K [0x00000000d5580000, 0x00000000d7680000, 0x0000000100000000)
  eden space 25600K, 100% used [0x00000000d5580000,0x00000000d6e80000,0x00000000d6e80000)
  from space 4096K, 0% used [0x00000000d7280000,0x00000000d7280000,0x00000000d7680000)
  to   space 4096K, 0% used [0x00000000d6e80000,0x00000000d6e80000,0x00000000d7280000)
 ParOldGen       total 68608K, used 0K [0x0000000080000000, 0x0000000084300000, 0x00000000d5580000)
  object space 68608K, 0% used [0x0000000080000000,0x0000000080000000,0x0000000084300000)
 Metaspace       used 4348K, committed 4608K, reserved 1114112K
  class space    used 472K, committed 576K, reserved 1048576K
}
Event: 3.107 GC heap after
{Heap after GC invocations=1 (full 0):
 PSYoungGen      total 29696K, used 3335K [0x00000000d5580000, 0x00000000d7680000, 0x0000000100000000)
  eden space 25600K, 0% used [0x00000000d5580000,0x00000000d5580000,0x00000000d6e80000)
  from space 4096K, 81% used [0x00000000d6e80000,0x00000000d71c1e18,0x00000000d7280000)
  to   space 4096K, 0% used [0x00000000d7280000,0x00000000d7280000,0x00000000d7680000)
 ParOldGen       total 68608K, used 16K [0x0000000080000000, 0x0000000084300000, 0x00000000d5580000)
  object space 68608K, 0% used [0x0000000080000000,0x0000000080004000,0x0000000084300000)
 Metaspace       used 4348K, committed 4608K, reserved 1114112K
  class space    used 472K, committed 576K, reserved 1048576K
}
Event: 4.938 GC heap before
{Heap before GC invocations=2 (full 0):
 PSYoungGen      total 29696K, used 28935K [0x00000000d5580000, 0x00000000d7680000, 0x0000000100000000)
  eden space 25600K, 100% used [0x00000000d5580000,0x00000000d6e80000,0x00000000d6e80000)
  from space 4096K, 81% used [0x00000000d6e80000,0x00000000d71c1e18,0x00000000d7280000)
  to   space 4096K, 0% used [0x00000000d7280000,0x00000000d7280000,0x00000000d7680000)
 ParOldGen       total 68608K, used 16K [0x0000000080000000, 0x0000000084300000, 0x00000000d5580000)
  object space 68608K, 0% used [0x0000000080000000,0x0000000080004000,0x0000000084300000)
 Metaspace       used 8175K, committed 8448K, reserved 1114112K
  class space    used 870K, committed 1024K, reserved 1048576K
}
Event: 4.948 GC heap after
{Heap after GC invocations=2 (full 0):
 PSYoungGen      total 29696K, used 4075K [0x00000000d5580000, 0x00000000d7680000, 0x0000000100000000)
  eden space 25600K, 0% used [0x00000000d5580000,0x00000000d5580000,0x00000000d6e80000)
  from space 4096K, 99% used [0x00000000d7280000,0x00000000d767af78,0x00000000d7680000)
  to   space 4096K, 0% used [0x00000000d6e80000,0x00000000d6e80000,0x00000000d7280000)
 ParOldGen       total 68608K, used 945K [0x0000000080000000, 0x0000000084300000, 0x00000000d5580000)
  object space 68608K, 1% used [0x0000000080000000,0x00000000800ec6b8,0x0000000084300000)
 Metaspace       used 8175K, committed 8448K, reserved 1114112K
  class space    used 870K, committed 1024K, reserved 1048576K
}
Event: 6.310 GC heap before
{Heap before GC invocations=3 (full 0):
 PSYoungGen      total 29696K, used 29675K [0x00000000d5580000, 0x00000000d7680000, 0x0000000100000000)
  eden space 25600K, 100% used [0x00000000d5580000,0x00000000d6e80000,0x00000000d6e80000)
  from space 4096K, 99% used [0x00000000d7280000,0x00000000d767af78,0x00000000d7680000)
  to   space 4096K, 0% used [0x00000000d6e80000,0x00000000d6e80000,0x00000000d7280000)
 ParOldGen       total 68608K, used 945K [0x0000000080000000, 0x0000000084300000, 0x00000000d5580000)
  object space 68608K, 1% used [0x0000000080000000,0x00000000800ec6b8,0x0000000084300000)
 Metaspace       used 12997K, committed 13568K, reserved 1114112K
  class space    used 1379K, committed 1600K, reserved 1048576K
}
Event: 6.318 GC heap after
{Heap after GC invocations=3 (full 0):
 PSYoungGen      total 29696K, used 4086K [0x00000000d5580000, 0x00000000d7680000, 0x0000000100000000)
  eden space 25600K, 0% used [0x00000000d5580000,0x00000000d5580000,0x00000000d6e80000)
  from space 4096K, 99% used [0x00000000d6e80000,0x00000000d727d868,0x00000000d7280000)
  to   space 4096K, 0% used [0x00000000d7280000,0x00000000d7280000,0x00000000d7680000)
 ParOldGen       total 68608K, used 2659K [0x0000000080000000, 0x0000000084300000, 0x00000000d5580000)
  object space 68608K, 3% used [0x0000000080000000,0x0000000080298f58,0x0000000084300000)
 Metaspace       used 12997K, committed 13568K, reserved 1114112K
  class space    used 1379K, committed 1600K, reserved 1048576K
}
Event: 7.957 GC heap before
{Heap before GC invocations=4 (full 0):
 PSYoungGen      total 29696K, used 29686K [0x00000000d5580000, 0x00000000d7680000, 0x0000000100000000)
  eden space 25600K, 100% used [0x00000000d5580000,0x00000000d6e80000,0x00000000d6e80000)
  from space 4096K, 99% used [0x00000000d6e80000,0x00000000d727d868,0x00000000d7280000)
  to   space 4096K, 0% used [0x00000000d7280000,0x00000000d7280000,0x00000000d7680000)
 ParOldGen       total 68608K, used 2659K [0x0000000080000000, 0x0000000084300000, 0x00000000d5580000)
  object space 68608K, 3% used [0x0000000080000000,0x0000000080298f58,0x0000000084300000)
 Metaspace       used 17138K, committed 17856K, reserved 1114112K
  class space    used 1795K, committed 2112K, reserved 1048576K
}
Event: 7.969 GC heap after
{Heap after GC invocations=4 (full 0):
 PSYoungGen      total 29696K, used 4090K [0x00000000d5580000, 0x00000000d7680000, 0x0000000100000000)
  eden space 25600K, 0% used [0x00000000d5580000,0x00000000d5580000,0x00000000d6e80000)
  from space 4096K, 99% used [0x00000000d7280000,0x00000000d767ebf8,0x00000000d7680000)
  to   space 4096K, 0% used [0x00000000d6e80000,0x00000000d6e80000,0x00000000d7280000)
 ParOldGen       total 68608K, used 4361K [0x0000000080000000, 0x0000000084300000, 0x00000000d5580000)
  object space 68608K, 6% used [0x0000000080000000,0x0000000080442548,0x0000000084300000)
 Metaspace       used 17138K, committed 17856K, reserved 1114112K
  class space    used 1795K, committed 2112K, reserved 1048576K
}
Event: 8.686 GC heap before
{Heap before GC invocations=5 (full 0):
 PSYoungGen      total 29696K, used 29648K [0x00000000d5580000, 0x00000000d7680000, 0x0000000100000000)
  eden space 25600K, 99% used [0x00000000d5580000,0x00000000d6e755c0,0x00000000d6e80000)
  from space 4096K, 99% used [0x00000000d7280000,0x00000000d767ebf8,0x00000000d7680000)
  to   space 4096K, 0% used [0x00000000d6e80000,0x00000000d6e80000,0x00000000d7280000)
 ParOldGen       total 68608K, used 4361K [0x0000000080000000, 0x0000000084300000, 0x00000000d5580000)
  object space 68608K, 6% used [0x0000000080000000,0x0000000080442548,0x0000000084300000)
 Metaspace       used 20323K, committed 20992K, reserved 1114112K
  class space    used 2016K, committed 2304K, reserved 1048576K
}
Event: 8.695 GC heap after
{Heap after GC invocations=5 (full 0):
 PSYoungGen      total 29184K, used 4092K [0x00000000d5580000, 0x00000000d7800000, 0x0000000100000000)
  eden space 25088K, 0% used [0x00000000d5580000,0x00000000d5580000,0x00000000d6e00000)
  from space 4096K, 99% used [0x00000000d6e80000,0x00000000d727f288,0x00000000d7280000)
  to   space 5120K, 0% used [0x00000000d7300000,0x00000000d7300000,0x00000000d7800000)
 ParOldGen       total 68608K, used 4575K [0x0000000080000000, 0x0000000084300000, 0x00000000d5580000)
  object space 68608K, 6% used [0x0000000080000000,0x0000000080477e20,0x0000000084300000)
 Metaspace       used 20323K, committed 20992K, reserved 1114112K
  class space    used 2016K, committed 2304K, reserved 1048576K
}
Event: 8.747 GC heap before
{Heap before GC invocations=6 (full 0):
 PSYoungGen      total 29184K, used 9801K [0x00000000d5580000, 0x00000000d7800000, 0x0000000100000000)
  eden space 25088K, 22% used [0x00000000d5580000,0x00000000d5b13360,0x00000000d6e00000)
  from space 4096K, 99% used [0x00000000d6e80000,0x00000000d727f288,0x00000000d7280000)
  to   space 5120K, 0% used [0x00000000d7300000,0x00000000d7300000,0x00000000d7800000)
 ParOldGen       total 68608K, used 4575K [0x0000000080000000, 0x0000000084300000, 0x00000000d5580000)
  object space 68608K, 6% used [0x0000000080000000,0x0000000080477e20,0x0000000084300000)
 Metaspace       used 20863K, committed 21504K, reserved 1114112K
  class space    used 2053K, committed 2368K, reserved 1048576K
}
Event: 8.754 GC heap after
{Heap after GC invocations=6 (full 0):
 PSYoungGen      total 29696K, used 4461K [0x00000000d5580000, 0x00000000d7780000, 0x0000000100000000)
  eden space 25088K, 0% used [0x00000000d5580000,0x00000000d5580000,0x00000000d6e00000)
  from space 4608K, 96% used [0x00000000d7300000,0x00000000d775b780,0x00000000d7780000)
  to   space 4608K, 0% used [0x00000000d6e80000,0x00000000d6e80000,0x00000000d7300000)
 ParOldGen       total 68608K, used 4575K [0x0000000080000000, 0x0000000084300000, 0x00000000d5580000)
  object space 68608K, 6% used [0x0000000080000000,0x0000000080477e20,0x0000000084300000)
 Metaspace       used 20863K, committed 21504K, reserved 1114112K
  class space    used 2053K, committed 2368K, reserved 1048576K
}
Event: 8.754 GC heap before
{Heap before GC invocations=7 (full 1):
 PSYoungGen      total 29696K, used 4461K [0x00000000d5580000, 0x00000000d7780000, 0x0000000100000000)
  eden space 25088K, 0% used [0x00000000d5580000,0x00000000d5580000,0x00000000d6e00000)
  from space 4608K, 96% used [0x00000000d7300000,0x00000000d775b780,0x00000000d7780000)
  to   space 4608K, 0% used [0x00000000d6e80000,0x00000000d6e80000,0x00000000d7300000)
 ParOldGen       total 68608K, used 4575K [0x0000000080000000, 0x0000000084300000, 0x00000000d5580000)
  object space 68608K, 6% used [0x0000000080000000,0x0000000080477e20,0x0000000084300000)
 Metaspace       used 20863K, committed 21504K, reserved 1114112K
  class space    used 2053K, committed 2368K, reserved 1048576K
}
Event: 8.803 GC heap after
{Heap after GC invocations=7 (full 1):
 PSYoungGen      total 29696K, used 0K [0x00000000d5580000, 0x00000000d7780000, 0x0000000100000000)
  eden space 25088K, 0% used [0x00000000d5580000,0x00000000d5580000,0x00000000d6e00000)
  from space 4608K, 0% used [0x00000000d7300000,0x00000000d7300000,0x00000000d7780000)
  to   space 4608K, 0% used [0x00000000d6e80000,0x00000000d6e80000,0x00000000d7300000)
 ParOldGen       total 68608K, used 8674K [0x0000000080000000, 0x0000000084300000, 0x00000000d5580000)
  object space 68608K, 12% used [0x0000000080000000,0x00000000808789d0,0x0000000084300000)
 Metaspace       used 20850K, committed 21504K, reserved 1114112K
  class space    used 2050K, committed 2368K, reserved 1048576K
}

Dll operation events (10 events):
Event: 0.015 Loaded shared library c:\Users\ASUS\.vscode\extensions\redhat.java-1.46.0-win32-x64\jre\21.0.8-win32-x86_64\bin\java.dll
Event: 0.183 Loaded shared library c:\Users\ASUS\.vscode\extensions\redhat.java-1.46.0-win32-x64\jre\21.0.8-win32-x86_64\bin\zip.dll
Event: 0.263 Loaded shared library C:\Users\ASUS\.vscode\extensions\redhat.java-1.46.0-win32-x64\jre\21.0.8-win32-x86_64\bin\instrument.dll
Event: 0.292 Loaded shared library C:\Users\ASUS\.vscode\extensions\redhat.java-1.46.0-win32-x64\jre\21.0.8-win32-x86_64\bin\net.dll
Event: 0.294 Loaded shared library C:\Users\ASUS\.vscode\extensions\redhat.java-1.46.0-win32-x64\jre\21.0.8-win32-x86_64\bin\nio.dll
Event: 0.299 Loaded shared library C:\Users\ASUS\.vscode\extensions\redhat.java-1.46.0-win32-x64\jre\21.0.8-win32-x86_64\bin\zip.dll
Event: 0.355 Loaded shared library C:\Users\ASUS\.vscode\extensions\redhat.java-1.46.0-win32-x64\jre\21.0.8-win32-x86_64\bin\jimage.dll
Event: 0.582 Loaded shared library c:\Users\ASUS\.vscode\extensions\redhat.java-1.46.0-win32-x64\jre\21.0.8-win32-x86_64\bin\verify.dll
Event: 4.883 Loaded shared library C:\Users\ASUS\AppData\Roaming\Code\User\globalStorage\redhat.java\1.46.0\config_ss_win\org.eclipse.equinox.launcher\org.eclipse.equinox.launcher.win32.win32.x86_64_1.2.1400.v20250801-0854\eclipse_11916.dll
Event: 7.162 Loaded shared library C:\Users\ASUS\AppData\Local\Temp\jna-2018896\jna9875136270930070515.dll

Deoptimization events (20 events):
Event: 7.791 Thread 0x0000023dff768b50 DEOPT PACKING pc=0x0000023dad093a94 sp=0x000000f7e65f2ee0
Event: 7.791 Thread 0x0000023dff768b50 DEOPT UNPACKING pc=0x0000023daca53aa2 sp=0x000000f7e65f2e88 mode 2
Event: 7.791 Thread 0x0000023dff768b50 Uncommon trap: trap_request=0xffffffde fr.pc=0x0000023dad093a94 relative=0x00000000000003b4
Event: 7.791 Thread 0x0000023dff768b50 Uncommon trap: reason=class_check action=maybe_recompile pc=0x0000023dad093a94 method=java.util.regex.Pattern$BmpCharPropertyGreedy.match(Ljava/util/regex/Matcher;ILjava/lang/CharSequence;)Z @ 70 c2
Event: 7.791 Thread 0x0000023dff768b50 DEOPT PACKING pc=0x0000023dad093a94 sp=0x000000f7e65f30a0
Event: 7.791 Thread 0x0000023dff768b50 DEOPT UNPACKING pc=0x0000023daca53aa2 sp=0x000000f7e65f3048 mode 2
Event: 7.791 Thread 0x0000023dff768b50 Uncommon trap: trap_request=0xffffffde fr.pc=0x0000023dad093a94 relative=0x00000000000003b4
Event: 7.791 Thread 0x0000023dff768b50 Uncommon trap: reason=class_check action=maybe_recompile pc=0x0000023dad093a94 method=java.util.regex.Pattern$BmpCharPropertyGreedy.match(Ljava/util/regex/Matcher;ILjava/lang/CharSequence;)Z @ 70 c2
Event: 7.791 Thread 0x0000023dff768b50 DEOPT PACKING pc=0x0000023dad093a94 sp=0x000000f7e65f2ef0
Event: 7.791 Thread 0x0000023dff768b50 DEOPT UNPACKING pc=0x0000023daca53aa2 sp=0x000000f7e65f2e98 mode 2
Event: 8.631 Thread 0x0000023dff768b50 Uncommon trap: trap_request=0xffffff6e fr.pc=0x0000023dad0cc178 relative=0x0000000000000af8
Event: 8.631 Thread 0x0000023dff768b50 Uncommon trap: reason=loop_limit_check action=maybe_recompile pc=0x0000023dad0cc178 method=java.util.regex.Pattern$StartS.match(Ljava/util/regex/Matcher;ILjava/lang/CharSequence;)Z @ 34 c2
Event: 8.631 Thread 0x0000023dff768b50 DEOPT PACKING pc=0x0000023dad0cc178 sp=0x000000f7e65f25e0
Event: 8.631 Thread 0x0000023dff768b50 DEOPT UNPACKING pc=0x0000023daca53aa2 sp=0x000000f7e65f2550 mode 2
Event: 8.678 Thread 0x0000023dff768b50 Uncommon trap: trap_request=0xffffff45 fr.pc=0x0000023dad0cebec relative=0x000000000000014c
Event: 8.678 Thread 0x0000023dff768b50 Uncommon trap: reason=unstable_if action=reinterpret pc=0x0000023dad0cebec method=org.lombokweb.asm.ByteVector.putByteArray([BII)Lorg/lombokweb/asm/ByteVector; @ 20 c2
Event: 8.678 Thread 0x0000023dff768b50 DEOPT PACKING pc=0x0000023dad0cebec sp=0x000000f7e65ee960
Event: 8.678 Thread 0x0000023dff768b50 DEOPT UNPACKING pc=0x0000023daca53aa2 sp=0x000000f7e65ee930 mode 2
Event: 9.000 Thread 0x0000023dff768b50 DEOPT PACKING pc=0x0000023da594253e sp=0x000000f7e65f94b0
Event: 9.000 Thread 0x0000023dff768b50 DEOPT UNPACKING pc=0x0000023daca54242 sp=0x000000f7e65f89f0 mode 0

Classes loaded (20 events):
Event: 7.849 Loading class java/io/StringReader
Event: 7.849 Loading class java/io/StringReader done
Event: 7.863 Loading class java/net/SocketTimeoutException
Event: 7.863 Loading class java/io/InterruptedIOException
Event: 7.863 Loading class java/io/InterruptedIOException done
Event: 7.863 Loading class java/net/SocketTimeoutException done
Event: 7.863 Loading class java/net/SocketException
Event: 7.863 Loading class java/net/SocketException done
Event: 7.863 Loading class java/net/UnknownHostException
Event: 7.863 Loading class java/net/UnknownHostException done
Event: 7.863 Loading class java/net/ProtocolException
Event: 7.863 Loading class java/net/ProtocolException done
Event: 7.947 Loading class java/lang/ThreadLocal$SuppliedThreadLocal
Event: 7.947 Loading class java/lang/ThreadLocal$SuppliedThreadLocal done
Event: 7.952 Loading class java/io/FileWriter
Event: 7.952 Loading class java/io/FileWriter done
Event: 8.279 Loading class java/lang/NegativeArraySizeException
Event: 8.279 Loading class java/lang/NegativeArraySizeException done
Event: 8.996 Loading class org/w3c/dom/DOMException
Event: 8.996 Loading class org/w3c/dom/DOMException done

Classes unloaded (7 events):
Event: 8.763 Thread 0x0000023da239ea40 Unloading class 0x0000023dba18d400 'java/lang/invoke/LambdaForm$MH+0x0000023dba18d400'
Event: 8.763 Thread 0x0000023da239ea40 Unloading class 0x0000023dba18d000 'java/lang/invoke/LambdaForm$MH+0x0000023dba18d000'
Event: 8.763 Thread 0x0000023da239ea40 Unloading class 0x0000023dba18cc00 'java/lang/invoke/LambdaForm$MH+0x0000023dba18cc00'
Event: 8.763 Thread 0x0000023da239ea40 Unloading class 0x0000023dba18c800 'java/lang/invoke/LambdaForm$MH+0x0000023dba18c800'
Event: 8.763 Thread 0x0000023da239ea40 Unloading class 0x0000023dba18c400 'java/lang/invoke/LambdaForm$BMH+0x0000023dba18c400'
Event: 8.763 Thread 0x0000023da239ea40 Unloading class 0x0000023dba18c000 'java/lang/invoke/LambdaForm$DMH+0x0000023dba18c000'
Event: 8.763 Thread 0x0000023da239ea40 Unloading class 0x0000023dba18ac00 'java/lang/invoke/LambdaForm$DMH+0x0000023dba18ac00'

Classes redefined (0 events):
No events

Internal exceptions (20 events):
Event: 7.201 Thread 0x0000023dff768b50 Exception <a 'java/lang/NoSuchMethodError'{0x00000000d63abb50}: 'void java.lang.invoke.DelegatingMethodHandle$Holder.reinvoke_L(java.lang.Object, java.lang.Object, int)'> (0x00000000d63abb50) 
thrown [s\src\hotspot\share\interpreter\linkResolver.cpp, line 773]
Event: 7.202 Thread 0x0000023dff768b50 Exception <a 'java/lang/NoSuchMethodError'{0x00000000d63b2838}: 'int java.lang.invoke.Invokers$Holder.invokeExact_MT(java.lang.Object, java.lang.Object, java.lang.Object)'> (0x00000000d63b2838) 
thrown [s\src\hotspot\share\interpreter\linkResolver.cpp, line 773]
Event: 7.279 Thread 0x0000023dff768b50 Exception <a 'java/lang/NoSuchMethodError'{0x00000000d64ab418}: 'void java.lang.invoke.Invokers$Holder.invokeExact_MT(java.lang.Object, java.lang.Object, int, java.lang.Object)'> (0x00000000d64ab418) 
thrown [s\src\hotspot\share\interpreter\linkResolver.cpp, line 773]
Event: 7.387 Thread 0x0000023dff768b50 Exception <a 'java/lang/NoSuchMethodError'{0x00000000d65c7c50}: 'java.lang.Object java.lang.invoke.DirectMethodHandle$Holder.invokeSpecial(java.lang.Object, java.lang.Object, java.lang.Object, long, java.lang.Object)'> (0x00000000d65c7c50) 
thrown [s\src\hotspot\share\interpreter\linkResolver.cpp, line 773]
Event: 7.388 Thread 0x0000023dff768b50 Exception <a 'java/lang/NoSuchMethodError'{0x00000000d65cf498}: 'java.lang.Object java.lang.invoke.DirectMethodHandle$Holder.newInvokeSpecial(java.lang.Object, java.lang.Object, java.lang.Object, long)'> (0x00000000d65cf498) 
thrown [s\src\hotspot\share\interpreter\linkResolver.cpp, line 773]
Event: 7.390 Thread 0x0000023dff768b50 Exception <a 'java/lang/NoSuchMethodError'{0x00000000d65d3888}: 'java.lang.Object java.lang.invoke.DirectMethodHandle$Holder.invokeSpecial(java.lang.Object, java.lang.Object, java.lang.Object, java.lang.Object, long)'> (0x00000000d65d3888) 
thrown [s\src\hotspot\share\interpreter\linkResolver.cpp, line 773]
Event: 7.391 Thread 0x0000023dff768b50 Exception <a 'java/lang/NoSuchMethodError'{0x00000000d65d74a8}: 'java.lang.Object java.lang.invoke.Invokers$Holder.linkToTargetMethod(java.lang.Object, java.lang.Object, long, java.lang.Object)'> (0x00000000d65d74a8) 
thrown [s\src\hotspot\share\interpreter\linkResolver.cpp, line 773]
Event: 7.441 Thread 0x0000023dff768b50 Exception <a 'java/lang/NoSuchMethodError'{0x00000000d66492c8}: 'int java.lang.invoke.DirectMethodHandle$Holder.invokeStaticInit(java.lang.Object, java.lang.Object, java.lang.Object)'> (0x00000000d66492c8) 
thrown [s\src\hotspot\share\interpreter\linkResolver.cpp, line 773]
Event: 7.476 Thread 0x0000023dff768b50 Exception <a 'java/lang/IncompatibleClassChangeError'{0x00000000d66cb3b0}: Found class java.lang.Object, but interface was expected> (0x00000000d66cb3b0) 
thrown [s\src\hotspot\share\interpreter\linkResolver.cpp, line 840]
Event: 7.482 Thread 0x0000023dff768b50 Exception <a 'java/lang/NoSuchMethodError'{0x00000000d66de6b0}: 'java.lang.Object java.lang.invoke.DirectMethodHandle$Holder.invokeSpecial(java.lang.Object, java.lang.Object, java.lang.Object, int, java.lang.Object, java.lang.Object)'> (0x00000000d66de6b0) 
thrown [s\src\hotspot\share\interpreter\linkResolver.cpp, line 773]
Event: 7.483 Thread 0x0000023dff768b50 Exception <a 'java/lang/NoSuchMethodError'{0x00000000d66e6188}: 'java.lang.Object java.lang.invoke.DirectMethodHandle$Holder.newInvokeSpecial(java.lang.Object, java.lang.Object, java.lang.Object, int, java.lang.Object)'> (0x00000000d66e6188) 
thrown [s\src\hotspot\share\interpreter\linkResolver.cpp, line 773]
Event: 7.484 Thread 0x0000023dff768b50 Exception <a 'java/lang/NoSuchMethodError'{0x00000000d66ea148}: 'java.lang.Object java.lang.invoke.DirectMethodHandle$Holder.invokeSpecial(java.lang.Object, java.lang.Object, java.lang.Object, java.lang.Object, int, java.lang.Object)'> (0x00000000d66ea148) 
thrown [s\src\hotspot\share\interpreter\linkResolver.cpp, line 773]
Event: 7.485 Thread 0x0000023dff768b50 Exception <a 'java/lang/NoSuchMethodError'{0x00000000d66edc88}: 'java.lang.Object java.lang.invoke.Invokers$Holder.linkToTargetMethod(java.lang.Object, java.lang.Object, int, java.lang.Object, java.lang.Object)'> (0x00000000d66edc88) 
thrown [s\src\hotspot\share\interpreter\linkResolver.cpp, line 773]
Event: 7.486 Thread 0x0000023dff1c6040 Exception <a 'java/lang/NoSuchMethodError'{0x00000000d6615378}: 'java.lang.Object java.lang.invoke.DirectMethodHandle$Holder.invokeSpecial(java.lang.Object, java.lang.Object, int, java.lang.Object, java.lang.Object)'> (0x00000000d6615378) 
thrown [s\src\hotspot\share\interpreter\linkResolver.cpp, line 773]
Event: 7.487 Thread 0x0000023dff1c6040 Exception <a 'java/lang/NoSuchMethodError'{0x00000000d661c0b0}: 'java.lang.Object java.lang.invoke.DirectMethodHandle$Holder.newInvokeSpecial(java.lang.Object, java.lang.Object, int, java.lang.Object)'> (0x00000000d661c0b0) 
thrown [s\src\hotspot\share\interpreter\linkResolver.cpp, line 773]
Event: 7.487 Thread 0x0000023dff1c6040 Exception <a 'java/lang/NoSuchMethodError'{0x00000000d661f9d0}: 'java.lang.Object java.lang.invoke.DirectMethodHandle$Holder.invokeSpecial(java.lang.Object, java.lang.Object, java.lang.Object, int, java.lang.Object)'> (0x00000000d661f9d0) 
thrown [s\src\hotspot\share\interpreter\linkResolver.cpp, line 773]
Event: 7.569 Thread 0x0000023dff768b50 Exception <a 'java/lang/NoSuchMethodError'{0x00000000d680e780}: 'void java.lang.invoke.DirectMethodHandle$Holder.invokeSpecial(java.lang.Object, java.lang.Object, java.lang.Object, java.lang.Object, java.lang.Object)'> (0x00000000d680e780) 
thrown [s\src\hotspot\share\interpreter\linkResolver.cpp, line 773]
Event: 7.758 Thread 0x0000023dff768b50 Exception <a 'java/lang/NoSuchMethodError'{0x00000000d6a20668}: 'double java.lang.invoke.DirectMethodHandle$Holder.invokeStatic(java.lang.Object, java.lang.Object)'> (0x00000000d6a20668) 
thrown [s\src\hotspot\share\interpreter\linkResolver.cpp, line 773]
Event: 7.759 Thread 0x0000023dff768b50 Exception <a 'java/lang/NoSuchMethodError'{0x00000000d6a23d28}: 'double java.lang.invoke.DirectMethodHandle$Holder.invokeStaticInit(java.lang.Object, java.lang.Object)'> (0x00000000d6a23d28) 
thrown [s\src\hotspot\share\interpreter\linkResolver.cpp, line 773]
Event: 8.678 Thread 0x0000023dff768b50 Implicit null exception at 0x0000023dad0ceaf5 to 0x0000023dad0cebd0

ZGC Phase Switch (0 events):
No events

VM Operations (20 events):
Event: 5.813 Executing VM operation: HandshakeAllThreads (Deoptimize)
Event: 5.813 Executing VM operation: HandshakeAllThreads (Deoptimize) done
Event: 6.287 Executing VM operation: ICBufferFull
Event: 6.287 Executing VM operation: ICBufferFull done
Event: 6.310 Executing VM operation: ParallelGCFailedAllocation (Allocation Failure)
Event: 6.318 Executing VM operation: ParallelGCFailedAllocation (Allocation Failure) done
Event: 6.497 Executing VM operation: HandshakeAllThreads (Deoptimize)
Event: 6.497 Executing VM operation: HandshakeAllThreads (Deoptimize) done
Event: 6.504 Executing VM operation: HandshakeAllThreads (Deoptimize)
Event: 6.504 Executing VM operation: HandshakeAllThreads (Deoptimize) done
Event: 6.542 Executing VM operation: HandshakeAllThreads (Deoptimize)
Event: 6.542 Executing VM operation: HandshakeAllThreads (Deoptimize) done
Event: 7.176 Executing VM operation: HandshakeAllThreads (Deoptimize)
Event: 7.176 Executing VM operation: HandshakeAllThreads (Deoptimize) done
Event: 7.957 Executing VM operation: ParallelGCFailedAllocation (Allocation Failure)
Event: 7.969 Executing VM operation: ParallelGCFailedAllocation (Allocation Failure) done
Event: 8.686 Executing VM operation: ParallelGCFailedAllocation (Allocation Failure)
Event: 8.696 Executing VM operation: ParallelGCFailedAllocation (Allocation Failure) done
Event: 8.747 Executing VM operation: CollectForMetadataAllocation (Metadata GC Threshold)
Event: 8.803 Executing VM operation: CollectForMetadataAllocation (Metadata GC Threshold) done

Memory protections (0 events):
No events

Nmethod flushes (0 events):
No events

Events (20 events):
Event: 0.960 Thread 0x0000023db8d35180 Thread added: 0x0000023dfacb7370
Event: 2.151 Thread 0x0000023dfacb7370 Thread exited: 0x0000023dfacb7370
Event: 3.637 Thread 0x0000023db8d35180 Thread added: 0x0000023dff598430
Event: 4.309 Thread 0x0000023dff598430 Thread exited: 0x0000023dff598430
Event: 4.345 Thread 0x0000023da22de560 Thread added: 0x0000023dff73c780
Event: 4.870 Thread 0x0000023da22de560 Thread added: 0x0000023dff768220
Event: 4.878 Thread 0x0000023da22de560 Thread added: 0x0000023dff768b50
Event: 5.183 Thread 0x0000023dff768b50 Thread added: 0x0000023dff5116e0
Event: 5.383 Thread 0x0000023db8d35180 Thread added: 0x0000023dff4ebdd0
Event: 5.803 Thread 0x0000023dff4ebdd0 Thread exited: 0x0000023dff4ebdd0
Event: 5.954 Thread 0x0000023dff768b50 Thread added: 0x0000023dff4ebdd0
Event: 6.565 Thread 0x0000023db8d35180 Thread added: 0x0000023dfaa075b0
Event: 6.990 Thread 0x0000023dfaa075b0 Thread exited: 0x0000023dfaa075b0
Event: 7.260 Thread 0x0000023dff768b50 Thread added: 0x0000023dff1c5610
Event: 7.395 Thread 0x0000023dff768b50 Thread added: 0x0000023dff1c6040
Event: 7.487 Thread 0x0000023dff768b50 Thread added: 0x0000023dff240920
Event: 7.798 Thread 0x0000023db8d35180 Thread added: 0x0000023d80302b10
Event: 8.304 Thread 0x0000023d80302b10 Thread exited: 0x0000023d80302b10
Event: 8.829 Thread 0x0000023dff240920 Thread added: 0x0000023d80fb6770
Event: 9.068 Thread 0x0000023db8d35180 Thread added: 0x0000023d80100990


Dynamic libraries:
0x00007ff7b5880000 - 0x00007ff7b588e000 	c:\Users\ASUS\.vscode\extensions\redhat.java-1.46.0-win32-x64\jre\21.0.8-win32-x86_64\bin\java.exe
0x00007ff880870000 - 0x00007ff880a87000 	C:\WINDOWS\SYSTEM32\ntdll.dll
0x00007ff87f160000 - 0x00007ff87f224000 	C:\WINDOWS\System32\KERNEL32.DLL
0x00007ff87d960000 - 0x00007ff87dd32000 	C:\WINDOWS\System32\KERNELBASE.dll
0x00007ff87dd40000 - 0x00007ff87de51000 	C:\WINDOWS\System32\ucrtbase.dll
0x00007ff86c180000 - 0x00007ff86c198000 	c:\Users\ASUS\.vscode\extensions\redhat.java-1.46.0-win32-x64\jre\21.0.8-win32-x86_64\bin\jli.dll
0x00007ff86b9f0000 - 0x00007ff86ba0e000 	c:\Users\ASUS\.vscode\extensions\redhat.java-1.46.0-win32-x64\jre\21.0.8-win32-x86_64\bin\VCRUNTIME140.dll
0x00007ff87ea70000 - 0x00007ff87ec21000 	C:\WINDOWS\System32\USER32.dll
0x00007ff87e390000 - 0x00007ff87e3b6000 	C:\WINDOWS\System32\win32u.dll
0x00007ff87ea40000 - 0x00007ff87ea69000 	C:\WINDOWS\System32\GDI32.dll
0x00007ff86d960000 - 0x00007ff86dbfb000 	C:\WINDOWS\WinSxS\amd64_microsoft.windows.common-controls_6595b64144ccf1df_6.0.22621.5415_none_270d77d17387d7da\COMCTL32.dll
0x00007ff87e050000 - 0x00007ff87e173000 	C:\WINDOWS\System32\gdi32full.dll
0x00007ff87f560000 - 0x00007ff87f607000 	C:\WINDOWS\System32\msvcrt.dll
0x00007ff87e180000 - 0x00007ff87e21a000 	C:\WINDOWS\System32\msvcp_win.dll
0x00007ff87ecc0000 - 0x00007ff87ecf1000 	C:\WINDOWS\System32\IMM32.DLL
0x00007ff86d050000 - 0x00007ff86d05c000 	c:\Users\ASUS\.vscode\extensions\redhat.java-1.46.0-win32-x64\jre\21.0.8-win32-x86_64\bin\vcruntime140_1.dll
0x00007ff84b440000 - 0x00007ff84b4cd000 	c:\Users\ASUS\.vscode\extensions\redhat.java-1.46.0-win32-x64\jre\21.0.8-win32-x86_64\bin\msvcp140.dll
0x00007ff847f20000 - 0x00007ff848cb7000 	c:\Users\ASUS\.vscode\extensions\redhat.java-1.46.0-win32-x64\jre\21.0.8-win32-x86_64\bin\server\jvm.dll
0x00007ff87ed00000 - 0x00007ff87edb1000 	C:\WINDOWS\System32\ADVAPI32.dll
0x00007ff87e990000 - 0x00007ff87ea38000 	C:\WINDOWS\System32\sechost.dll
0x00007ff87e020000 - 0x00007ff87e048000 	C:\WINDOWS\System32\bcrypt.dll
0x00007ff8800d0000 - 0x00007ff8801e4000 	C:\WINDOWS\System32\RPCRT4.dll
0x00007ff87ec40000 - 0x00007ff87ecb1000 	C:\WINDOWS\System32\WS2_32.dll
0x00007ff87d830000 - 0x00007ff87d87d000 	C:\WINDOWS\SYSTEM32\POWRPROF.dll
0x00007ff8795e0000 - 0x00007ff879614000 	C:\WINDOWS\SYSTEM32\WINMM.dll
0x00007ff878fd0000 - 0x00007ff878fda000 	C:\WINDOWS\SYSTEM32\VERSION.dll
0x00007ff87d810000 - 0x00007ff87d823000 	C:\WINDOWS\SYSTEM32\UMPDC.dll
0x00007ff87c950000 - 0x00007ff87c968000 	C:\WINDOWS\SYSTEM32\kernel.appcore.dll
0x00007ff86c170000 - 0x00007ff86c17a000 	c:\Users\ASUS\.vscode\extensions\redhat.java-1.46.0-win32-x64\jre\21.0.8-win32-x86_64\bin\jimage.dll
0x00007ff87b260000 - 0x00007ff87b493000 	C:\WINDOWS\SYSTEM32\DBGHELP.DLL
0x00007ff87edc0000 - 0x00007ff87f153000 	C:\WINDOWS\System32\combase.dll
0x00007ff87e800000 - 0x00007ff87e8d7000 	C:\WINDOWS\System32\OLEAUT32.dll
0x00007ff8678e0000 - 0x00007ff867912000 	C:\WINDOWS\SYSTEM32\dbgcore.DLL
0x00007ff87e480000 - 0x00007ff87e4fb000 	C:\WINDOWS\System32\bcryptPrimitives.dll
0x00007ff86b920000 - 0x00007ff86b92f000 	c:\Users\ASUS\.vscode\extensions\redhat.java-1.46.0-win32-x64\jre\21.0.8-win32-x86_64\bin\instrument.dll
0x00007ff86a490000 - 0x00007ff86a4af000 	c:\Users\ASUS\.vscode\extensions\redhat.java-1.46.0-win32-x64\jre\21.0.8-win32-x86_64\bin\java.dll
0x00007ff87f820000 - 0x00007ff8800c2000 	C:\WINDOWS\System32\SHELL32.dll
0x00007ff87dee0000 - 0x00007ff87e01f000 	C:\WINDOWS\System32\wintypes.dll
0x00007ff87b840000 - 0x00007ff87c15e000 	C:\WINDOWS\SYSTEM32\windows.storage.dll
0x00007ff87e500000 - 0x00007ff87e60b000 	C:\WINDOWS\System32\SHCORE.dll
0x00007ff87f610000 - 0x00007ff87f679000 	C:\WINDOWS\System32\shlwapi.dll
0x00007ff87d890000 - 0x00007ff87d8bb000 	C:\WINDOWS\SYSTEM32\profapi.dll
0x00007ff85f510000 - 0x00007ff85f528000 	c:\Users\ASUS\.vscode\extensions\redhat.java-1.46.0-win32-x64\jre\21.0.8-win32-x86_64\bin\zip.dll
0x00007ff86a540000 - 0x00007ff86a550000 	C:\Users\ASUS\.vscode\extensions\redhat.java-1.46.0-win32-x64\jre\21.0.8-win32-x86_64\bin\net.dll
0x00007ff8787a0000 - 0x00007ff8788cc000 	C:\WINDOWS\SYSTEM32\WINHTTP.dll
0x00007ff87cdc0000 - 0x00007ff87ce29000 	C:\WINDOWS\system32\mswsock.dll
0x00007ff850470000 - 0x00007ff850486000 	C:\Users\ASUS\.vscode\extensions\redhat.java-1.46.0-win32-x64\jre\21.0.8-win32-x86_64\bin\nio.dll
0x00007ff85a5d0000 - 0x00007ff85a5e0000 	c:\Users\ASUS\.vscode\extensions\redhat.java-1.46.0-win32-x64\jre\21.0.8-win32-x86_64\bin\verify.dll
0x00007ff85f560000 - 0x00007ff85f5a4000 	C:\Users\ASUS\AppData\Roaming\Code\User\globalStorage\redhat.java\1.46.0\config_ss_win\org.eclipse.equinox.launcher\org.eclipse.equinox.launcher.win32.win32.x86_64_1.2.1400.v20250801-0854\eclipse_11916.dll
0x00007ff87f680000 - 0x00007ff87f820000 	C:\WINDOWS\System32\ole32.dll
0x00007ff87d110000 - 0x00007ff87d12b000 	C:\WINDOWS\SYSTEM32\CRYPTSP.dll
0x00007ff87c8b0000 - 0x00007ff87c8e7000 	C:\WINDOWS\system32\rsaenh.dll
0x00007ff87ce60000 - 0x00007ff87ce88000 	C:\WINDOWS\SYSTEM32\USERENV.dll
0x00007ff87d0f0000 - 0x00007ff87d0fc000 	C:\WINDOWS\SYSTEM32\CRYPTBASE.dll
0x00007ff87c400000 - 0x00007ff87c42d000 	C:\WINDOWS\SYSTEM32\IPHLPAPI.DLL
0x00007ff87e780000 - 0x00007ff87e789000 	C:\WINDOWS\System32\NSI.dll
0x00007ff8598b0000 - 0x00007ff8598f9000 	C:\Users\ASUS\AppData\Local\Temp\jna-2018896\jna9875136270930070515.dll
0x00007ff87e7f0000 - 0x00007ff87e7f8000 	C:\WINDOWS\System32\PSAPI.DLL

JVMTI agents:
c:\Users\ASUS\.vscode\extensions\redhat.java-1.46.0-win32-x64\lombok\lombok-1.18.39-4050.jar path:c:\Users\ASUS\.vscode\extensions\redhat.java-1.46.0-win32-x64\jre\21.0.8-win32-x86_64\bin\instrument.dll, loaded, initialized, instrumentlib options:none

dbghelp: loaded successfully - version: 4.0.5 - missing functions: none
symbol engine: initialized successfully - sym options: 0x614 - pdb path: .;c:\Users\ASUS\.vscode\extensions\redhat.java-1.46.0-win32-x64\jre\21.0.8-win32-x86_64\bin;C:\WINDOWS\SYSTEM32;C:\WINDOWS\WinSxS\amd64_microsoft.windows.common-controls_6595b64144ccf1df_6.0.22621.5415_none_270d77d17387d7da;c:\Users\ASUS\.vscode\extensions\redhat.java-1.46.0-win32-x64\jre\21.0.8-win32-x86_64\bin\server;C:\Users\ASUS\AppData\Roaming\Code\User\globalStorage\redhat.java\1.46.0\config_ss_win\org.eclipse.equinox.launcher\org.eclipse.equinox.launcher.win32.win32.x86_64_1.2.1400.v20250801-0854;C:\Users\ASUS\AppData\Local\Temp\jna-2018896

VM Arguments:
jvm_args: --add-modules=ALL-SYSTEM --add-opens=java.base/java.util=ALL-UNNAMED --add-opens=java.base/java.lang=ALL-UNNAMED --add-opens=java.base/sun.nio.fs=ALL-UNNAMED -Declipse.application=org.eclipse.jdt.ls.core.id1 -Dosgi.bundles.defaultStartLevel=4 -Declipse.product=org.eclipse.jdt.ls.core.product -Djava.import.generatesMetadataFilesAtProjectRoot=false -DDetectVMInstallationsJob.disabled=true -Dfile.encoding=utf8 -XX:+UseParallelGC -XX:GCTimeRatio=4 -XX:AdaptiveSizePolicyWeight=90 -Dsun.zip.disableMemoryMapping=true -Xmx2G -Xms100m -Xlog:disable -javaagent:c:\Users\ASUS\.vscode\extensions\redhat.java-1.46.0-win32-x64\lombok\lombok-1.18.39-4050.jar 
java_command: c:\Users\ASUS\.vscode\extensions\redhat.java-1.46.0-win32-x64\server\plugins\org.eclipse.equinox.launcher_1.7.0.v20250519-0528.jar -configuration c:\Users\ASUS\AppData\Roaming\Code\User\globalStorage\redhat.java\1.46.0\config_ss_win -data c:\Users\ASUS\AppData\Roaming\Code\User\workspaceStorage\d3041f1ac404f2711eac36abcf155074\redhat.java\ss_ws --pipe=\\.\pipe\lsp-bf2207256ab88f9119cbda9641e33710-sock
java_class_path (initial): c:\Users\ASUS\.vscode\extensions\redhat.java-1.46.0-win32-x64\server\plugins\org.eclipse.equinox.launcher_1.7.0.v20250519-0528.jar
Launcher Type: SUN_STANDARD

[Global flags]
    uintx AdaptiveSizePolicyWeight                 = 90                                        {product} {command line}
     intx CICompilerCount                          = 3                                         {product} {ergonomic}
    uintx GCTimeRatio                              = 4                                         {product} {command line}
   size_t InitialHeapSize                          = 104857600                                 {product} {command line}
   size_t MaxHeapSize                              = 2147483648                                {product} {command line}
   size_t MaxNewSize                               = 715653120                                 {product} {ergonomic}
   size_t MinHeapDeltaBytes                        = 524288                                    {product} {ergonomic}
   size_t MinHeapSize                              = 104857600                                 {product} {command line}
   size_t NewSize                                  = 34603008                                  {product} {ergonomic}
    uintx NonNMethodCodeHeapSize                   = 5832780                                {pd product} {ergonomic}
    uintx NonProfiledCodeHeapSize                  = 122912730                              {pd product} {ergonomic}
   size_t OldSize                                  = 70254592                                  {product} {ergonomic}
    uintx ProfiledCodeHeapSize                     = 122912730                              {pd product} {ergonomic}
    uintx ReservedCodeCacheSize                    = 251658240                              {pd product} {ergonomic}
     bool SegmentedCodeCache                       = true                                      {product} {ergonomic}
   size_t SoftMaxHeapSize                          = 2147483648                             {manageable} {ergonomic}
     bool UseCompressedOops                        = true                           {product lp64_product} {ergonomic}
     bool UseLargePagesIndividualAllocation        = false                                  {pd product} {ergonomic}
     bool UseParallelGC                            = true                                      {product} {command line}

Logging:
Log output configuration:
 #0: stdout all=off uptime,level,tags foldmultilines=false
 #1: stderr all=off uptime,level,tags foldmultilines=false

Environment Variables:
JAVA_HOME=C:\Program Files\Java\jdk-21
PATH=C:\Program Files\Java\jdk-21\bin;C:\Program Files\Common Files\Oracle\Java\javapath;C:\Program Files (x86)\Common Files\Oracle\Java\javapath;C:\WINDOWS\system32;C:\WINDOWS;C:\WINDOWS\System32\Wbem;C:\WINDOWS\System32\WindowsPowerShell\v1.0\;C:\WINDOWS\System32\OpenSSH\;C:\Program Files (x86)\Bitvise SSH Client;C:\iverilog\bin\;C:\Program Files\Java\jdk-19\bin;C:\Program Files\Git\cmd;C:\Users\ASUS\AppData\Local\Programs\Python\Python311;D:\avr8-gnu-toolchain-win32_x86_64\bin;D:\avr;C:\Program Files\Docker\Docker\resources\bin;D:\mongosh-2.2.6-win32-x64\bin;C:\Program Files\nodejs\;C:\Program Files\Java\jdk-21\bin;C:\Users\ASUS\scoop\shims;C:\Users\ASUS\AppData\Local\Microsoft\WindowsApps;C:\Users\ASUS\AppData\Local\GitHubDesktop\bin;C:\Users\ASUS\AppData\Local\Programs\Python\Python311;C:\Users\ASUS\AppData\Local\Programs\Python\Python311\Scripts;D:\IntelliJ IDEA 2024.1.3\bin;;C:\Users\ASUS\AppData\Roaming\npm;C:\Users\ASUS\AppData\Local\Programs\Microsoft VS Code\bin
USERNAME=ASUS
OS=Windows_NT
PROCESSOR_IDENTIFIER=AMD64 Family 23 Model 24 Stepping 1, AuthenticAMD
TMP=C:\Users\ASUS\AppData\Local\Temp
TEMP=C:\Users\ASUS\AppData\Local\Temp




Periodic native trim disabled

---------------  S Y S T E M  ---------------

OS:
 Windows 11 , 64 bit Build 22621 (10.0.22621.5415)
OS uptime: 0 days 1:56 hours
Hyper-V role detected

CPU: total 4 (initial active 4) (4 cores per cpu, 2 threads per core) family 23 model 24 stepping 1 microcode 0x0, cx8, cmov, fxsr, ht, mmx, 3dnowpref, sse, sse2, sse3, ssse3, sse4a, sse4.1, sse4.2, popcnt, lzcnt, tsc, tscinvbit, avx, avx2, aes, clmul, bmi1, bmi2, adx, sha, fma, vzeroupper, clflush, clflushopt, hv, rdtscp, f16c
Processor Information for the first 4 processors :
  Max Mhz: 2600, Current Mhz: 2600, Mhz Limit: 2600

Memory: 4k page, system-wide physical 6094M (460M free)
TotalPageFile size 14286M (AvailPageFile size 6M)
current process WorkingSet (physical memory assigned to process): 142M, peak: 142M
current process commit charge ("private bytes"): 269M, peak: 269M

vm_info: OpenJDK 64-Bit Server VM (21.0.8+9-LTS) for windows-amd64 JRE (21.0.8+9-LTS), built on 2025-07-15T00:00:00Z by "admin" with MS VC++ 17.7 (VS2022)

END.
